This file contains any messages produced by compilers while
running configure, to aid debugging if configure makes a mistake.

It was created by tdbcpostgres configure 1.1.12, which was
generated by GNU Autoconf 2.72.  Invocation command line was

  $ /src/third_party/tcl-8.6.17/pkgs/tdbcpostgres1.1.12/configure --with-tcl=../.. --with-tclinclude=/src/third_party/tcl-8.6.17/generic --prefix=/usr --sysconfdir=/etc --mandir=/usr/share/man --localstatedir=/var --with-system-sqlite --disable-64bit --libdir=/usr/lib --enable-shared --enable-threads

## --------- ##
## Platform. ##
## --------- ##

hostname = 70f4bd37f537
uname -m = i686
uname -r = 6.12.76-linuxkit
uname -s = Linux
uname -v = #1 SMP Tue Jul 21 14:38:37 UTC 2026

/usr/bin/uname -p = unknown
/bin/uname -X     = unknown

/bin/arch              = i686
/usr/bin/arch -k       = unknown
/usr/convex/getsysinfo = unknown
/usr/bin/hostinfo      = unknown
/bin/machine           = unknown
/usr/bin/oslevel       = unknown
/bin/universe          = unknown

PATH: /usr/local/sbin/
PATH: /usr/local/bin/
PATH: /usr/sbin/
PATH: /usr/bin/
PATH: /sbin/
PATH: /bin/


## ----------- ##
## Core tests. ##
## ----------- ##

configure:2748: checking TEA configuration
configure:2754: result: ok (TEA 3.13)
configure:2841: configuring tdbcpostgres 1.1.12
configure:2871: checking system version
configure:2899: result: Linux-6.12.76-linuxkit
configure:2948: checking for Tcl configuration
configure:3088: result: found /src/third_party/tcl-8.6.17/unix/tclConfig.sh
configure:3156: checking for gcc
configure:3177: found /usr/bin/gcc
configure:3189: result: gcc
configure:3548: checking for C compiler version
configure:3557: gcc --version >&5
gcc (Alpine 15.2.0) 15.2.0
Copyright (C) 2025 Free Software Foundation, Inc.
This is free software; see the source for copying conditions.  There is NO
warranty; not even for MERCHANTABILITY or FITNESS FOR A PARTICULAR PURPOSE.

configure:3568: $? = 0
configure:3557: gcc -v >&5
Using built-in specs.
COLLECT_GCC=gcc
COLLECT_LTO_WRAPPER=/usr/libexec/gcc/i586-alpine-linux-musl/15.2.0/lto-wrapper
Target: i586-alpine-linux-musl
Configured with: /home/buildozer/aports/main/gcc/src/gcc-15.2.0/configure --prefix=/usr --mandir=/usr/share/man --infodir=/usr/share/info --build=i586-alpine-linux-musl --host=i586-alpine-linux-musl --target=i586-alpine-linux-musl --enable-checking=release --disable-cet --disable-fixed-point --disable-libstdcxx-pch --disable-multilib --disable-nls --disable-werror --disable-symvers --enable-__cxa_atexit --enable-default-pie --enable-default-ssp --enable-languages=c,c++,objc,go,fortran,ada --enable-link-serialization=2 --enable-linker-build-id --with-arch=pentium-m --with-fpmath=sse --with-tune=generic --enable-cld --disable-libssp --disable-libsanitizer --enable-shared --enable-threads --enable-tls --with-bugurl=https://gitlab.alpinelinux.org/alpine/aports/-/issues --with-system-zlib --with-linker-hash-style=gnu --with-pkgversion='Alpine 15.2.0'
Thread model: posix
Supported LTO compression algorithms: zlib
gcc version 15.2.0 (Alpine 15.2.0) 
configure:3568: $? = 0
configure:3557: gcc -V >&5
gcc: error: unrecognized command-line option '-V'
gcc: fatal error: no input files
compilation terminated.
configure:3568: $? = 1
configure:3557: gcc -qversion >&5
gcc: error: unrecognized command-line option '-qversion'; did you mean '--version'?
gcc: fatal error: no input files
compilation terminated.
configure:3568: $? = 1
configure:3557: gcc -version >&5
gcc: error: unrecognized command-line option '-version'
gcc: fatal error: no input files
compilation terminated.
configure:3568: $? = 1
configure:3588: checking whether the C compiler works
configure:3610: gcc    conftest.c  >&5
configure:3614: $? = 0
configure:3665: result: yes
configure:3669: checking for C compiler default output file name
configure:3671: result: a.out
configure:3677: checking for suffix of executables
configure:3684: gcc -o conftest    conftest.c  >&5
configure:3688: $? = 0
configure:3712: result: 
configure:3736: checking whether we are cross compiling
configure:3744: gcc -o conftest    conftest.c  >&5
configure:3748: $? = 0
configure:3755: ./conftest
configure:3759: $? = 0
configure:3774: result: no
configure:3780: checking for suffix of object files
configure:3803: gcc -c   conftest.c >&5
configure:3807: $? = 0
configure:3831: result: o
configure:3835: checking whether the compiler supports GNU C
configure:3855: gcc -c   conftest.c >&5
configure:3855: $? = 0
configure:3867: result: yes
configure:3878: checking whether gcc accepts -g
configure:3899: gcc -c -g  conftest.c >&5
configure:3899: $? = 0
configure:3946: result: yes
configure:3966: checking for gcc option to enable C11 features
configure:3981: gcc  -c   conftest.c >&5
configure:3981: $? = 0
configure:4000: result: none needed
configure:4120: checking for existence of /src/third_party/tcl-8.6.17/unix/tclConfig.sh
configure:4124: result: loading
configure:4178: checking platform
configure:4196: gcc -c   conftest.c >&5
configure:4196: $? = 0
configure:4255: result: unix
configure:4323: checking for tdbc configuration
configure:4413: result: found /src/third_party/tcl-8.6.17/unix/pkgs/tdbc1.1.12/tdbcConfig.sh
configure:4419: checking for existence of /src/third_party/tcl-8.6.17/unix/pkgs/tdbc1.1.12/tdbcConfig.sh
configure:4423: result: loading
configure:4441: WARNING: Found Makefile - using build library specs for tdbc
configure:4514: checking For tdbc_STUB library for LIBS
configure:4547: result: using tdbc_STUB_LIB_SPEC -L/src/third_party/tcl-8.6.17/unix/pkgs/tdbc1.1.12 -ltdbcstub1.1.12
configure:4561: WARNING: Looking for "/src/third_party/tcl-8.6.17/unix/pkgs/tdbc1.1.12/Makefile"
configure:4564: WARNING: Found Makefile - using build include spec and lib specs for tdbc
configure:4596: --exec-prefix defaulting to TCL_EXEC_PREFIX /usr
configure:4672: checking for gcc
configure:4705: result: gcc
configure:5064: checking for C compiler version
configure:5073: gcc --version >&5
gcc (Alpine 15.2.0) 15.2.0
Copyright (C) 2025 Free Software Foundation, Inc.
This is free software; see the source for copying conditions.  There is NO
warranty; not even for MERCHANTABILITY or FITNESS FOR A PARTICULAR PURPOSE.

configure:5084: $? = 0
configure:5073: gcc -v >&5
Using built-in specs.
COLLECT_GCC=gcc
COLLECT_LTO_WRAPPER=/usr/libexec/gcc/i586-alpine-linux-musl/15.2.0/lto-wrapper
Target: i586-alpine-linux-musl
Configured with: /home/buildozer/aports/main/gcc/src/gcc-15.2.0/configure --prefix=/usr --mandir=/usr/share/man --infodir=/usr/share/info --build=i586-alpine-linux-musl --host=i586-alpine-linux-musl --target=i586-alpine-linux-musl --enable-checking=release --disable-cet --disable-fixed-point --disable-libstdcxx-pch --disable-multilib --disable-nls --disable-werror --disable-symvers --enable-__cxa_atexit --enable-default-pie --enable-default-ssp --enable-languages=c,c++,objc,go,fortran,ada --enable-link-serialization=2 --enable-linker-build-id --with-arch=pentium-m --with-fpmath=sse --with-tune=generic --enable-cld --disable-libssp --disable-libsanitizer --enable-shared --enable-threads --enable-tls --with-bugurl=https://gitlab.alpinelinux.org/alpine/aports/-/issues --with-system-zlib --with-linker-hash-style=gnu --with-pkgversion='Alpine 15.2.0'
Thread model: posix
Supported LTO compression algorithms: zlib
gcc version 15.2.0 (Alpine 15.2.0) 
configure:5084: $? = 0
configure:5073: gcc -V >&5
gcc: error: unrecognized command-line option '-V'
gcc: fatal error: no input files
compilation terminated.
configure:5084: $? = 1
configure:5073: gcc -qversion >&5
gcc: error: unrecognized command-line option '-qversion'; did you mean '--version'?
gcc: fatal error: no input files
compilation terminated.
configure:5084: $? = 1
configure:5073: gcc -version >&5
gcc: error: unrecognized command-line option '-version'
gcc: fatal error: no input files
compilation terminated.
configure:5084: $? = 1
configure:5088: checking whether the compiler supports GNU C
configure:5120: result: yes
configure:5131: checking whether gcc accepts -g
configure:5199: result: yes
configure:5219: checking for gcc option to enable C11 features
configure:5253: result: none needed
configure:5376: checking how to run the C preprocessor
configure:5402: gcc -E  conftest.c
configure:5402: $? = 0
configure:5418: gcc -E  conftest.c
conftest.c:10:10: fatal error: ac_nonexistent.h: No such file or directory
   10 | #include <ac_nonexistent.h>
      |          ^~~~~~~~~~~~~~~~~~
compilation terminated.
configure:5418: $? = 1
configure: failed program was:
| /* confdefs.h */
| #define PACKAGE_NAME "tdbcpostgres"
| #define PACKAGE_TARNAME "tdbcpostgres"
| #define PACKAGE_VERSION "1.1.12"
| #define PACKAGE_STRING "tdbcpostgres 1.1.12"
| #define PACKAGE_BUGREPORT ""
| #define PACKAGE_URL ""
| #define BUILD_tdbcpostgres /**/
| /* end confdefs.h.  */
| #include <ac_nonexistent.h>
configure:5447: result: gcc -E
configure:5461: gcc -E  conftest.c
configure:5461: $? = 0
configure:5477: gcc -E  conftest.c
conftest.c:10:10: fatal error: ac_nonexistent.h: No such file or directory
   10 | #include <ac_nonexistent.h>
      |          ^~~~~~~~~~~~~~~~~~
compilation terminated.
configure:5477: $? = 1
configure: failed program was:
| /* confdefs.h */
| #define PACKAGE_NAME "tdbcpostgres"
| #define PACKAGE_TARNAME "tdbcpostgres"
| #define PACKAGE_VERSION "1.1.12"
| #define PACKAGE_STRING "tdbcpostgres 1.1.12"
| #define PACKAGE_BUGREPORT ""
| #define PACKAGE_URL ""
| #define BUILD_tdbcpostgres /**/
| /* end confdefs.h.  */
| #include <ac_nonexistent.h>
configure:5514: checking whether make sets $(MAKE)
configure:5538: result: yes
configure:5601: checking for ranlib
configure:5622: found /usr/bin/ranlib
configure:5634: result: ranlib
configure:5668: checking for stdio.h
configure:5668: gcc -c   conftest.c >&5
configure:5668: $? = 0
configure:5668: result: yes
configure:5668: checking for stdlib.h
configure:5668: gcc -c   conftest.c >&5
configure:5668: $? = 0
configure:5668: result: yes
configure:5668: checking for string.h
configure:5668: gcc -c   conftest.c >&5
configure:5668: $? = 0
configure:5668: result: yes
configure:5668: checking for inttypes.h
configure:5668: gcc -c   conftest.c >&5
configure:5668: $? = 0
configure:5668: result: yes
configure:5668: checking for stdint.h
configure:5668: gcc -c   conftest.c >&5
configure:5668: $? = 0
configure:5668: result: yes
configure:5668: checking for strings.h
configure:5668: gcc -c   conftest.c >&5
configure:5668: $? = 0
configure:5668: result: yes
configure:5668: checking for sys/stat.h
configure:5668: gcc -c   conftest.c >&5
configure:5668: $? = 0
configure:5668: result: yes
configure:5668: checking for sys/types.h
configure:5668: gcc -c   conftest.c >&5
configure:5668: $? = 0
configure:5668: result: yes
configure:5668: checking for unistd.h
configure:5668: gcc -c   conftest.c >&5
configure:5668: $? = 0
configure:5668: result: yes
configure:5703: checking if the compiler understands -pipe
configure:5722: gcc -c  -pipe  conftest.c >&5
configure:5722: $? = 0
configure:5733: result: yes
configure:5750: checking whether byte ordering is bigendian
configure:5766: gcc -c  -pipe  conftest.c >&5
conftest.c:22:16: error: unknown type name 'not'
   22 |                not a universal capable compiler
      |                ^~~
conftest.c:22:22: error: expected '=', ',', ';', 'asm' or '__attribute__' before 'universal'
   22 |                not a universal capable compiler
      |                      ^~~~~~~~~
conftest.c:22:22: error: unknown type name 'universal'
configure:5766: $? = 1
configure: failed program was:
| /* confdefs.h */
| #define PACKAGE_NAME "tdbcpostgres"
| #define PACKAGE_TARNAME "tdbcpostgres"
| #define PACKAGE_VERSION "1.1.12"
| #define PACKAGE_STRING "tdbcpostgres 1.1.12"
| #define PACKAGE_BUGREPORT ""
| #define PACKAGE_URL ""
| #define BUILD_tdbcpostgres /**/
| #define HAVE_STDIO_H 1
| #define HAVE_STDLIB_H 1
| #define HAVE_STRING_H 1
| #define HAVE_INTTYPES_H 1
| #define HAVE_STDINT_H 1
| #define HAVE_STRINGS_H 1
| #define HAVE_SYS_STAT_H 1
| #define HAVE_SYS_TYPES_H 1
| #define HAVE_UNISTD_H 1
| #define STDC_HEADERS 1
| #define Tcl_Size int
| /* end confdefs.h.  */
| #ifndef __APPLE_CC__
| 	       not a universal capable compiler
| 	     #endif
| 	     typedef int dummy;
| 
configure:5812: gcc -c  -pipe  conftest.c >&5
configure:5812: $? = 0
configure:5831: gcc -c  -pipe  conftest.c >&5
conftest.c: In function 'main':
conftest.c:28:18: error: unknown type name 'not'; did you mean 'ino_t'?
   28 |                  not big endian
      |                  ^~~
      |                  ino_t
conftest.c:28:26: error: expected '=', ',', ';', 'asm' or '__attribute__' before 'endian'
   28 |                  not big endian
      |                          ^~~~~~
configure:5831: $? = 1
configure: failed program was:
| /* confdefs.h */
| #define PACKAGE_NAME "tdbcpostgres"
| #define PACKAGE_TARNAME "tdbcpostgres"
| #define PACKAGE_VERSION "1.1.12"
| #define PACKAGE_STRING "tdbcpostgres 1.1.12"
| #define PACKAGE_BUGREPORT ""
| #define PACKAGE_URL ""
| #define BUILD_tdbcpostgres /**/
| #define HAVE_STDIO_H 1
| #define HAVE_STDLIB_H 1
| #define HAVE_STRING_H 1
| #define HAVE_INTTYPES_H 1
| #define HAVE_STDINT_H 1
| #define HAVE_STRINGS_H 1
| #define HAVE_SYS_STAT_H 1
| #define HAVE_SYS_TYPES_H 1
| #define HAVE_UNISTD_H 1
| #define STDC_HEADERS 1
| #define Tcl_Size int
| /* end confdefs.h.  */
| #include <sys/types.h>
| 		#include <sys/param.h>
| 
| int
| main (void)
| {
| #if BYTE_ORDER != BIG_ENDIAN
| 		 not big endian
| 		#endif
| 
|   ;
|   return 0;
| }
configure:5972: result: no
configure:5994: checking for inline
configure:6011: gcc -c  -pipe  conftest.c >&5
configure:6011: $? = 0
configure:6021: result: inline
configure:6039: checking for long long
configure:6039: gcc -c  -pipe  conftest.c >&5
configure:6039: $? = 0
configure:6039: gcc -c  -pipe  conftest.c >&5
conftest.c: In function 'main':
conftest.c:52:24: error: expected expression before ')' token
   52 | if (sizeof ((long long)))
      |                        ^
configure:6039: $? = 1
configure: failed program was:
| /* confdefs.h */
| #define PACKAGE_NAME "tdbcpostgres"
| #define PACKAGE_TARNAME "tdbcpostgres"
| #define PACKAGE_VERSION "1.1.12"
| #define PACKAGE_STRING "tdbcpostgres 1.1.12"
| #define PACKAGE_BUGREPORT ""
| #define PACKAGE_URL ""
| #define BUILD_tdbcpostgres /**/
| #define HAVE_STDIO_H 1
| #define HAVE_STDLIB_H 1
| #define HAVE_STRING_H 1
| #define HAVE_INTTYPES_H 1
| #define HAVE_STDINT_H 1
| #define HAVE_STRINGS_H 1
| #define HAVE_SYS_STAT_H 1
| #define HAVE_SYS_TYPES_H 1
| #define HAVE_UNISTD_H 1
| #define STDC_HEADERS 1
| #define Tcl_Size int
| /* end confdefs.h.  */
| #include <stddef.h>
| #ifdef HAVE_STDIO_H
| # include <stdio.h>
| #endif
| #ifdef HAVE_STDLIB_H
| # include <stdlib.h>
| #endif
| #ifdef HAVE_STRING_H
| # include <string.h>
| #endif
| #ifdef HAVE_INTTYPES_H
| # include <inttypes.h>
| #endif
| #ifdef HAVE_STDINT_H
| # include <stdint.h>
| #endif
| #ifdef HAVE_STRINGS_H
| # include <strings.h>
| #endif
| #ifdef HAVE_SYS_TYPES_H
| # include <sys/types.h>
| #endif
| #ifdef HAVE_SYS_STAT_H
| # include <sys/stat.h>
| #endif
| #ifdef HAVE_UNISTD_H
| # include <unistd.h>
| #endif
| int
| main (void)
| {
| if (sizeof ((long long)))
| 	    return 0;
|   ;
|   return 0;
| }
configure:6039: result: yes
configure:6049: checking size of long long
configure:6055: gcc -o conftest  -pipe   conftest.c  >&5
configure:6055: $? = 0
configure:6055: ./conftest
configure:6055: $? = 0
configure:6072: result: 8
configure:6087: checking size of long
configure:6093: gcc -o conftest  -pipe   conftest.c  >&5
configure:6093: $? = 0
configure:6093: ./conftest
configure:6093: $? = 0
configure:6110: result: 4
configure:6308: checking for Tcl public headers
configure:6382: result: /src/third_party/tcl-8.6.17/generic
configure:6445: checking for pthread_mutex_init in -lpthread
configure:6474: gcc -o conftest  -pipe   conftest.c -lpthread   >&5
configure:6474: $? = 0
configure:6486: result: yes
configure:6733: checking for building with threads
configure:6739: result: yes (default)
configure:6768: checking how to build libraries
configure:6806: result: shared
configure:6896: checking for ranlib
configure:6929: result: ranlib
configure:6956: checking if 64bit support is requested
configure:6967: result: no
configure:6972: checking if 64bit Sparc VIS support is requested
configure:6983: result: no
configure:6994: checking if compiler supports visibility "hidden"
configure:7015: gcc -o conftest  -pipe -Werror   conftest.c  >&5
configure:7015: $? = 0
configure:7027: result: yes
configure:7043: checking if rpath support is requested
configure:7054: result: yes
configure:7061: checking system version
configure:7089: result: Linux-6.12.76-linuxkit
configure:7177: checking for ar
configure:7198: found /usr/bin/ar
configure:7210: result: ar
configure:8989: checking for cast to union support
configure:9009: gcc -c  -pipe  conftest.c >&5
configure:9009: $? = 0
configure:9020: result: yes
configure:9028: checking for stdbool.h
configure:9028: gcc -c  -pipe  conftest.c >&5
configure:9028: $? = 0
configure:9028: result: yes
configure:9054: checking for required early compiler flags
configure:9073: gcc -c  -pipe  conftest.c >&5
configure:9073: $? = 0
configure:9166: result: none
configure:9174: checking for 64-bit integer type
configure:9194: gcc -c  -pipe  conftest.c >&5
conftest.c: In function 'main':
conftest.c:38:1: error: unknown type name '__int64'
   38 | __int64 value = (__int64) 0;
      | ^~~~~~~
conftest.c:38:18: error: '__int64' undeclared (first use in this function)
   38 | __int64 value = (__int64) 0;
      |                  ^~~~~~~
conftest.c:38:18: note: each undeclared identifier is reported only once for each function it appears in
conftest.c:38:27: error: expected ',' or ';' before numeric constant
   38 | __int64 value = (__int64) 0;
      |                           ^
configure:9194: $? = 1
configure: failed program was:
| /* confdefs.h */
| #define PACKAGE_NAME "tdbcpostgres"
| #define PACKAGE_TARNAME "tdbcpostgres"
| #define PACKAGE_VERSION "1.1.12"
| #define PACKAGE_STRING "tdbcpostgres 1.1.12"
| #define PACKAGE_BUGREPORT ""
| #define PACKAGE_URL ""
| #define BUILD_tdbcpostgres /**/
| #define HAVE_STDIO_H 1
| #define HAVE_STDLIB_H 1
| #define HAVE_STRING_H 1
| #define HAVE_INTTYPES_H 1
| #define HAVE_STDINT_H 1
| #define HAVE_STRINGS_H 1
| #define HAVE_SYS_STAT_H 1
| #define HAVE_SYS_TYPES_H 1
| #define HAVE_UNISTD_H 1
| #define STDC_HEADERS 1
| #define Tcl_Size int
| #define HAVE_LONG_LONG 1
| #define SIZEOF_LONG_LONG 8
| #define SIZEOF_LONG 4
| #define USE_THREAD_ALLOC 1
| #define _REENTRANT 1
| #define _THREAD_SAFE 1
| #define TCL_THREADS 1
| #define USE_TCL_STUBS 1
| #define USE_TCLOO_STUBS 1
| #define MODULE_SCOPE extern __attribute__((__visibility__("hidden")))
| #define HAVE_HIDDEN 1
| #define HAVE_CAST_TO_UNION 1
| #define HAVE_STDBOOL_H 1
| /* end confdefs.h.  */
| 
| int
| main (void)
| {
| __int64 value = (__int64) 0;
|   ;
|   return 0;
| }
configure:9218: gcc -c  -pipe  conftest.c >&5
configure:9218: $? = 0
configure:9242: result: long long
configure:9319: checking for struct dirent64
configure:9338: gcc -c  -pipe  conftest.c >&5
conftest.c: In function 'main':
conftest.c:40:17: error: storage size of 'p' isn't known
   40 | struct dirent64 p;
      |                 ^
configure:9338: $? = 1
configure: failed program was:
| /* confdefs.h */
| #define PACKAGE_NAME "tdbcpostgres"
| #define PACKAGE_TARNAME "tdbcpostgres"
| #define PACKAGE_VERSION "1.1.12"
| #define PACKAGE_STRING "tdbcpostgres 1.1.12"
| #define PACKAGE_BUGREPORT ""
| #define PACKAGE_URL ""
| #define BUILD_tdbcpostgres /**/
| #define HAVE_STDIO_H 1
| #define HAVE_STDLIB_H 1
| #define HAVE_STRING_H 1
| #define HAVE_INTTYPES_H 1
| #define HAVE_STDINT_H 1
| #define HAVE_STRINGS_H 1
| #define HAVE_SYS_STAT_H 1
| #define HAVE_SYS_TYPES_H 1
| #define HAVE_UNISTD_H 1
| #define STDC_HEADERS 1
| #define Tcl_Size int
| #define HAVE_LONG_LONG 1
| #define SIZEOF_LONG_LONG 8
| #define SIZEOF_LONG 4
| #define USE_THREAD_ALLOC 1
| #define _REENTRANT 1
| #define _THREAD_SAFE 1
| #define TCL_THREADS 1
| #define USE_TCL_STUBS 1
| #define USE_TCLOO_STUBS 1
| #define MODULE_SCOPE extern __attribute__((__visibility__("hidden")))
| #define HAVE_HIDDEN 1
| #define HAVE_CAST_TO_UNION 1
| #define HAVE_STDBOOL_H 1
| #define TCL_WIDE_INT_TYPE long long
| /* end confdefs.h.  */
| #include <sys/types.h>
| #include <dirent.h>
| int
| main (void)
| {
| struct dirent64 p;
|   ;
|   return 0;
| }
configure:9348: result: no
configure:9356: checking for DIR64
configure:9376: gcc -c  -pipe  conftest.c >&5
conftest.c: In function 'main':
conftest.c:40:21: error: unknown type name 'DIR64'; did you mean 'DIR'?
   40 | struct dirent64 *p; DIR64 d = opendir64(".");
      |                     ^~~~~
      |                     DIR
conftest.c:40:31: error: implicit declaration of function 'opendir64'; did you mean 'opendir'? [-Wimplicit-function-declaration]
   40 | struct dirent64 *p; DIR64 d = opendir64(".");
      |                               ^~~~~~~~~
      |                               opendir
conftest.c:41:17: error: implicit declaration of function 'readdir64'; did you mean 'readdir_r'? [-Wimplicit-function-declaration]
   41 |             p = readdir64(d); rewinddir64(d); closedir64(d);
      |                 ^~~~~~~~~
      |                 readdir_r
conftest.c:41:15: error: assignment to 'struct dirent64 *' from 'int' makes pointer from integer without a cast [-Wint-conversion]
   41 |             p = readdir64(d); rewinddir64(d); closedir64(d);
      |               ^
conftest.c:41:31: error: implicit declaration of function 'rewinddir64'; did you mean 'rewinddir'? [-Wimplicit-function-declaration]
   41 |             p = readdir64(d); rewinddir64(d); closedir64(d);
      |                               ^~~~~~~~~~~
      |                               rewinddir
conftest.c:41:47: error: implicit declaration of function 'closedir64'; did you mean 'closedir'? [-Wimplicit-function-declaration]
   41 |             p = readdir64(d); rewinddir64(d); closedir64(d);
      |                                               ^~~~~~~~~~
      |                                               closedir
configure:9376: $? = 1
configure: failed program was:
| /* confdefs.h */
| #define PACKAGE_NAME "tdbcpostgres"
| #define PACKAGE_TARNAME "tdbcpostgres"
| #define PACKAGE_VERSION "1.1.12"
| #define PACKAGE_STRING "tdbcpostgres 1.1.12"
| #define PACKAGE_BUGREPORT ""
| #define PACKAGE_URL ""
| #define BUILD_tdbcpostgres /**/
| #define HAVE_STDIO_H 1
| #define HAVE_STDLIB_H 1
| #define HAVE_STRING_H 1
| #define HAVE_INTTYPES_H 1
| #define HAVE_STDINT_H 1
| #define HAVE_STRINGS_H 1
| #define HAVE_SYS_STAT_H 1
| #define HAVE_SYS_TYPES_H 1
| #define HAVE_UNISTD_H 1
| #define STDC_HEADERS 1
| #define Tcl_Size int
| #define HAVE_LONG_LONG 1
| #define SIZEOF_LONG_LONG 8
| #define SIZEOF_LONG 4
| #define USE_THREAD_ALLOC 1
| #define _REENTRANT 1
| #define _THREAD_SAFE 1
| #define TCL_THREADS 1
| #define USE_TCL_STUBS 1
| #define USE_TCLOO_STUBS 1
| #define MODULE_SCOPE extern __attribute__((__visibility__("hidden")))
| #define HAVE_HIDDEN 1
| #define HAVE_CAST_TO_UNION 1
| #define HAVE_STDBOOL_H 1
| #define TCL_WIDE_INT_TYPE long long
| /* end confdefs.h.  */
| #include <sys/types.h>
| #include <dirent.h>
| int
| main (void)
| {
| struct dirent64 *p; DIR64 d = opendir64(".");
| 	    p = readdir64(d); rewinddir64(d); closedir64(d);
|   ;
|   return 0;
| }
configure:9386: result: no
configure:9394: checking for struct stat64
configure:9413: gcc -c  -pipe  conftest.c >&5
conftest.c: In function 'main':
conftest.c:39:15: error: storage size of 'p' isn't known
   39 | struct stat64 p;
      |               ^
configure:9413: $? = 1
configure: failed program was:
| /* confdefs.h */
| #define PACKAGE_NAME "tdbcpostgres"
| #define PACKAGE_TARNAME "tdbcpostgres"
| #define PACKAGE_VERSION "1.1.12"
| #define PACKAGE_STRING "tdbcpostgres 1.1.12"
| #define PACKAGE_BUGREPORT ""
| #define PACKAGE_URL ""
| #define BUILD_tdbcpostgres /**/
| #define HAVE_STDIO_H 1
| #define HAVE_STDLIB_H 1
| #define HAVE_STRING_H 1
| #define HAVE_INTTYPES_H 1
| #define HAVE_STDINT_H 1
| #define HAVE_STRINGS_H 1
| #define HAVE_SYS_STAT_H 1
| #define HAVE_SYS_TYPES_H 1
| #define HAVE_UNISTD_H 1
| #define STDC_HEADERS 1
| #define Tcl_Size int
| #define HAVE_LONG_LONG 1
| #define SIZEOF_LONG_LONG 8
| #define SIZEOF_LONG 4
| #define USE_THREAD_ALLOC 1
| #define _REENTRANT 1
| #define _THREAD_SAFE 1
| #define TCL_THREADS 1
| #define USE_TCL_STUBS 1
| #define USE_TCLOO_STUBS 1
| #define MODULE_SCOPE extern __attribute__((__visibility__("hidden")))
| #define HAVE_HIDDEN 1
| #define HAVE_CAST_TO_UNION 1
| #define HAVE_STDBOOL_H 1
| #define TCL_WIDE_INT_TYPE long long
| /* end confdefs.h.  */
| #include <sys/stat.h>
| int
| main (void)
| {
| struct stat64 p;
| 
|   ;
|   return 0;
| }
configure:9423: result: no
configure:9431: checking for open64
configure:9431: gcc -o conftest  -pipe   -Wl,--export-dynamic  conftest.c  >&5
/usr/lib/gcc/i586-alpine-linux-musl/15.2.0/../../../../i586-alpine-linux-musl/bin/ld: /tmp/ccoiHoHM.o: in function `main':
conftest.c:(.text+0x14): undefined reference to `open64'
collect2: error: ld returned 1 exit status
configure:9431: $? = 1
configure: failed program was:
| /* confdefs.h */
| #define PACKAGE_NAME "tdbcpostgres"
| #define PACKAGE_TARNAME "tdbcpostgres"
| #define PACKAGE_VERSION "1.1.12"
| #define PACKAGE_STRING "tdbcpostgres 1.1.12"
| #define PACKAGE_BUGREPORT ""
| #define PACKAGE_URL ""
| #define BUILD_tdbcpostgres /**/
| #define HAVE_STDIO_H 1
| #define HAVE_STDLIB_H 1
| #define HAVE_STRING_H 1
| #define HAVE_INTTYPES_H 1
| #define HAVE_STDINT_H 1
| #define HAVE_STRINGS_H 1
| #define HAVE_SYS_STAT_H 1
| #define HAVE_SYS_TYPES_H 1
| #define HAVE_UNISTD_H 1
| #define STDC_HEADERS 1
| #define Tcl_Size int
| #define HAVE_LONG_LONG 1
| #define SIZEOF_LONG_LONG 8
| #define SIZEOF_LONG 4
| #define USE_THREAD_ALLOC 1
| #define _REENTRANT 1
| #define _THREAD_SAFE 1
| #define TCL_THREADS 1
| #define USE_TCL_STUBS 1
| #define USE_TCLOO_STUBS 1
| #define MODULE_SCOPE extern __attribute__((__visibility__("hidden")))
| #define HAVE_HIDDEN 1
| #define HAVE_CAST_TO_UNION 1
| #define HAVE_STDBOOL_H 1
| #define TCL_WIDE_INT_TYPE long long
| /* end confdefs.h.  */
| /* Define open64 to an innocuous variant, in case <limits.h> declares open64.
|    For example, HP-UX 11i <limits.h> declares gettimeofday.  */
| #define open64 innocuous_open64
| 
| /* System header to define __stub macros and hopefully few prototypes,
|    which can conflict with char open64 (void); below.  */
| 
| #include <limits.h>
| #undef open64
| 
| /* Override any GCC internal prototype to avoid an error.
|    Use char because int might match the return type of a GCC
|    builtin and then its argument prototype would still apply.  */
| #ifdef __cplusplus
| extern "C"
| #endif
| char open64 (void);
| /* The GNU C library defines this for functions which it implements
|     to always fail with ENOSYS.  Some functions are actually named
|     something starting with __ and the normal name is an alias.  */
| #if defined __stub_open64 || defined __stub___open64
| choke me
| #endif
| 
| int
| main (void)
| {
| return open64 ();
|   ;
|   return 0;
| }
configure:9431: result: no
configure:9437: checking for lseek64
configure:9437: gcc -o conftest  -pipe   -Wl,--export-dynamic  conftest.c  >&5
/usr/lib/gcc/i586-alpine-linux-musl/15.2.0/../../../../i586-alpine-linux-musl/bin/ld: /tmp/ccejBgkk.o: in function `main':
conftest.c:(.text+0x14): undefined reference to `lseek64'
collect2: error: ld returned 1 exit status
configure:9437: $? = 1
configure: failed program was:
| /* confdefs.h */
| #define PACKAGE_NAME "tdbcpostgres"
| #define PACKAGE_TARNAME "tdbcpostgres"
| #define PACKAGE_VERSION "1.1.12"
| #define PACKAGE_STRING "tdbcpostgres 1.1.12"
| #define PACKAGE_BUGREPORT ""
| #define PACKAGE_URL ""
| #define BUILD_tdbcpostgres /**/
| #define HAVE_STDIO_H 1
| #define HAVE_STDLIB_H 1
| #define HAVE_STRING_H 1
| #define HAVE_INTTYPES_H 1
| #define HAVE_STDINT_H 1
| #define HAVE_STRINGS_H 1
| #define HAVE_SYS_STAT_H 1
| #define HAVE_SYS_TYPES_H 1
| #define HAVE_UNISTD_H 1
| #define STDC_HEADERS 1
| #define Tcl_Size int
| #define HAVE_LONG_LONG 1
| #define SIZEOF_LONG_LONG 8
| #define SIZEOF_LONG 4
| #define USE_THREAD_ALLOC 1
| #define _REENTRANT 1
| #define _THREAD_SAFE 1
| #define TCL_THREADS 1
| #define USE_TCL_STUBS 1
| #define USE_TCLOO_STUBS 1
| #define MODULE_SCOPE extern __attribute__((__visibility__("hidden")))
| #define HAVE_HIDDEN 1
| #define HAVE_CAST_TO_UNION 1
| #define HAVE_STDBOOL_H 1
| #define TCL_WIDE_INT_TYPE long long
| /* end confdefs.h.  */
| /* Define lseek64 to an innocuous variant, in case <limits.h> declares lseek64.
|    For example, HP-UX 11i <limits.h> declares gettimeofday.  */
| #define lseek64 innocuous_lseek64
| 
| /* System header to define __stub macros and hopefully few prototypes,
|    which can conflict with char lseek64 (void); below.  */
| 
| #include <limits.h>
| #undef lseek64
| 
| /* Override any GCC internal prototype to avoid an error.
|    Use char because int might match the return type of a GCC
|    builtin and then its argument prototype would still apply.  */
| #ifdef __cplusplus
| extern "C"
| #endif
| char lseek64 (void);
| /* The GNU C library defines this for functions which it implements
|     to always fail with ENOSYS.  Some functions are actually named
|     something starting with __ and the normal name is an alias.  */
| #if defined __stub_lseek64 || defined __stub___lseek64
| choke me
| #endif
| 
| int
| main (void)
| {
| return lseek64 ();
|   ;
|   return 0;
| }
configure:9437: result: no
configure:9444: checking for off64_t
configure:9463: gcc -c  -pipe  conftest.c >&5
conftest.c: In function 'main':
conftest.c:39:1: error: unknown type name 'off64_t'; did you mean 'off_t'?
   39 | off64_t offset;
      | ^~~~~~~
      | off_t
configure:9463: $? = 1
configure: failed program was:
| /* confdefs.h */
| #define PACKAGE_NAME "tdbcpostgres"
| #define PACKAGE_TARNAME "tdbcpostgres"
| #define PACKAGE_VERSION "1.1.12"
| #define PACKAGE_STRING "tdbcpostgres 1.1.12"
| #define PACKAGE_BUGREPORT ""
| #define PACKAGE_URL ""
| #define BUILD_tdbcpostgres /**/
| #define HAVE_STDIO_H 1
| #define HAVE_STDLIB_H 1
| #define HAVE_STRING_H 1
| #define HAVE_INTTYPES_H 1
| #define HAVE_STDINT_H 1
| #define HAVE_STRINGS_H 1
| #define HAVE_SYS_STAT_H 1
| #define HAVE_SYS_TYPES_H 1
| #define HAVE_UNISTD_H 1
| #define STDC_HEADERS 1
| #define Tcl_Size int
| #define HAVE_LONG_LONG 1
| #define SIZEOF_LONG_LONG 8
| #define SIZEOF_LONG 4
| #define USE_THREAD_ALLOC 1
| #define _REENTRANT 1
| #define _THREAD_SAFE 1
| #define TCL_THREADS 1
| #define USE_TCL_STUBS 1
| #define USE_TCLOO_STUBS 1
| #define MODULE_SCOPE extern __attribute__((__visibility__("hidden")))
| #define HAVE_HIDDEN 1
| #define HAVE_CAST_TO_UNION 1
| #define HAVE_STDBOOL_H 1
| #define TCL_WIDE_INT_TYPE long long
| /* end confdefs.h.  */
| #include <sys/types.h>
| int
| main (void)
| {
| off64_t offset;
| 
|   ;
|   return 0;
| }
configure:9483: result: no
configure:9496: checking for build with symbols
configure:9510: result: no
configure:9548: checking for intptr_t
configure:9548: gcc -c  -pipe  conftest.c >&5
configure:9548: $? = 0
configure:9548: gcc -c  -pipe  conftest.c >&5
conftest.c: In function 'main':
conftest.c:67:23: error: expected expression before ')' token
   67 | if (sizeof ((intptr_t)))
      |                       ^
configure:9548: $? = 1
configure: failed program was:
| /* confdefs.h */
| #define PACKAGE_NAME "tdbcpostgres"
| #define PACKAGE_TARNAME "tdbcpostgres"
| #define PACKAGE_VERSION "1.1.12"
| #define PACKAGE_STRING "tdbcpostgres 1.1.12"
| #define PACKAGE_BUGREPORT ""
| #define PACKAGE_URL ""
| #define BUILD_tdbcpostgres /**/
| #define HAVE_STDIO_H 1
| #define HAVE_STDLIB_H 1
| #define HAVE_STRING_H 1
| #define HAVE_INTTYPES_H 1
| #define HAVE_STDINT_H 1
| #define HAVE_STRINGS_H 1
| #define HAVE_SYS_STAT_H 1
| #define HAVE_SYS_TYPES_H 1
| #define HAVE_UNISTD_H 1
| #define STDC_HEADERS 1
| #define Tcl_Size int
| #define HAVE_LONG_LONG 1
| #define SIZEOF_LONG_LONG 8
| #define SIZEOF_LONG 4
| #define USE_THREAD_ALLOC 1
| #define _REENTRANT 1
| #define _THREAD_SAFE 1
| #define TCL_THREADS 1
| #define USE_TCL_STUBS 1
| #define USE_TCLOO_STUBS 1
| #define MODULE_SCOPE extern __attribute__((__visibility__("hidden")))
| #define HAVE_HIDDEN 1
| #define HAVE_CAST_TO_UNION 1
| #define HAVE_STDBOOL_H 1
| #define TCL_WIDE_INT_TYPE long long
| #define TCL_CFG_OPTIMIZED 1
| /* end confdefs.h.  */
| #include <stddef.h>
| #ifdef HAVE_STDIO_H
| # include <stdio.h>
| #endif
| #ifdef HAVE_STDLIB_H
| # include <stdlib.h>
| #endif
| #ifdef HAVE_STRING_H
| # include <string.h>
| #endif
| #ifdef HAVE_INTTYPES_H
| # include <inttypes.h>
| #endif
| #ifdef HAVE_STDINT_H
| # include <stdint.h>
| #endif
| #ifdef HAVE_STRINGS_H
| # include <strings.h>
| #endif
| #ifdef HAVE_SYS_TYPES_H
| # include <sys/types.h>
| #endif
| #ifdef HAVE_SYS_STAT_H
| # include <sys/stat.h>
| #endif
| #ifdef HAVE_UNISTD_H
| # include <unistd.h>
| #endif
| int
| main (void)
| {
| if (sizeof ((intptr_t)))
| 	    return 0;
|   ;
|   return 0;
| }
configure:9548: result: yes
configure:9585: checking for uintptr_t
configure:9585: gcc -c  -pipe  conftest.c >&5
configure:9585: $? = 0
configure:9585: gcc -c  -pipe  conftest.c >&5
conftest.c: In function 'main':
conftest.c:68:24: error: expected expression before ')' token
   68 | if (sizeof ((uintptr_t)))
      |                        ^
configure:9585: $? = 1
configure: failed program was:
| /* confdefs.h */
| #define PACKAGE_NAME "tdbcpostgres"
| #define PACKAGE_TARNAME "tdbcpostgres"
| #define PACKAGE_VERSION "1.1.12"
| #define PACKAGE_STRING "tdbcpostgres 1.1.12"
| #define PACKAGE_BUGREPORT ""
| #define PACKAGE_URL ""
| #define BUILD_tdbcpostgres /**/
| #define HAVE_STDIO_H 1
| #define HAVE_STDLIB_H 1
| #define HAVE_STRING_H 1
| #define HAVE_INTTYPES_H 1
| #define HAVE_STDINT_H 1
| #define HAVE_STRINGS_H 1
| #define HAVE_SYS_STAT_H 1
| #define HAVE_SYS_TYPES_H 1
| #define HAVE_UNISTD_H 1
| #define STDC_HEADERS 1
| #define Tcl_Size int
| #define HAVE_LONG_LONG 1
| #define SIZEOF_LONG_LONG 8
| #define SIZEOF_LONG 4
| #define USE_THREAD_ALLOC 1
| #define _REENTRANT 1
| #define _THREAD_SAFE 1
| #define TCL_THREADS 1
| #define USE_TCL_STUBS 1
| #define USE_TCLOO_STUBS 1
| #define MODULE_SCOPE extern __attribute__((__visibility__("hidden")))
| #define HAVE_HIDDEN 1
| #define HAVE_CAST_TO_UNION 1
| #define HAVE_STDBOOL_H 1
| #define TCL_WIDE_INT_TYPE long long
| #define TCL_CFG_OPTIMIZED 1
| #define HAVE_INTPTR_T 1
| /* end confdefs.h.  */
| #include <stddef.h>
| #ifdef HAVE_STDIO_H
| # include <stdio.h>
| #endif
| #ifdef HAVE_STDLIB_H
| # include <stdlib.h>
| #endif
| #ifdef HAVE_STRING_H
| # include <string.h>
| #endif
| #ifdef HAVE_INTTYPES_H
| # include <inttypes.h>
| #endif
| #ifdef HAVE_STDINT_H
| # include <stdint.h>
| #endif
| #ifdef HAVE_STRINGS_H
| # include <strings.h>
| #endif
| #ifdef HAVE_SYS_TYPES_H
| # include <sys/types.h>
| #endif
| #ifdef HAVE_SYS_STAT_H
| # include <sys/stat.h>
| #endif
| #ifdef HAVE_UNISTD_H
| # include <unistd.h>
| #endif
| int
| main (void)
| {
| if (sizeof ((uintptr_t)))
| 	    return 0;
|   ;
|   return 0;
| }
configure:9585: result: yes
configure:9627: checking for main in -lws2_32
configure:9647: gcc -o conftest  -pipe   -Wl,--export-dynamic  conftest.c -lws2_32   >&5
/usr/lib/gcc/i586-alpine-linux-musl/15.2.0/../../../../i586-alpine-linux-musl/bin/ld: cannot find -lws2_32: No such file or directory
collect2: error: ld returned 1 exit status
configure:9647: $? = 1
configure: failed program was:
| /* confdefs.h */
| #define PACKAGE_NAME "tdbcpostgres"
| #define PACKAGE_TARNAME "tdbcpostgres"
| #define PACKAGE_VERSION "1.1.12"
| #define PACKAGE_STRING "tdbcpostgres 1.1.12"
| #define PACKAGE_BUGREPORT ""
| #define PACKAGE_URL ""
| #define BUILD_tdbcpostgres /**/
| #define HAVE_STDIO_H 1
| #define HAVE_STDLIB_H 1
| #define HAVE_STRING_H 1
| #define HAVE_INTTYPES_H 1
| #define HAVE_STDINT_H 1
| #define HAVE_STRINGS_H 1
| #define HAVE_SYS_STAT_H 1
| #define HAVE_SYS_TYPES_H 1
| #define HAVE_UNISTD_H 1
| #define STDC_HEADERS 1
| #define Tcl_Size int
| #define HAVE_LONG_LONG 1
| #define SIZEOF_LONG_LONG 8
| #define SIZEOF_LONG 4
| #define USE_THREAD_ALLOC 1
| #define _REENTRANT 1
| #define _THREAD_SAFE 1
| #define TCL_THREADS 1
| #define USE_TCL_STUBS 1
| #define USE_TCLOO_STUBS 1
| #define MODULE_SCOPE extern __attribute__((__visibility__("hidden")))
| #define HAVE_HIDDEN 1
| #define HAVE_CAST_TO_UNION 1
| #define HAVE_STDBOOL_H 1
| #define TCL_WIDE_INT_TYPE long long
| #define TCL_CFG_OPTIMIZED 1
| #define HAVE_INTPTR_T 1
| #define HAVE_UINTPTR_T 1
| /* end confdefs.h.  */
| 
| 
| int
| main (void)
| {
| return main ();
|   ;
|   return 0;
| }
configure:9659: result: no
configure:9676: checking for main in -lwinsock
configure:9696: gcc -o conftest  -pipe   -Wl,--export-dynamic  conftest.c -lwinsock   >&5
/usr/lib/gcc/i586-alpine-linux-musl/15.2.0/../../../../i586-alpine-linux-musl/bin/ld: cannot find -lwinsock: No such file or directory
collect2: error: ld returned 1 exit status
configure:9696: $? = 1
configure: failed program was:
| /* confdefs.h */
| #define PACKAGE_NAME "tdbcpostgres"
| #define PACKAGE_TARNAME "tdbcpostgres"
| #define PACKAGE_VERSION "1.1.12"
| #define PACKAGE_STRING "tdbcpostgres 1.1.12"
| #define PACKAGE_BUGREPORT ""
| #define PACKAGE_URL ""
| #define BUILD_tdbcpostgres /**/
| #define HAVE_STDIO_H 1
| #define HAVE_STDLIB_H 1
| #define HAVE_STRING_H 1
| #define HAVE_INTTYPES_H 1
| #define HAVE_STDINT_H 1
| #define HAVE_STRINGS_H 1
| #define HAVE_SYS_STAT_H 1
| #define HAVE_SYS_TYPES_H 1
| #define HAVE_UNISTD_H 1
| #define STDC_HEADERS 1
| #define Tcl_Size int
| #define HAVE_LONG_LONG 1
| #define SIZEOF_LONG_LONG 8
| #define SIZEOF_LONG 4
| #define USE_THREAD_ALLOC 1
| #define _REENTRANT 1
| #define _THREAD_SAFE 1
| #define TCL_THREADS 1
| #define USE_TCL_STUBS 1
| #define USE_TCLOO_STUBS 1
| #define MODULE_SCOPE extern __attribute__((__visibility__("hidden")))
| #define HAVE_HIDDEN 1
| #define HAVE_CAST_TO_UNION 1
| #define HAVE_STDBOOL_H 1
| #define TCL_WIDE_INT_TYPE long long
| #define TCL_CFG_OPTIMIZED 1
| #define HAVE_INTPTR_T 1
| #define HAVE_UINTPTR_T 1
| /* end confdefs.h.  */
| 
| 
| int
| main (void)
| {
| return main ();
|   ;
|   return 0;
| }
configure:9708: result: no
configure:9737: checking for egrep -e
configure:9867: result: /bin/grep -E
configure:10060: checking for tclsh
configure:10095: result: /src/third_party/tcl-8.6.17/unix/tclsh
configure:10258: creating ./config.status

## ---------------------- ##
## Running config.status. ##
## ---------------------- ##

This file was extended by tdbcpostgres config.status 1.1.12, which was
generated by GNU Autoconf 2.72.  Invocation command line was

  CONFIG_FILES    = 
  CONFIG_HEADERS  = 
  CONFIG_LINKS    = 
  CONFIG_COMMANDS = 
  $ ./config.status 

on 70f4bd37f537

config.status:811: creating Makefile
config.status:811: creating pkgIndex.tcl
configure:11258: WARNING: unrecognized options: --with-system-sqlite

## ---------------- ##
## Cache variables. ##
## ---------------- ##

ac_cv_c_bigendian='no'
ac_cv_c_compiler_gnu='yes'
ac_cv_c_inline='inline'
ac_cv_c_tclconfig='/src/third_party/tcl-8.6.17/unix'
ac_cv_c_tclh='/src/third_party/tcl-8.6.17/generic'
ac_cv_c_tdbcconfig='/src/third_party/tcl-8.6.17/unix/pkgs/tdbc1.1.12'
ac_cv_env_CC_set=''
ac_cv_env_CC_value=''
ac_cv_env_CFLAGS_set=''
ac_cv_env_CFLAGS_value=''
ac_cv_env_CPPFLAGS_set=''
ac_cv_env_CPPFLAGS_value=''
ac_cv_env_CPP_set=''
ac_cv_env_CPP_value=''
ac_cv_env_LDFLAGS_set=''
ac_cv_env_LDFLAGS_value=''
ac_cv_env_LIBS_set=''
ac_cv_env_LIBS_value=''
ac_cv_env_build_alias_set=''
ac_cv_env_build_alias_value=''
ac_cv_env_host_alias_set=''
ac_cv_env_host_alias_value=''
ac_cv_env_target_alias_set=''
ac_cv_env_target_alias_value=''
ac_cv_func_lseek64='no'
ac_cv_func_open64='no'
ac_cv_header_inttypes_h='yes'
ac_cv_header_stdbool_h='yes'
ac_cv_header_stdint_h='yes'
ac_cv_header_stdio_h='yes'
ac_cv_header_stdlib_h='yes'
ac_cv_header_string_h='yes'
ac_cv_header_strings_h='yes'
ac_cv_header_sys_stat_h='yes'
ac_cv_header_sys_types_h='yes'
ac_cv_header_unistd_h='yes'
ac_cv_lib_pthread_pthread_mutex_init='yes'
ac_cv_lib_winsock_main='no'
ac_cv_lib_ws2_32_main='no'
ac_cv_objext='o'
ac_cv_path_EGREP_TRADITIONAL='/bin/grep -E'
ac_cv_prog_CPP='gcc -E'
ac_cv_prog_ac_ct_AR='ar'
ac_cv_prog_ac_ct_CC='gcc'
ac_cv_prog_ac_ct_RANLIB='ranlib'
ac_cv_prog_cc_c11=''
ac_cv_prog_cc_g='yes'
ac_cv_prog_cc_stdc=''
ac_cv_prog_make_make_set='yes'
ac_cv_sizeof_long='4'
ac_cv_sizeof_long_long='8'
ac_cv_type_intptr_t='yes'
ac_cv_type_long_long='yes'
ac_cv_type_uintptr_t='yes'
tcl_cv_DIR64='no'
tcl_cv_cast_to_union='yes'
tcl_cv_cc_pipe='yes'
tcl_cv_cc_visibility_hidden='yes'
tcl_cv_flag__isoc99_source='no'
tcl_cv_struct_dirent64='no'
tcl_cv_struct_stat64='no'
tcl_cv_sys_version='Linux-6.12.76-linuxkit'
tcl_cv_type_64bit='long long'
tcl_cv_type_off64_t='no'

## ----------------- ##
## Output variables. ##
## ----------------- ##

AR='ar'
CC='gcc'
CFLAGS=' -pipe ${CFLAGS_DEFAULT} ${CFLAGS_WARNING} ${SHLIB_CFLAGS} '
CFLAGS_DEBUG='-g'
CFLAGS_DEFAULT='-O2 -fomit-frame-pointer -DNDEBUG'
CFLAGS_OPTIMIZE='-O2 -fomit-frame-pointer'
CFLAGS_WARNING='-Wall'
CLEANFILES=''
CPP='gcc -E'
CPPFLAGS=''
CYGPATH='echo'
DEFS='-DPACKAGE_NAME=\"tdbcpostgres\" -DPACKAGE_TARNAME=\"tdbcpostgres\" -DPACKAGE_VERSION=\"1.1.12\" -DPACKAGE_STRING=\"tdbcpostgres\ 1.1.12\" -DPACKAGE_BUGREPORT=\"\" -DPACKAGE_URL=\"\" -DBUILD_tdbcpostgres=/\*\*/ -DHAVE_STDIO_H=1 -DHAVE_STDLIB_H=1 -DHAVE_STRING_H=1 -DHAVE_INTTYPES_H=1 -DHAVE_STDINT_H=1 -DHAVE_STRINGS_H=1 -DHAVE_SYS_STAT_H=1 -DHAVE_SYS_TYPES_H=1 -DHAVE_UNISTD_H=1 -DSTDC_HEADERS=1 -DTcl_Size=int -DHAVE_LONG_LONG=1 -DSIZEOF_LONG_LONG=8 -DSIZEOF_LONG=4 -DUSE_THREAD_ALLOC=1 -D_REENTRANT=1 -D_THREAD_SAFE=1 -DTCL_THREADS=1 -DUSE_TCL_STUBS=1 -DUSE_TCLOO_STUBS=1 -DMODULE_SCOPE=extern\ __attribute__\(\(__visibility__\(\"hidden\"\)\)\) -DHAVE_HIDDEN=1 -DHAVE_CAST_TO_UNION=1 -DHAVE_STDBOOL_H=1 -DTCL_WIDE_INT_TYPE=long\ long -DTCL_CFG_OPTIMIZED=1 -DHAVE_INTPTR_T=1 -DHAVE_UINTPTR_T=1 -DTCL_MAJOR_VERSION=8 -DTK_MAJOR_VERSION=8'
ECHO_C=''
ECHO_N='-n'
ECHO_T=''
EXEEXT=''
INSTALL='$(SHELL) $(srcdir)/tclconfig/install-sh -c'
INSTALL_DATA='${INSTALL} -m 644'
INSTALL_DATA_DIR='${INSTALL} -d -m 755'
INSTALL_LIBRARY='${INSTALL} -m 644'
INSTALL_PROGRAM='${INSTALL} -m 755'
INSTALL_SCRIPT='${INSTALL} -m 755'
LDFLAGS=' -Wl,--export-dynamic '
LDFLAGS_DEBUG=''
LDFLAGS_DEFAULT=''
LDFLAGS_OPTIMIZE=''
LD_LIBRARY_PATH_VAR='LD_LIBRARY_PATH'
LIBOBJS=''
LIBS=''
LTLIBOBJS=''
MAKE_LIB='${SHLIB_LD} ${LDFLAGS} ${LDFLAGS_DEFAULT} -o $@ $(PKG_OBJECTS) ${SHLIB_LD_LIBS} '
MAKE_SHARED_LIB='${SHLIB_LD} ${LDFLAGS} ${LDFLAGS_DEFAULT} -o $@ $(PKG_OBJECTS) ${SHLIB_LD_LIBS}'
MAKE_STATIC_LIB='${STLIB_LD} $@ $(PKG_OBJECTS)'
MAKE_STUB_LIB='${STLIB_LD} $@ $(PKG_STUB_OBJECTS)'
OBJEXT='o'
PACKAGE_BUGREPORT=''
PACKAGE_NAME='tdbcpostgres'
PACKAGE_STRING='tdbcpostgres 1.1.12'
PACKAGE_TARNAME='tdbcpostgres'
PACKAGE_URL=''
PACKAGE_VERSION='1.1.12'
PATH_SEPARATOR=':'
PKG_CFLAGS='  '
PKG_HEADERS=' generic/fakepq.h generic/pqStubs.h'
PKG_INCLUDES=' -I/src/third_party/tcl-8.6.17/pkgs/tdbc1.1.12/generic'
PKG_LIBS=' -L/src/third_party/tcl-8.6.17/unix/pkgs/tdbc1.1.12 -ltdbcstub1.1.12 -L/src/third_party/tcl-8.6.17/unix/pkgs/tdbc1.1.12 -ltdbcstub1.1.12'
PKG_LIB_FILE8='libtdbcpostgres1.1.12.so'
PKG_LIB_FILE9='libtcl9tdbcpostgres1.1.12.so'
PKG_LIB_FILE='libtdbcpostgres1.1.12.so'
PKG_OBJECTS=' tdbcpostgres.o pqStubInit.o'
PKG_SOURCES=' generic/tdbcpostgres.c generic/pqStubInit.c'
PKG_STUB_LIB_FILE='libtdbcpostgresstub1.1.12.a'
PKG_STUB_OBJECTS=''
PKG_STUB_SOURCES=''
PKG_TCL_SOURCES=' library/tdbcpostgres.tcl'
RANLIB=':'
RANLIB_STUB='ranlib'
RC=''
SET_MAKE=''
SHARED_BUILD='1'
SHELL='/bin/sh'
SHLIB_CFLAGS='-fPIC'
SHLIB_LD='${CC} ${CFLAGS} ${LDFLAGS_DEFAULT} -shared'
SHLIB_LD_LIBS='${LIBS} -L/src/third_party/tcl-8.6.17/unix -ltclstub8.6'
STLIB_LD='${AR} cr'
STUBS_BUILD='1'
TCLSH_PROG='/src/third_party/tcl-8.6.17/unix/tclsh'
TCL_BIN_DIR='/src/third_party/tcl-8.6.17/unix'
TCL_DEFS='-DPACKAGE_NAME=\"tcl\" -DPACKAGE_TARNAME=\"tcl\" -DPACKAGE_VERSION=\"8.6\" -DPACKAGE_STRING=\"tcl\ 8.6\" -DPACKAGE_BUGREPORT=\"\" -DSTDC_HEADERS=1 -DHAVE_SYS_TYPES_H=1 -DHAVE_SYS_STAT_H=1 -DHAVE_STDLIB_H=1 -DHAVE_STRING_H=1 -DHAVE_MEMORY_H=1 -DHAVE_STRINGS_H=1 -DHAVE_INTTYPES_H=1 -DHAVE_STDINT_H=1 -DHAVE_UNISTD_H=1 -DHAVE_SYS_PARAM_H=1 -DUSE_THREAD_ALLOC=1 -D_REENTRANT=1 -D_THREAD_SAFE=1 -DHAVE_PTHREAD_ATTR_SETSTACKSIZE=1 -DHAVE_PTHREAD_ATFORK=1 -DTCL_THREADS=1 -DTCL_CFGVAL_ENCODING=\"iso8859-1\" -DHAVE_ZLIB=1 -DMODULE_SCOPE=extern\ __attribute__\(\(__visibility__\(\"hidden\"\)\)\) -DHAVE_HIDDEN=1 -DHAVE_CAST_TO_UNION=1 -DHAVE_VFORK=1 -DHAVE_POSIX_SPAWNP=1 -DHAVE_POSIX_SPAWN_FILE_ACTIONS_ADDDUP2=1 -DHAVE_POSIX_SPAWNATTR_SETFLAGS=1 -DTCL_SHLIB_EXT=\".so\" -DNDEBUG=1 -DTCL_CFG_OPTIMIZED=1 -DMP_PREC=4 -D_LARGEFILE64_SOURCE=1 -DTCL_WIDE_INT_TYPE=long\ long -DHAVE_STRUCT_DIRENT64=1 -DHAVE_STRUCT_STAT64=1 -DHAVE_GETCWD=1 -DHAVE_MKSTEMP=1 -DHAVE_OPENDIR=1 -DHAVE_STRTOL=1 -DHAVE_WAITPID=1 -DNO_GETWD=1 -DHAVE_GETNAMEINFO=1 -DHAVE_GETADDRINFO=1 -DHAVE_FREEADDRINFO=1 -DHAVE_GAI_STRERROR=1 -DHAVE_STRUCT_ADDRINFO=1 -DHAVE_STRUCT_IN6_ADDR=1 -DHAVE_STRUCT_SOCKADDR_IN6=1 -DHAVE_STRUCT_SOCKADDR_STORAGE=1 -DHAVE_GETPWUID_R_5=1 -DHAVE_GETPWUID_R=1 -DHAVE_GETPWNAM_R_5=1 -DHAVE_GETPWNAM_R=1 -DHAVE_GETGRGID_R_5=1 -DHAVE_GETGRGID_R=1 -DHAVE_GETGRNAM_R_5=1 -DHAVE_GETGRNAM_R=1 -DHAVE_DECL_GETHOSTBYNAME_R=1 -DHAVE_GETHOSTBYNAME_R_6=1 -DHAVE_GETHOSTBYNAME_R=1 -DHAVE_DECL_GETHOSTBYADDR_R=1 -DHAVE_GETHOSTBYADDR_R_8=1 -DHAVE_GETHOSTBYADDR_R=1 -DHAVE_TERMIOS_H=1 -DHAVE_SYS_IOCTL_H=1 -DHAVE_SYS_TIME_H=1 -DTIME_WITH_SYS_TIME=1 -DHAVE_GMTIME_R=1 -DHAVE_LOCALTIME_R=1 -DHAVE_MKTIME=1 -DHAVE_TM_GMTOFF=1 -DHAVE_TIMEZONE_VAR=1 -DHAVE_STRUCT_STAT_ST_BLOCKS=1 -DHAVE_STRUCT_STAT_ST_BLKSIZE=1 -DHAVE_BLKCNT_T=1 -DHAVE_INTPTR_T=1 -DHAVE_UINTPTR_T=1 -DNO_UNION_WAIT=1 -DHAVE_SIGNED_CHAR=1 -DHAVE_LANGINFO=1 -DHAVE_MKSTEMPS=1 -DHAVE_SYS_IOCTL_H=1 -DTCL_UNLOAD_DLLS=1 -DHAVE_CPUID=1 '
TCL_EXTRA_CFLAGS=' -pipe '
TCL_INCLUDES='-I"/src/third_party/tcl-8.6.17/generic"'
TCL_LD_FLAGS=' -Wl,--export-dynamic '
TCL_LIBS='-ldl -lz  -lpthread '
TCL_LIB_FILE='libtcl8.6.so'
TCL_LIB_FLAG='-ltcl8.6'
TCL_LIB_SPEC='-L/src/third_party/tcl-8.6.17/unix -ltcl8.6'
TCL_PATCH_LEVEL='.17'
TCL_SHLIB_LD_LIBS='${LIBS}'
TCL_SRC_DIR='/src/third_party/tcl-8.6.17'
TCL_STUB_LIB_FILE='libtclstub8.6.a'
TCL_STUB_LIB_FLAG='-ltclstub8.6'
TCL_STUB_LIB_SPEC='-L/src/third_party/tcl-8.6.17/unix -ltclstub8.6'
TCL_THREADS='1'
TCL_VERSION='8.6'
TCL_VERSION_REQ='8.6'
TDBC_LIB_FILE='libtdbc1.1.12.so'
TDBC_VERSION='1.1.12'
VC_MANIFEST_EMBED_DLL=''
VC_MANIFEST_EMBED_EXE=''
ac_ct_CC='gcc'
bindir='${exec_prefix}/bin'
build_alias=''
datadir='${datarootdir}'
datarootdir='${prefix}/share'
docdir='${datarootdir}/doc/${PACKAGE_TARNAME}'
dvidir='${docdir}'
exec_prefix='/usr'
host_alias=''
htmldir='${docdir}'
includedir='${prefix}/include'
infodir='${datarootdir}/info'
libdir='/usr/lib'
libexecdir='${exec_prefix}/libexec'
localedir='${datarootdir}/locale'
localstatedir='/var'
mandir='/usr/share/man'
oldincludedir='/usr/include'
pdfdir='${docdir}'
prefix='/usr'
program_transform_name='s,x,x,'
psdir='${docdir}'
runstatedir='${localstatedir}/run'
sbindir='${exec_prefix}/sbin'
sharedstatedir='${prefix}/com'
sysconfdir='/etc'
target_alias=''
tdbc_BIN_DIR='/src/third_party/tcl-8.6.17/unix/pkgs/tdbc1.1.12'
tdbc_LIBRARY_PATH='/src/third_party/tcl-8.6.17/pkgs/tdbc1.1.12/library'
tdbc_LIB_FILE='libtdbc1.1.12.so'
tdbc_LIB_SPEC='-L/src/third_party/tcl-8.6.17/unix/pkgs/tdbc1.1.12 -ltdbc1.1.12'
tdbc_SRC_DIR='/src/third_party/tcl-8.6.17/pkgs/tdbc1.1.12'
tdbc_STUB_LIB_FILE='libtdbcstub1.1.12.a'
tdbc_STUB_LIB_PATH='/src/third_party/tcl-8.6.17/unix/pkgs/tdbc1.1.12/libtdbcstub1.1.12.a'
tdbc_STUB_LIB_SPEC='-L/src/third_party/tcl-8.6.17/unix/pkgs/tdbc1.1.12 -ltdbcstub1.1.12'
tdbc_VERSION='1.1.12'

## ----------- ##
## confdefs.h. ##
## ----------- ##

/* confdefs.h */
#define PACKAGE_NAME "tdbcpostgres"
#define PACKAGE_TARNAME "tdbcpostgres"
#define PACKAGE_VERSION "1.1.12"
#define PACKAGE_STRING "tdbcpostgres 1.1.12"
#define PACKAGE_BUGREPORT ""
#define PACKAGE_URL ""
#define BUILD_tdbcpostgres /**/
#define HAVE_STDIO_H 1
#define HAVE_STDLIB_H 1
#define HAVE_STRING_H 1
#define HAVE_INTTYPES_H 1
#define HAVE_STDINT_H 1
#define HAVE_STRINGS_H 1
#define HAVE_SYS_STAT_H 1
#define HAVE_SYS_TYPES_H 1
#define HAVE_UNISTD_H 1
#define STDC_HEADERS 1
#define Tcl_Size int
#define HAVE_LONG_LONG 1
#define SIZEOF_LONG_LONG 8
#define SIZEOF_LONG 4
#define USE_THREAD_ALLOC 1
#define _REENTRANT 1
#define _THREAD_SAFE 1
#define TCL_THREADS 1
#define USE_TCL_STUBS 1
#define USE_TCLOO_STUBS 1
#define MODULE_SCOPE extern __attribute__((__visibility__("hidden")))
#define HAVE_HIDDEN 1
#define HAVE_CAST_TO_UNION 1
#define HAVE_STDBOOL_H 1
#define TCL_WIDE_INT_TYPE long long
#define TCL_CFG_OPTIMIZED 1
#define HAVE_INTPTR_T 1
#define HAVE_UINTPTR_T 1
#define TCL_MAJOR_VERSION 8
#define TK_MAJOR_VERSION 8

configure: exit 0
