This file contains any messages produced by compilers while
running configure, to aid debugging if configure makes a mistake.

It was created by tdbcsqlite3 configure 1.1.12, which was
generated by GNU Autoconf 2.72.  Invocation command line was

  $ /src/third_party/tcl-8.6.17/pkgs/tdbcsqlite3-1.1.12/configure --with-tcl=../.. --with-tclinclude=/src/third_party/tcl-8.6.17/generic --prefix=/usr --sysconfdir=/etc --mandir=/usr/share/man --localstatedir=/var --with-system-sqlite --disable-64bit --libdir=/usr/lib --enable-shared --enable-threads

## --------- ##
## Platform. ##
## --------- ##

hostname = 70f4bd37f537
uname -m = i686
uname -r = 6.12.76-linuxkit
uname -s = Linux
uname -v = #1 SMP Tue Jul 21 14:38:37 UTC 2026

/usr/bin/uname -p = unknown
/bin/uname -X     = unknown

/bin/arch              = i686
/usr/bin/arch -k       = unknown
/usr/convex/getsysinfo = unknown
/usr/bin/hostinfo      = unknown
/bin/machine           = unknown
/usr/bin/oslevel       = unknown
/bin/universe          = unknown

PATH: /usr/local/sbin/
PATH: /usr/local/bin/
PATH: /usr/sbin/
PATH: /usr/bin/
PATH: /sbin/
PATH: /bin/


## ----------- ##
## Core tests. ##
## ----------- ##

configure:2387: checking TEA configuration
configure:2393: result: ok (TEA 3.13)
configure:2480: configuring tdbcsqlite3 1.1.12
configure:2510: checking system version
configure:2538: result: Linux-6.12.76-linuxkit
configure:2587: checking for Tcl configuration
configure:2727: result: found /src/third_party/tcl-8.6.17/unix/tclConfig.sh
configure:2795: checking for gcc
configure:2816: found /usr/bin/gcc
configure:2828: result: gcc
configure:3187: checking for C compiler version
configure:3196: gcc --version >&5
gcc (Alpine 15.2.0) 15.2.0
Copyright (C) 2025 Free Software Foundation, Inc.
This is free software; see the source for copying conditions.  There is NO
warranty; not even for MERCHANTABILITY or FITNESS FOR A PARTICULAR PURPOSE.

configure:3207: $? = 0
configure:3196: gcc -v >&5
Using built-in specs.
COLLECT_GCC=gcc
COLLECT_LTO_WRAPPER=/usr/libexec/gcc/i586-alpine-linux-musl/15.2.0/lto-wrapper
Target: i586-alpine-linux-musl
Configured with: /home/buildozer/aports/main/gcc/src/gcc-15.2.0/configure --prefix=/usr --mandir=/usr/share/man --infodir=/usr/share/info --build=i586-alpine-linux-musl --host=i586-alpine-linux-musl --target=i586-alpine-linux-musl --enable-checking=release --disable-cet --disable-fixed-point --disable-libstdcxx-pch --disable-multilib --disable-nls --disable-werror --disable-symvers --enable-__cxa_atexit --enable-default-pie --enable-default-ssp --enable-languages=c,c++,objc,go,fortran,ada --enable-link-serialization=2 --enable-linker-build-id --with-arch=pentium-m --with-fpmath=sse --with-tune=generic --enable-cld --disable-libssp --disable-libsanitizer --enable-shared --enable-threads --enable-tls --with-bugurl=https://gitlab.alpinelinux.org/alpine/aports/-/issues --with-system-zlib --with-linker-hash-style=gnu --with-pkgversion='Alpine 15.2.0'
Thread model: posix
Supported LTO compression algorithms: zlib
gcc version 15.2.0 (Alpine 15.2.0) 
configure:3207: $? = 0
configure:3196: gcc -V >&5
gcc: error: unrecognized command-line option '-V'
gcc: fatal error: no input files
compilation terminated.
configure:3207: $? = 1
configure:3196: gcc -qversion >&5
gcc: error: unrecognized command-line option '-qversion'; did you mean '--version'?
gcc: fatal error: no input files
compilation terminated.
configure:3207: $? = 1
configure:3196: gcc -version >&5
gcc: error: unrecognized command-line option '-version'
gcc: fatal error: no input files
compilation terminated.
configure:3207: $? = 1
configure:3227: checking whether the C compiler works
configure:3249: gcc    conftest.c  >&5
configure:3253: $? = 0
configure:3304: result: yes
configure:3308: checking for C compiler default output file name
configure:3310: result: a.out
configure:3316: checking for suffix of executables
configure:3323: gcc -o conftest    conftest.c  >&5
configure:3327: $? = 0
configure:3351: result: 
configure:3375: checking whether we are cross compiling
configure:3383: gcc -o conftest    conftest.c  >&5
configure:3387: $? = 0
configure:3394: ./conftest
configure:3398: $? = 0
configure:3413: result: no
configure:3419: checking for suffix of object files
configure:3442: gcc -c   conftest.c >&5
configure:3446: $? = 0
configure:3470: result: o
configure:3474: checking whether the compiler supports GNU C
configure:3494: gcc -c   conftest.c >&5
configure:3494: $? = 0
configure:3506: result: yes
configure:3517: checking whether gcc accepts -g
configure:3538: gcc -c -g  conftest.c >&5
configure:3538: $? = 0
configure:3585: result: yes
configure:3605: checking for gcc option to enable C11 features
configure:3620: gcc  -c   conftest.c >&5
configure:3620: $? = 0
configure:3639: result: none needed
configure:3759: checking for existence of /src/third_party/tcl-8.6.17/unix/tclConfig.sh
configure:3763: result: loading
configure:3817: checking platform
configure:3835: gcc -c   conftest.c >&5
configure:3835: $? = 0
configure:3894: result: unix
configure:3948: checking for tdbc configuration
configure:4038: result: found /src/third_party/tcl-8.6.17/unix/pkgs/tdbc1.1.12/tdbcConfig.sh
configure:4044: checking for existence of /src/third_party/tcl-8.6.17/unix/pkgs/tdbc1.1.12/tdbcConfig.sh
configure:4048: result: loading
configure:4066: WARNING: Found Makefile - using build library specs for tdbc
configure:4139: checking For tdbc_STUB library for LIBS
configure:4172: result: using tdbc_STUB_LIB_SPEC -L/src/third_party/tcl-8.6.17/unix/pkgs/tdbc1.1.12 -ltdbcstub1.1.12
configure:4186: WARNING: Looking for "/src/third_party/tcl-8.6.17/unix/pkgs/tdbc1.1.12/Makefile"
configure:4189: WARNING: Found Makefile - using build include spec and lib specs for tdbc
configure:4220: --exec-prefix defaulting to TCL_EXEC_PREFIX /usr
configure:4354: checking for pthread_mutex_init in -lpthread
configure:4383: gcc -o conftest    conftest.c -lpthread   >&5
configure:4383: $? = 0
configure:4395: result: yes
configure:4642: checking for building with threads
configure:4648: result: yes (default)
configure:4739: checking for ranlib
configure:4760: found /usr/bin/ranlib
configure:4772: result: ranlib
configure:4798: checking for stdio.h
configure:4798: gcc -c   conftest.c >&5
configure:4798: $? = 0
configure:4798: result: yes
configure:4798: checking for stdlib.h
configure:4798: gcc -c   conftest.c >&5
configure:4798: $? = 0
configure:4798: result: yes
configure:4798: checking for string.h
configure:4798: gcc -c   conftest.c >&5
configure:4798: $? = 0
configure:4798: result: yes
configure:4798: checking for inttypes.h
configure:4798: gcc -c   conftest.c >&5
configure:4798: $? = 0
configure:4798: result: yes
configure:4798: checking for stdint.h
configure:4798: gcc -c   conftest.c >&5
configure:4798: $? = 0
configure:4798: result: yes
configure:4798: checking for strings.h
configure:4798: gcc -c   conftest.c >&5
configure:4798: $? = 0
configure:4798: result: yes
configure:4798: checking for sys/stat.h
configure:4798: gcc -c   conftest.c >&5
configure:4798: $? = 0
configure:4798: result: yes
configure:4798: checking for sys/types.h
configure:4798: gcc -c   conftest.c >&5
configure:4798: $? = 0
configure:4798: result: yes
configure:4798: checking for unistd.h
configure:4798: gcc -c   conftest.c >&5
configure:4798: $? = 0
configure:4798: result: yes
configure:4828: checking if 64bit support is requested
configure:4839: result: no
configure:4844: checking if 64bit Sparc VIS support is requested
configure:4855: result: no
configure:4866: checking if compiler supports visibility "hidden"
configure:4887: gcc -o conftest  -Werror   conftest.c  >&5
configure:4887: $? = 0
configure:4899: result: yes
configure:4915: checking if rpath support is requested
configure:4926: result: yes
configure:4933: checking system version
configure:4961: result: Linux-6.12.76-linuxkit
configure:5049: checking for ar
configure:5070: found /usr/bin/ar
configure:5082: result: ar
configure:6905: checking for cast to union support
configure:6925: gcc -c   conftest.c >&5
configure:6925: $? = 0
configure:6936: result: yes
configure:6944: checking for stdbool.h
configure:6944: gcc -c   conftest.c >&5
configure:6944: $? = 0
configure:6944: result: yes
configure:6970: checking for required early compiler flags
configure:6989: gcc -c   conftest.c >&5
configure:6989: $? = 0
configure:7082: result: none
configure:7090: checking for 64-bit integer type
configure:7110: gcc -c   conftest.c >&5
conftest.c: In function 'main':
conftest.c:32:1: error: unknown type name '__int64'
   32 | __int64 value = (__int64) 0;
      | ^~~~~~~
conftest.c:32:18: error: '__int64' undeclared (first use in this function)
   32 | __int64 value = (__int64) 0;
      |                  ^~~~~~~
conftest.c:32:18: note: each undeclared identifier is reported only once for each function it appears in
conftest.c:32:27: error: expected ',' or ';' before numeric constant
   32 | __int64 value = (__int64) 0;
      |                           ^
configure:7110: $? = 1
configure: failed program was:
| /* confdefs.h */
| #define PACKAGE_NAME "tdbcsqlite3"
| #define PACKAGE_TARNAME "tdbcsqlite3"
| #define PACKAGE_VERSION "1.1.12"
| #define PACKAGE_STRING "tdbcsqlite3 1.1.12"
| #define PACKAGE_BUGREPORT ""
| #define PACKAGE_URL ""
| #define BUILD_tdbcsqlite3 /**/
| #define USE_THREAD_ALLOC 1
| #define _REENTRANT 1
| #define _THREAD_SAFE 1
| #define TCL_THREADS 1
| #define HAVE_STDIO_H 1
| #define HAVE_STDLIB_H 1
| #define HAVE_STRING_H 1
| #define HAVE_INTTYPES_H 1
| #define HAVE_STDINT_H 1
| #define HAVE_STRINGS_H 1
| #define HAVE_SYS_STAT_H 1
| #define HAVE_SYS_TYPES_H 1
| #define HAVE_UNISTD_H 1
| #define STDC_HEADERS 1
| #define MODULE_SCOPE extern __attribute__((__visibility__("hidden")))
| #define HAVE_HIDDEN 1
| #define HAVE_CAST_TO_UNION 1
| #define HAVE_STDBOOL_H 1
| /* end confdefs.h.  */
| 
| int
| main (void)
| {
| __int64 value = (__int64) 0;
|   ;
|   return 0;
| }
configure:7134: gcc -c   conftest.c >&5
configure:7134: $? = 0
configure:7158: result: long long
configure:7235: checking for struct dirent64
configure:7254: gcc -c   conftest.c >&5
conftest.c: In function 'main':
conftest.c:34:17: error: storage size of 'p' isn't known
   34 | struct dirent64 p;
      |                 ^
configure:7254: $? = 1
configure: failed program was:
| /* confdefs.h */
| #define PACKAGE_NAME "tdbcsqlite3"
| #define PACKAGE_TARNAME "tdbcsqlite3"
| #define PACKAGE_VERSION "1.1.12"
| #define PACKAGE_STRING "tdbcsqlite3 1.1.12"
| #define PACKAGE_BUGREPORT ""
| #define PACKAGE_URL ""
| #define BUILD_tdbcsqlite3 /**/
| #define USE_THREAD_ALLOC 1
| #define _REENTRANT 1
| #define _THREAD_SAFE 1
| #define TCL_THREADS 1
| #define HAVE_STDIO_H 1
| #define HAVE_STDLIB_H 1
| #define HAVE_STRING_H 1
| #define HAVE_INTTYPES_H 1
| #define HAVE_STDINT_H 1
| #define HAVE_STRINGS_H 1
| #define HAVE_SYS_STAT_H 1
| #define HAVE_SYS_TYPES_H 1
| #define HAVE_UNISTD_H 1
| #define STDC_HEADERS 1
| #define MODULE_SCOPE extern __attribute__((__visibility__("hidden")))
| #define HAVE_HIDDEN 1
| #define HAVE_CAST_TO_UNION 1
| #define HAVE_STDBOOL_H 1
| #define TCL_WIDE_INT_TYPE long long
| /* end confdefs.h.  */
| #include <sys/types.h>
| #include <dirent.h>
| int
| main (void)
| {
| struct dirent64 p;
|   ;
|   return 0;
| }
configure:7264: result: no
configure:7272: checking for DIR64
configure:7292: gcc -c   conftest.c >&5
conftest.c: In function 'main':
conftest.c:34:21: error: unknown type name 'DIR64'; did you mean 'DIR'?
   34 | struct dirent64 *p; DIR64 d = opendir64(".");
      |                     ^~~~~
      |                     DIR
conftest.c:34:31: error: implicit declaration of function 'opendir64'; did you mean 'opendir'? [-Wimplicit-function-declaration]
   34 | struct dirent64 *p; DIR64 d = opendir64(".");
      |                               ^~~~~~~~~
      |                               opendir
conftest.c:35:17: error: implicit declaration of function 'readdir64'; did you mean 'readdir_r'? [-Wimplicit-function-declaration]
   35 |             p = readdir64(d); rewinddir64(d); closedir64(d);
      |                 ^~~~~~~~~
      |                 readdir_r
conftest.c:35:15: error: assignment to 'struct dirent64 *' from 'int' makes pointer from integer without a cast [-Wint-conversion]
   35 |             p = readdir64(d); rewinddir64(d); closedir64(d);
      |               ^
conftest.c:35:31: error: implicit declaration of function 'rewinddir64'; did you mean 'rewinddir'? [-Wimplicit-function-declaration]
   35 |             p = readdir64(d); rewinddir64(d); closedir64(d);
      |                               ^~~~~~~~~~~
      |                               rewinddir
conftest.c:35:47: error: implicit declaration of function 'closedir64'; did you mean 'closedir'? [-Wimplicit-function-declaration]
   35 |             p = readdir64(d); rewinddir64(d); closedir64(d);
      |                                               ^~~~~~~~~~
      |                                               closedir
configure:7292: $? = 1
configure: failed program was:
| /* confdefs.h */
| #define PACKAGE_NAME "tdbcsqlite3"
| #define PACKAGE_TARNAME "tdbcsqlite3"
| #define PACKAGE_VERSION "1.1.12"
| #define PACKAGE_STRING "tdbcsqlite3 1.1.12"
| #define PACKAGE_BUGREPORT ""
| #define PACKAGE_URL ""
| #define BUILD_tdbcsqlite3 /**/
| #define USE_THREAD_ALLOC 1
| #define _REENTRANT 1
| #define _THREAD_SAFE 1
| #define TCL_THREADS 1
| #define HAVE_STDIO_H 1
| #define HAVE_STDLIB_H 1
| #define HAVE_STRING_H 1
| #define HAVE_INTTYPES_H 1
| #define HAVE_STDINT_H 1
| #define HAVE_STRINGS_H 1
| #define HAVE_SYS_STAT_H 1
| #define HAVE_SYS_TYPES_H 1
| #define HAVE_UNISTD_H 1
| #define STDC_HEADERS 1
| #define MODULE_SCOPE extern __attribute__((__visibility__("hidden")))
| #define HAVE_HIDDEN 1
| #define HAVE_CAST_TO_UNION 1
| #define HAVE_STDBOOL_H 1
| #define TCL_WIDE_INT_TYPE long long
| /* end confdefs.h.  */
| #include <sys/types.h>
| #include <dirent.h>
| int
| main (void)
| {
| struct dirent64 *p; DIR64 d = opendir64(".");
| 	    p = readdir64(d); rewinddir64(d); closedir64(d);
|   ;
|   return 0;
| }
configure:7302: result: no
configure:7310: checking for struct stat64
configure:7329: gcc -c   conftest.c >&5
conftest.c: In function 'main':
conftest.c:33:15: error: storage size of 'p' isn't known
   33 | struct stat64 p;
      |               ^
configure:7329: $? = 1
configure: failed program was:
| /* confdefs.h */
| #define PACKAGE_NAME "tdbcsqlite3"
| #define PACKAGE_TARNAME "tdbcsqlite3"
| #define PACKAGE_VERSION "1.1.12"
| #define PACKAGE_STRING "tdbcsqlite3 1.1.12"
| #define PACKAGE_BUGREPORT ""
| #define PACKAGE_URL ""
| #define BUILD_tdbcsqlite3 /**/
| #define USE_THREAD_ALLOC 1
| #define _REENTRANT 1
| #define _THREAD_SAFE 1
| #define TCL_THREADS 1
| #define HAVE_STDIO_H 1
| #define HAVE_STDLIB_H 1
| #define HAVE_STRING_H 1
| #define HAVE_INTTYPES_H 1
| #define HAVE_STDINT_H 1
| #define HAVE_STRINGS_H 1
| #define HAVE_SYS_STAT_H 1
| #define HAVE_SYS_TYPES_H 1
| #define HAVE_UNISTD_H 1
| #define STDC_HEADERS 1
| #define MODULE_SCOPE extern __attribute__((__visibility__("hidden")))
| #define HAVE_HIDDEN 1
| #define HAVE_CAST_TO_UNION 1
| #define HAVE_STDBOOL_H 1
| #define TCL_WIDE_INT_TYPE long long
| /* end confdefs.h.  */
| #include <sys/stat.h>
| int
| main (void)
| {
| struct stat64 p;
| 
|   ;
|   return 0;
| }
configure:7339: result: no
configure:7347: checking for open64
configure:7347: gcc -o conftest    -Wl,--export-dynamic  conftest.c  >&5
/usr/lib/gcc/i586-alpine-linux-musl/15.2.0/../../../../i586-alpine-linux-musl/bin/ld: /tmp/ccMmAneo.o: in function `main':
conftest.c:(.text+0x14): undefined reference to `open64'
collect2: error: ld returned 1 exit status
configure:7347: $? = 1
configure: failed program was:
| /* confdefs.h */
| #define PACKAGE_NAME "tdbcsqlite3"
| #define PACKAGE_TARNAME "tdbcsqlite3"
| #define PACKAGE_VERSION "1.1.12"
| #define PACKAGE_STRING "tdbcsqlite3 1.1.12"
| #define PACKAGE_BUGREPORT ""
| #define PACKAGE_URL ""
| #define BUILD_tdbcsqlite3 /**/
| #define USE_THREAD_ALLOC 1
| #define _REENTRANT 1
| #define _THREAD_SAFE 1
| #define TCL_THREADS 1
| #define HAVE_STDIO_H 1
| #define HAVE_STDLIB_H 1
| #define HAVE_STRING_H 1
| #define HAVE_INTTYPES_H 1
| #define HAVE_STDINT_H 1
| #define HAVE_STRINGS_H 1
| #define HAVE_SYS_STAT_H 1
| #define HAVE_SYS_TYPES_H 1
| #define HAVE_UNISTD_H 1
| #define STDC_HEADERS 1
| #define MODULE_SCOPE extern __attribute__((__visibility__("hidden")))
| #define HAVE_HIDDEN 1
| #define HAVE_CAST_TO_UNION 1
| #define HAVE_STDBOOL_H 1
| #define TCL_WIDE_INT_TYPE long long
| /* end confdefs.h.  */
| /* Define open64 to an innocuous variant, in case <limits.h> declares open64.
|    For example, HP-UX 11i <limits.h> declares gettimeofday.  */
| #define open64 innocuous_open64
| 
| /* System header to define __stub macros and hopefully few prototypes,
|    which can conflict with char open64 (void); below.  */
| 
| #include <limits.h>
| #undef open64
| 
| /* Override any GCC internal prototype to avoid an error.
|    Use char because int might match the return type of a GCC
|    builtin and then its argument prototype would still apply.  */
| #ifdef __cplusplus
| extern "C"
| #endif
| char open64 (void);
| /* The GNU C library defines this for functions which it implements
|     to always fail with ENOSYS.  Some functions are actually named
|     something starting with __ and the normal name is an alias.  */
| #if defined __stub_open64 || defined __stub___open64
| choke me
| #endif
| 
| int
| main (void)
| {
| return open64 ();
|   ;
|   return 0;
| }
configure:7347: result: no
configure:7353: checking for lseek64
configure:7353: gcc -o conftest    -Wl,--export-dynamic  conftest.c  >&5
/usr/lib/gcc/i586-alpine-linux-musl/15.2.0/../../../../i586-alpine-linux-musl/bin/ld: /tmp/ccIAfOLa.o: in function `main':
conftest.c:(.text+0x14): undefined reference to `lseek64'
collect2: error: ld returned 1 exit status
configure:7353: $? = 1
configure: failed program was:
| /* confdefs.h */
| #define PACKAGE_NAME "tdbcsqlite3"
| #define PACKAGE_TARNAME "tdbcsqlite3"
| #define PACKAGE_VERSION "1.1.12"
| #define PACKAGE_STRING "tdbcsqlite3 1.1.12"
| #define PACKAGE_BUGREPORT ""
| #define PACKAGE_URL ""
| #define BUILD_tdbcsqlite3 /**/
| #define USE_THREAD_ALLOC 1
| #define _REENTRANT 1
| #define _THREAD_SAFE 1
| #define TCL_THREADS 1
| #define HAVE_STDIO_H 1
| #define HAVE_STDLIB_H 1
| #define HAVE_STRING_H 1
| #define HAVE_INTTYPES_H 1
| #define HAVE_STDINT_H 1
| #define HAVE_STRINGS_H 1
| #define HAVE_SYS_STAT_H 1
| #define HAVE_SYS_TYPES_H 1
| #define HAVE_UNISTD_H 1
| #define STDC_HEADERS 1
| #define MODULE_SCOPE extern __attribute__((__visibility__("hidden")))
| #define HAVE_HIDDEN 1
| #define HAVE_CAST_TO_UNION 1
| #define HAVE_STDBOOL_H 1
| #define TCL_WIDE_INT_TYPE long long
| /* end confdefs.h.  */
| /* Define lseek64 to an innocuous variant, in case <limits.h> declares lseek64.
|    For example, HP-UX 11i <limits.h> declares gettimeofday.  */
| #define lseek64 innocuous_lseek64
| 
| /* System header to define __stub macros and hopefully few prototypes,
|    which can conflict with char lseek64 (void); below.  */
| 
| #include <limits.h>
| #undef lseek64
| 
| /* Override any GCC internal prototype to avoid an error.
|    Use char because int might match the return type of a GCC
|    builtin and then its argument prototype would still apply.  */
| #ifdef __cplusplus
| extern "C"
| #endif
| char lseek64 (void);
| /* The GNU C library defines this for functions which it implements
|     to always fail with ENOSYS.  Some functions are actually named
|     something starting with __ and the normal name is an alias.  */
| #if defined __stub_lseek64 || defined __stub___lseek64
| choke me
| #endif
| 
| int
| main (void)
| {
| return lseek64 ();
|   ;
|   return 0;
| }
configure:7353: result: no
configure:7360: checking for off64_t
configure:7379: gcc -c   conftest.c >&5
conftest.c: In function 'main':
conftest.c:33:1: error: unknown type name 'off64_t'; did you mean 'off_t'?
   33 | off64_t offset;
      | ^~~~~~~
      | off_t
configure:7379: $? = 1
configure: failed program was:
| /* confdefs.h */
| #define PACKAGE_NAME "tdbcsqlite3"
| #define PACKAGE_TARNAME "tdbcsqlite3"
| #define PACKAGE_VERSION "1.1.12"
| #define PACKAGE_STRING "tdbcsqlite3 1.1.12"
| #define PACKAGE_BUGREPORT ""
| #define PACKAGE_URL ""
| #define BUILD_tdbcsqlite3 /**/
| #define USE_THREAD_ALLOC 1
| #define _REENTRANT 1
| #define _THREAD_SAFE 1
| #define TCL_THREADS 1
| #define HAVE_STDIO_H 1
| #define HAVE_STDLIB_H 1
| #define HAVE_STRING_H 1
| #define HAVE_INTTYPES_H 1
| #define HAVE_STDINT_H 1
| #define HAVE_STRINGS_H 1
| #define HAVE_SYS_STAT_H 1
| #define HAVE_SYS_TYPES_H 1
| #define HAVE_UNISTD_H 1
| #define STDC_HEADERS 1
| #define MODULE_SCOPE extern __attribute__((__visibility__("hidden")))
| #define HAVE_HIDDEN 1
| #define HAVE_CAST_TO_UNION 1
| #define HAVE_STDBOOL_H 1
| #define TCL_WIDE_INT_TYPE long long
| /* end confdefs.h.  */
| #include <sys/types.h>
| int
| main (void)
| {
| off64_t offset;
| 
|   ;
|   return 0;
| }
configure:7399: result: no
configure:7407: checking for build with symbols
configure:7421: result: no
configure:7471: checking for tclsh
configure:7506: result: /src/third_party/tcl-8.6.17/unix/tclsh
configure:7677: creating ./config.status

## ---------------------- ##
## Running config.status. ##
## ---------------------- ##

This file was extended by tdbcsqlite3 config.status 1.1.12, which was
generated by GNU Autoconf 2.72.  Invocation command line was

  CONFIG_FILES    = 
  CONFIG_HEADERS  = 
  CONFIG_LINKS    = 
  CONFIG_COMMANDS = 
  $ ./config.status 

on 70f4bd37f537

config.status:796: creating Makefile
config.status:796: creating pkgIndex.tcl
configure:8677: WARNING: unrecognized options: --with-tclinclude, --with-system-sqlite, --enable-shared

## ---------------- ##
## Cache variables. ##
## ---------------- ##

ac_cv_c_compiler_gnu='yes'
ac_cv_c_tclconfig='/src/third_party/tcl-8.6.17/unix'
ac_cv_c_tdbcconfig='/src/third_party/tcl-8.6.17/unix/pkgs/tdbc1.1.12'
ac_cv_env_CC_set=''
ac_cv_env_CC_value=''
ac_cv_env_CFLAGS_set=''
ac_cv_env_CFLAGS_value=''
ac_cv_env_CPPFLAGS_set=''
ac_cv_env_CPPFLAGS_value=''
ac_cv_env_LDFLAGS_set=''
ac_cv_env_LDFLAGS_value=''
ac_cv_env_LIBS_set=''
ac_cv_env_LIBS_value=''
ac_cv_env_build_alias_set=''
ac_cv_env_build_alias_value=''
ac_cv_env_host_alias_set=''
ac_cv_env_host_alias_value=''
ac_cv_env_target_alias_set=''
ac_cv_env_target_alias_value=''
ac_cv_func_lseek64='no'
ac_cv_func_open64='no'
ac_cv_header_inttypes_h='yes'
ac_cv_header_stdbool_h='yes'
ac_cv_header_stdint_h='yes'
ac_cv_header_stdio_h='yes'
ac_cv_header_stdlib_h='yes'
ac_cv_header_string_h='yes'
ac_cv_header_strings_h='yes'
ac_cv_header_sys_stat_h='yes'
ac_cv_header_sys_types_h='yes'
ac_cv_header_unistd_h='yes'
ac_cv_lib_pthread_pthread_mutex_init='yes'
ac_cv_objext='o'
ac_cv_prog_ac_ct_AR='ar'
ac_cv_prog_ac_ct_CC='gcc'
ac_cv_prog_ac_ct_RANLIB='ranlib'
ac_cv_prog_cc_c11=''
ac_cv_prog_cc_g='yes'
ac_cv_prog_cc_stdc=''
tcl_cv_DIR64='no'
tcl_cv_cast_to_union='yes'
tcl_cv_cc_visibility_hidden='yes'
tcl_cv_flag__isoc99_source='no'
tcl_cv_struct_dirent64='no'
tcl_cv_struct_stat64='no'
tcl_cv_sys_version='Linux-6.12.76-linuxkit'
tcl_cv_type_64bit='long long'
tcl_cv_type_off64_t='no'

## ----------------- ##
## Output variables. ##
## ----------------- ##

AR='ar'
CC='gcc'
CFLAGS=' '
CFLAGS_DEBUG='-g'
CFLAGS_DEFAULT='-O2 -fomit-frame-pointer -DNDEBUG'
CFLAGS_OPTIMIZE='-O2 -fomit-frame-pointer'
CFLAGS_WARNING='-Wall'
CLEANFILES=''
CPPFLAGS=''
CYGPATH='echo'
DEFS='-DPACKAGE_NAME=\"tdbcsqlite3\" -DPACKAGE_TARNAME=\"tdbcsqlite3\" -DPACKAGE_VERSION=\"1.1.12\" -DPACKAGE_STRING=\"tdbcsqlite3\ 1.1.12\" -DPACKAGE_BUGREPORT=\"\" -DPACKAGE_URL=\"\" -DBUILD_tdbcsqlite3=/\*\*/ -DUSE_THREAD_ALLOC=1 -D_REENTRANT=1 -D_THREAD_SAFE=1 -DTCL_THREADS=1 -DHAVE_STDIO_H=1 -DHAVE_STDLIB_H=1 -DHAVE_STRING_H=1 -DHAVE_INTTYPES_H=1 -DHAVE_STDINT_H=1 -DHAVE_STRINGS_H=1 -DHAVE_SYS_STAT_H=1 -DHAVE_SYS_TYPES_H=1 -DHAVE_UNISTD_H=1 -DSTDC_HEADERS=1 -DMODULE_SCOPE=extern\ __attribute__\(\(__visibility__\(\"hidden\"\)\)\) -DHAVE_HIDDEN=1 -DHAVE_CAST_TO_UNION=1 -DHAVE_STDBOOL_H=1 -DTCL_WIDE_INT_TYPE=long\ long -DTCL_CFG_OPTIMIZED=1'
ECHO_C=''
ECHO_N='-n'
ECHO_T=''
EXEEXT=''
INSTALL='$(SHELL) $(srcdir)/tclconfig/install-sh -c'
INSTALL_DATA='${INSTALL} -m 644'
INSTALL_DATA_DIR='${INSTALL} -d -m 755'
INSTALL_LIBRARY='${INSTALL} -m 644'
INSTALL_PROGRAM='${INSTALL} -m 755'
INSTALL_SCRIPT='${INSTALL} -m 755'
LDFLAGS=' -Wl,--export-dynamic '
LDFLAGS_DEBUG=''
LDFLAGS_DEFAULT=''
LDFLAGS_OPTIMIZE=''
LD_LIBRARY_PATH_VAR='LD_LIBRARY_PATH'
LIBOBJS=''
LIBS=''
LTLIBOBJS=''
OBJEXT='o'
PACKAGE_BUGREPORT=''
PACKAGE_NAME='tdbcsqlite3'
PACKAGE_STRING='tdbcsqlite3 1.1.12'
PACKAGE_TARNAME='tdbcsqlite3'
PACKAGE_URL=''
PACKAGE_VERSION='1.1.12'
PATH_SEPARATOR=':'
PKG_CFLAGS=''
PKG_HEADERS=''
PKG_INCLUDES=''
PKG_LIBS=' -L/src/third_party/tcl-8.6.17/unix/pkgs/tdbc1.1.12 -ltdbcstub1.1.12'
PKG_LIB_FILE8=''
PKG_LIB_FILE9=''
PKG_LIB_FILE=''
PKG_STUB_OBJECTS=''
PKG_STUB_SOURCES=''
PKG_TCL_SOURCES=' library/tdbcsqlite3.tcl'
RANLIB='ranlib'
RC=''
SHELL='/bin/sh'
SHLIB_CFLAGS='-fPIC'
SHLIB_LD='${CC} ${CFLAGS} ${LDFLAGS_DEFAULT} -shared'
SHLIB_LD_LIBS='${LIBS}'
STLIB_LD='${AR} cr'
TCLSH_PROG='/src/third_party/tcl-8.6.17/unix/tclsh'
TCL_BIN_DIR='/src/third_party/tcl-8.6.17/unix'
TCL_DEFS='-DPACKAGE_NAME=\"tcl\" -DPACKAGE_TARNAME=\"tcl\" -DPACKAGE_VERSION=\"8.6\" -DPACKAGE_STRING=\"tcl\ 8.6\" -DPACKAGE_BUGREPORT=\"\" -DSTDC_HEADERS=1 -DHAVE_SYS_TYPES_H=1 -DHAVE_SYS_STAT_H=1 -DHAVE_STDLIB_H=1 -DHAVE_STRING_H=1 -DHAVE_MEMORY_H=1 -DHAVE_STRINGS_H=1 -DHAVE_INTTYPES_H=1 -DHAVE_STDINT_H=1 -DHAVE_UNISTD_H=1 -DHAVE_SYS_PARAM_H=1 -DUSE_THREAD_ALLOC=1 -D_REENTRANT=1 -D_THREAD_SAFE=1 -DHAVE_PTHREAD_ATTR_SETSTACKSIZE=1 -DHAVE_PTHREAD_ATFORK=1 -DTCL_THREADS=1 -DTCL_CFGVAL_ENCODING=\"iso8859-1\" -DHAVE_ZLIB=1 -DMODULE_SCOPE=extern\ __attribute__\(\(__visibility__\(\"hidden\"\)\)\) -DHAVE_HIDDEN=1 -DHAVE_CAST_TO_UNION=1 -DHAVE_VFORK=1 -DHAVE_POSIX_SPAWNP=1 -DHAVE_POSIX_SPAWN_FILE_ACTIONS_ADDDUP2=1 -DHAVE_POSIX_SPAWNATTR_SETFLAGS=1 -DTCL_SHLIB_EXT=\".so\" -DNDEBUG=1 -DTCL_CFG_OPTIMIZED=1 -DMP_PREC=4 -D_LARGEFILE64_SOURCE=1 -DTCL_WIDE_INT_TYPE=long\ long -DHAVE_STRUCT_DIRENT64=1 -DHAVE_STRUCT_STAT64=1 -DHAVE_GETCWD=1 -DHAVE_MKSTEMP=1 -DHAVE_OPENDIR=1 -DHAVE_STRTOL=1 -DHAVE_WAITPID=1 -DNO_GETWD=1 -DHAVE_GETNAMEINFO=1 -DHAVE_GETADDRINFO=1 -DHAVE_FREEADDRINFO=1 -DHAVE_GAI_STRERROR=1 -DHAVE_STRUCT_ADDRINFO=1 -DHAVE_STRUCT_IN6_ADDR=1 -DHAVE_STRUCT_SOCKADDR_IN6=1 -DHAVE_STRUCT_SOCKADDR_STORAGE=1 -DHAVE_GETPWUID_R_5=1 -DHAVE_GETPWUID_R=1 -DHAVE_GETPWNAM_R_5=1 -DHAVE_GETPWNAM_R=1 -DHAVE_GETGRGID_R_5=1 -DHAVE_GETGRGID_R=1 -DHAVE_GETGRNAM_R_5=1 -DHAVE_GETGRNAM_R=1 -DHAVE_DECL_GETHOSTBYNAME_R=1 -DHAVE_GETHOSTBYNAME_R_6=1 -DHAVE_GETHOSTBYNAME_R=1 -DHAVE_DECL_GETHOSTBYADDR_R=1 -DHAVE_GETHOSTBYADDR_R_8=1 -DHAVE_GETHOSTBYADDR_R=1 -DHAVE_TERMIOS_H=1 -DHAVE_SYS_IOCTL_H=1 -DHAVE_SYS_TIME_H=1 -DTIME_WITH_SYS_TIME=1 -DHAVE_GMTIME_R=1 -DHAVE_LOCALTIME_R=1 -DHAVE_MKTIME=1 -DHAVE_TM_GMTOFF=1 -DHAVE_TIMEZONE_VAR=1 -DHAVE_STRUCT_STAT_ST_BLOCKS=1 -DHAVE_STRUCT_STAT_ST_BLKSIZE=1 -DHAVE_BLKCNT_T=1 -DHAVE_INTPTR_T=1 -DHAVE_UINTPTR_T=1 -DNO_UNION_WAIT=1 -DHAVE_SIGNED_CHAR=1 -DHAVE_LANGINFO=1 -DHAVE_MKSTEMPS=1 -DHAVE_SYS_IOCTL_H=1 -DTCL_UNLOAD_DLLS=1 -DHAVE_CPUID=1 '
TCL_EXTRA_CFLAGS=' -pipe '
TCL_LD_FLAGS=' -Wl,--export-dynamic '
TCL_LIBS='-ldl -lz  -lpthread '
TCL_LIB_FILE='libtcl8.6.so'
TCL_LIB_FLAG='-ltcl8.6'
TCL_LIB_SPEC='-L/src/third_party/tcl-8.6.17/unix -ltcl8.6'
TCL_MAJOR_VERSION='8'
TCL_MINOR_VERSION='6'
TCL_PATCH_LEVEL='.17'
TCL_SHLIB_LD_LIBS='${LIBS}'
TCL_SRC_DIR='/src/third_party/tcl-8.6.17'
TCL_STUB_LIB_FILE='libtclstub8.6.a'
TCL_STUB_LIB_FLAG='-ltclstub8.6'
TCL_STUB_LIB_SPEC='-L/src/third_party/tcl-8.6.17/unix -ltclstub8.6'
TCL_THREADS='1'
TCL_VERSION='8.6'
TDBC_LIB_FILE='libtdbc1.1.12.so'
TDBC_VERSION='1.1.12'
ac_ct_CC='gcc'
bindir='${exec_prefix}/bin'
build_alias=''
datadir='${datarootdir}'
datarootdir='${prefix}/share'
docdir='${datarootdir}/doc/${PACKAGE_TARNAME}'
dvidir='${docdir}'
exec_prefix='/usr'
host_alias=''
htmldir='${docdir}'
includedir='${prefix}/include'
infodir='${datarootdir}/info'
libdir='/usr/lib'
libexecdir='${exec_prefix}/libexec'
localedir='${datarootdir}/locale'
localstatedir='/var'
mandir='/usr/share/man'
oldincludedir='/usr/include'
pdfdir='${docdir}'
prefix='/usr'
program_transform_name='s,x,x,'
psdir='${docdir}'
runstatedir='${localstatedir}/run'
sbindir='${exec_prefix}/sbin'
sharedstatedir='${prefix}/com'
sysconfdir='/etc'
target_alias=''
tdbc_BIN_DIR='/src/third_party/tcl-8.6.17/unix/pkgs/tdbc1.1.12'
tdbc_LIBRARY_PATH='/src/third_party/tcl-8.6.17/pkgs/tdbc1.1.12/library'
tdbc_LIB_FILE='libtdbc1.1.12.so'
tdbc_LIB_SPEC='-L/src/third_party/tcl-8.6.17/unix/pkgs/tdbc1.1.12 -ltdbc1.1.12'
tdbc_SRC_DIR='/src/third_party/tcl-8.6.17/pkgs/tdbc1.1.12'
tdbc_STUB_LIB_FILE='libtdbcstub1.1.12.a'
tdbc_STUB_LIB_PATH='/src/third_party/tcl-8.6.17/unix/pkgs/tdbc1.1.12/libtdbcstub1.1.12.a'
tdbc_STUB_LIB_SPEC='-L/src/third_party/tcl-8.6.17/unix/pkgs/tdbc1.1.12 -ltdbcstub1.1.12'
tdbc_VERSION='1.1.12'

## ----------- ##
## confdefs.h. ##
## ----------- ##

/* confdefs.h */
#define PACKAGE_NAME "tdbcsqlite3"
#define PACKAGE_TARNAME "tdbcsqlite3"
#define PACKAGE_VERSION "1.1.12"
#define PACKAGE_STRING "tdbcsqlite3 1.1.12"
#define PACKAGE_BUGREPORT ""
#define PACKAGE_URL ""
#define BUILD_tdbcsqlite3 /**/
#define USE_THREAD_ALLOC 1
#define _REENTRANT 1
#define _THREAD_SAFE 1
#define TCL_THREADS 1
#define HAVE_STDIO_H 1
#define HAVE_STDLIB_H 1
#define HAVE_STRING_H 1
#define HAVE_INTTYPES_H 1
#define HAVE_STDINT_H 1
#define HAVE_STRINGS_H 1
#define HAVE_SYS_STAT_H 1
#define HAVE_SYS_TYPES_H 1
#define HAVE_UNISTD_H 1
#define STDC_HEADERS 1
#define MODULE_SCOPE extern __attribute__((__visibility__("hidden")))
#define HAVE_HIDDEN 1
#define HAVE_CAST_TO_UNION 1
#define HAVE_STDBOOL_H 1
#define TCL_WIDE_INT_TYPE long long
#define TCL_CFG_OPTIMIZED 1

configure: exit 0
