This file contains any messages produced by compilers while
running configure, to aid debugging if configure makes a mistake.

It was created by thread configure 2.8.12, which was
generated by GNU Autoconf 2.72.  Invocation command line was

  $ /src/third_party/tcl-8.6.17/pkgs/thread2.8.12/configure --with-tcl=../.. --with-tclinclude=/src/third_party/tcl-8.6.17/generic --prefix=/usr --sysconfdir=/etc --mandir=/usr/share/man --localstatedir=/var --with-system-sqlite --disable-64bit --libdir=/usr/lib --enable-shared --enable-threads

## --------- ##
## Platform. ##
## --------- ##

hostname = 70f4bd37f537
uname -m = i686
uname -r = 6.12.76-linuxkit
uname -s = Linux
uname -v = #1 SMP Tue Jul 21 14:38:37 UTC 2026

/usr/bin/uname -p = unknown
/bin/uname -X     = unknown

/bin/arch              = i686
/usr/bin/arch -k       = unknown
/usr/convex/getsysinfo = unknown
/usr/bin/hostinfo      = unknown
/bin/machine           = unknown
/usr/bin/oslevel       = unknown
/bin/universe          = unknown

PATH: /usr/local/sbin/
PATH: /usr/local/bin/
PATH: /usr/sbin/
PATH: /usr/bin/
PATH: /sbin/
PATH: /bin/


## ----------- ##
## Core tests. ##
## ----------- ##

configure:2486: checking TEA configuration
configure:2492: result: ok (TEA 3.13)
configure:2579: configuring thread 2.8.12
configure:2609: checking system version
configure:2637: result: Linux-6.12.76-linuxkit
configure:2686: checking for Tcl configuration
configure:2826: result: found /src/third_party/tcl-8.6.17/unix/tclConfig.sh
configure:2894: checking for gcc
configure:2915: found /usr/bin/gcc
configure:2927: result: gcc
configure:3286: checking for C compiler version
configure:3295: gcc --version >&5
gcc (Alpine 15.2.0) 15.2.0
Copyright (C) 2025 Free Software Foundation, Inc.
This is free software; see the source for copying conditions.  There is NO
warranty; not even for MERCHANTABILITY or FITNESS FOR A PARTICULAR PURPOSE.

configure:3306: $? = 0
configure:3295: gcc -v >&5
Using built-in specs.
COLLECT_GCC=gcc
COLLECT_LTO_WRAPPER=/usr/libexec/gcc/i586-alpine-linux-musl/15.2.0/lto-wrapper
Target: i586-alpine-linux-musl
Configured with: /home/buildozer/aports/main/gcc/src/gcc-15.2.0/configure --prefix=/usr --mandir=/usr/share/man --infodir=/usr/share/info --build=i586-alpine-linux-musl --host=i586-alpine-linux-musl --target=i586-alpine-linux-musl --enable-checking=release --disable-cet --disable-fixed-point --disable-libstdcxx-pch --disable-multilib --disable-nls --disable-werror --disable-symvers --enable-__cxa_atexit --enable-default-pie --enable-default-ssp --enable-languages=c,c++,objc,go,fortran,ada --enable-link-serialization=2 --enable-linker-build-id --with-arch=pentium-m --with-fpmath=sse --with-tune=generic --enable-cld --disable-libssp --disable-libsanitizer --enable-shared --enable-threads --enable-tls --with-bugurl=https://gitlab.alpinelinux.org/alpine/aports/-/issues --with-system-zlib --with-linker-hash-style=gnu --with-pkgversion='Alpine 15.2.0'
Thread model: posix
Supported LTO compression algorithms: zlib
gcc version 15.2.0 (Alpine 15.2.0) 
configure:3306: $? = 0
configure:3295: gcc -V >&5
gcc: error: unrecognized command-line option '-V'
gcc: fatal error: no input files
compilation terminated.
configure:3306: $? = 1
configure:3295: gcc -qversion >&5
gcc: error: unrecognized command-line option '-qversion'; did you mean '--version'?
gcc: fatal error: no input files
compilation terminated.
configure:3306: $? = 1
configure:3295: gcc -version >&5
gcc: error: unrecognized command-line option '-version'
gcc: fatal error: no input files
compilation terminated.
configure:3306: $? = 1
configure:3326: checking whether the C compiler works
configure:3348: gcc    conftest.c  >&5
configure:3352: $? = 0
configure:3403: result: yes
configure:3407: checking for C compiler default output file name
configure:3409: result: a.out
configure:3415: checking for suffix of executables
configure:3422: gcc -o conftest    conftest.c  >&5
configure:3426: $? = 0
configure:3450: result: 
configure:3474: checking whether we are cross compiling
configure:3482: gcc -o conftest    conftest.c  >&5
configure:3486: $? = 0
configure:3493: ./conftest
configure:3497: $? = 0
configure:3512: result: no
configure:3518: checking for suffix of object files
configure:3541: gcc -c   conftest.c >&5
configure:3545: $? = 0
configure:3569: result: o
configure:3573: checking whether the compiler supports GNU C
configure:3593: gcc -c   conftest.c >&5
configure:3593: $? = 0
configure:3605: result: yes
configure:3616: checking whether gcc accepts -g
configure:3637: gcc -c -g  conftest.c >&5
configure:3637: $? = 0
configure:3684: result: yes
configure:3704: checking for gcc option to enable C11 features
configure:3719: gcc  -c   conftest.c >&5
configure:3719: $? = 0
configure:3738: result: none needed
configure:3858: checking for existence of /src/third_party/tcl-8.6.17/unix/tclConfig.sh
configure:3862: result: loading
configure:3916: checking platform
configure:3934: gcc -c   conftest.c >&5
configure:3934: $? = 0
configure:3993: result: unix
configure:4056: --exec-prefix defaulting to TCL_EXEC_PREFIX /usr
configure:4132: checking for gcc
configure:4165: result: gcc
configure:4524: checking for C compiler version
configure:4533: gcc --version >&5
gcc (Alpine 15.2.0) 15.2.0
Copyright (C) 2025 Free Software Foundation, Inc.
This is free software; see the source for copying conditions.  There is NO
warranty; not even for MERCHANTABILITY or FITNESS FOR A PARTICULAR PURPOSE.

configure:4544: $? = 0
configure:4533: gcc -v >&5
Using built-in specs.
COLLECT_GCC=gcc
COLLECT_LTO_WRAPPER=/usr/libexec/gcc/i586-alpine-linux-musl/15.2.0/lto-wrapper
Target: i586-alpine-linux-musl
Configured with: /home/buildozer/aports/main/gcc/src/gcc-15.2.0/configure --prefix=/usr --mandir=/usr/share/man --infodir=/usr/share/info --build=i586-alpine-linux-musl --host=i586-alpine-linux-musl --target=i586-alpine-linux-musl --enable-checking=release --disable-cet --disable-fixed-point --disable-libstdcxx-pch --disable-multilib --disable-nls --disable-werror --disable-symvers --enable-__cxa_atexit --enable-default-pie --enable-default-ssp --enable-languages=c,c++,objc,go,fortran,ada --enable-link-serialization=2 --enable-linker-build-id --with-arch=pentium-m --with-fpmath=sse --with-tune=generic --enable-cld --disable-libssp --disable-libsanitizer --enable-shared --enable-threads --enable-tls --with-bugurl=https://gitlab.alpinelinux.org/alpine/aports/-/issues --with-system-zlib --with-linker-hash-style=gnu --with-pkgversion='Alpine 15.2.0'
Thread model: posix
Supported LTO compression algorithms: zlib
gcc version 15.2.0 (Alpine 15.2.0) 
configure:4544: $? = 0
configure:4533: gcc -V >&5
gcc: error: unrecognized command-line option '-V'
gcc: fatal error: no input files
compilation terminated.
configure:4544: $? = 1
configure:4533: gcc -qversion >&5
gcc: error: unrecognized command-line option '-qversion'; did you mean '--version'?
gcc: fatal error: no input files
compilation terminated.
configure:4544: $? = 1
configure:4533: gcc -version >&5
gcc: error: unrecognized command-line option '-version'
gcc: fatal error: no input files
compilation terminated.
configure:4544: $? = 1
configure:4548: checking whether the compiler supports GNU C
configure:4580: result: yes
configure:4591: checking whether gcc accepts -g
configure:4659: result: yes
configure:4679: checking for gcc option to enable C11 features
configure:4713: result: none needed
configure:4836: checking how to run the C preprocessor
configure:4862: gcc -E  conftest.c
configure:4862: $? = 0
configure:4878: gcc -E  conftest.c
conftest.c:10:10: fatal error: ac_nonexistent.h: No such file or directory
   10 | #include <ac_nonexistent.h>
      |          ^~~~~~~~~~~~~~~~~~
compilation terminated.
configure:4878: $? = 1
configure: failed program was:
| /* confdefs.h */
| #define PACKAGE_NAME "thread"
| #define PACKAGE_TARNAME "thread"
| #define PACKAGE_VERSION "2.8.12"
| #define PACKAGE_STRING "thread 2.8.12"
| #define PACKAGE_BUGREPORT ""
| #define PACKAGE_URL ""
| #define BUILD_thread /**/
| /* end confdefs.h.  */
| #include <ac_nonexistent.h>
configure:4907: result: gcc -E
configure:4921: gcc -E  conftest.c
configure:4921: $? = 0
configure:4937: gcc -E  conftest.c
conftest.c:10:10: fatal error: ac_nonexistent.h: No such file or directory
   10 | #include <ac_nonexistent.h>
      |          ^~~~~~~~~~~~~~~~~~
compilation terminated.
configure:4937: $? = 1
configure: failed program was:
| /* confdefs.h */
| #define PACKAGE_NAME "thread"
| #define PACKAGE_TARNAME "thread"
| #define PACKAGE_VERSION "2.8.12"
| #define PACKAGE_STRING "thread 2.8.12"
| #define PACKAGE_BUGREPORT ""
| #define PACKAGE_URL ""
| #define BUILD_thread /**/
| /* end confdefs.h.  */
| #include <ac_nonexistent.h>
configure:4974: checking whether make sets $(MAKE)
configure:4998: result: yes
configure:5061: checking for ranlib
configure:5082: found /usr/bin/ranlib
configure:5094: result: ranlib
configure:5128: checking for stdio.h
configure:5128: gcc -c   conftest.c >&5
configure:5128: $? = 0
configure:5128: result: yes
configure:5128: checking for stdlib.h
configure:5128: gcc -c   conftest.c >&5
configure:5128: $? = 0
configure:5128: result: yes
configure:5128: checking for string.h
configure:5128: gcc -c   conftest.c >&5
configure:5128: $? = 0
configure:5128: result: yes
configure:5128: checking for inttypes.h
configure:5128: gcc -c   conftest.c >&5
configure:5128: $? = 0
configure:5128: result: yes
configure:5128: checking for stdint.h
configure:5128: gcc -c   conftest.c >&5
configure:5128: $? = 0
configure:5128: result: yes
configure:5128: checking for strings.h
configure:5128: gcc -c   conftest.c >&5
configure:5128: $? = 0
configure:5128: result: yes
configure:5128: checking for sys/stat.h
configure:5128: gcc -c   conftest.c >&5
configure:5128: $? = 0
configure:5128: result: yes
configure:5128: checking for sys/types.h
configure:5128: gcc -c   conftest.c >&5
configure:5128: $? = 0
configure:5128: result: yes
configure:5128: checking for unistd.h
configure:5128: gcc -c   conftest.c >&5
configure:5128: $? = 0
configure:5128: result: yes
configure:5163: checking if the compiler understands -pipe
configure:5182: gcc -c  -pipe  conftest.c >&5
configure:5182: $? = 0
configure:5193: result: yes
configure:5210: checking whether byte ordering is bigendian
configure:5226: gcc -c  -pipe  conftest.c >&5
conftest.c:22:16: error: unknown type name 'not'
   22 |                not a universal capable compiler
      |                ^~~
conftest.c:22:22: error: expected '=', ',', ';', 'asm' or '__attribute__' before 'universal'
   22 |                not a universal capable compiler
      |                      ^~~~~~~~~
conftest.c:22:22: error: unknown type name 'universal'
configure:5226: $? = 1
configure: failed program was:
| /* confdefs.h */
| #define PACKAGE_NAME "thread"
| #define PACKAGE_TARNAME "thread"
| #define PACKAGE_VERSION "2.8.12"
| #define PACKAGE_STRING "thread 2.8.12"
| #define PACKAGE_BUGREPORT ""
| #define PACKAGE_URL ""
| #define BUILD_thread /**/
| #define HAVE_STDIO_H 1
| #define HAVE_STDLIB_H 1
| #define HAVE_STRING_H 1
| #define HAVE_INTTYPES_H 1
| #define HAVE_STDINT_H 1
| #define HAVE_STRINGS_H 1
| #define HAVE_SYS_STAT_H 1
| #define HAVE_SYS_TYPES_H 1
| #define HAVE_UNISTD_H 1
| #define STDC_HEADERS 1
| #define Tcl_Size int
| /* end confdefs.h.  */
| #ifndef __APPLE_CC__
| 	       not a universal capable compiler
| 	     #endif
| 	     typedef int dummy;
| 
configure:5272: gcc -c  -pipe  conftest.c >&5
configure:5272: $? = 0
configure:5291: gcc -c  -pipe  conftest.c >&5
conftest.c: In function 'main':
conftest.c:28:18: error: unknown type name 'not'; did you mean 'ino_t'?
   28 |                  not big endian
      |                  ^~~
      |                  ino_t
conftest.c:28:26: error: expected '=', ',', ';', 'asm' or '__attribute__' before 'endian'
   28 |                  not big endian
      |                          ^~~~~~
configure:5291: $? = 1
configure: failed program was:
| /* confdefs.h */
| #define PACKAGE_NAME "thread"
| #define PACKAGE_TARNAME "thread"
| #define PACKAGE_VERSION "2.8.12"
| #define PACKAGE_STRING "thread 2.8.12"
| #define PACKAGE_BUGREPORT ""
| #define PACKAGE_URL ""
| #define BUILD_thread /**/
| #define HAVE_STDIO_H 1
| #define HAVE_STDLIB_H 1
| #define HAVE_STRING_H 1
| #define HAVE_INTTYPES_H 1
| #define HAVE_STDINT_H 1
| #define HAVE_STRINGS_H 1
| #define HAVE_SYS_STAT_H 1
| #define HAVE_SYS_TYPES_H 1
| #define HAVE_UNISTD_H 1
| #define STDC_HEADERS 1
| #define Tcl_Size int
| /* end confdefs.h.  */
| #include <sys/types.h>
| 		#include <sys/param.h>
| 
| int
| main (void)
| {
| #if BYTE_ORDER != BIG_ENDIAN
| 		 not big endian
| 		#endif
| 
|   ;
|   return 0;
| }
configure:5432: result: no
configure:5603: checking for NaviServer/AOLserver configuration
configure:5631: result: none found
configure:5844: checking for Tcl public headers
configure:5918: result: /src/third_party/tcl-8.6.17/generic
configure:5981: checking for pthread_mutex_init in -lpthread
configure:6010: gcc -o conftest  -pipe   conftest.c -lpthread   >&5
configure:6010: $? = 0
configure:6022: result: yes
configure:6269: checking for building with threads
configure:6275: result: yes (default)
configure:6304: checking how to build libraries
configure:6342: result: shared
configure:6432: checking for ranlib
configure:6465: result: ranlib
configure:6492: checking if 64bit support is requested
configure:6503: result: no
configure:6508: checking if 64bit Sparc VIS support is requested
configure:6519: result: no
configure:6530: checking if compiler supports visibility "hidden"
configure:6551: gcc -o conftest  -pipe -Werror   conftest.c  >&5
configure:6551: $? = 0
configure:6563: result: yes
configure:6579: checking if rpath support is requested
configure:6590: result: yes
configure:6597: checking system version
configure:6625: result: Linux-6.12.76-linuxkit
configure:6713: checking for ar
configure:6734: found /usr/bin/ar
configure:6746: result: ar
configure:8525: checking for cast to union support
configure:8545: gcc -c  -pipe  conftest.c >&5
configure:8545: $? = 0
configure:8556: result: yes
configure:8564: checking for stdbool.h
configure:8564: gcc -c  -pipe  conftest.c >&5
configure:8564: $? = 0
configure:8564: result: yes
configure:8590: checking for required early compiler flags
configure:8609: gcc -c  -pipe  conftest.c >&5
configure:8609: $? = 0
configure:8702: result: none
configure:8710: checking for 64-bit integer type
configure:8730: gcc -c  -pipe  conftest.c >&5
conftest.c: In function 'main':
conftest.c:35:1: error: unknown type name '__int64'
   35 | __int64 value = (__int64) 0;
      | ^~~~~~~
conftest.c:35:18: error: '__int64' undeclared (first use in this function)
   35 | __int64 value = (__int64) 0;
      |                  ^~~~~~~
conftest.c:35:18: note: each undeclared identifier is reported only once for each function it appears in
conftest.c:35:27: error: expected ',' or ';' before numeric constant
   35 | __int64 value = (__int64) 0;
      |                           ^
configure:8730: $? = 1
configure: failed program was:
| /* confdefs.h */
| #define PACKAGE_NAME "thread"
| #define PACKAGE_TARNAME "thread"
| #define PACKAGE_VERSION "2.8.12"
| #define PACKAGE_STRING "thread 2.8.12"
| #define PACKAGE_BUGREPORT ""
| #define PACKAGE_URL ""
| #define BUILD_thread /**/
| #define HAVE_STDIO_H 1
| #define HAVE_STDLIB_H 1
| #define HAVE_STRING_H 1
| #define HAVE_INTTYPES_H 1
| #define HAVE_STDINT_H 1
| #define HAVE_STRINGS_H 1
| #define HAVE_SYS_STAT_H 1
| #define HAVE_SYS_TYPES_H 1
| #define HAVE_UNISTD_H 1
| #define STDC_HEADERS 1
| #define Tcl_Size int
| #define USE_THREAD_ALLOC 1
| #define _REENTRANT 1
| #define _THREAD_SAFE 1
| #define TCL_THREADS 1
| #define USE_TCL_STUBS 1
| #define USE_TCLOO_STUBS 1
| #define MODULE_SCOPE extern __attribute__((__visibility__("hidden")))
| #define HAVE_HIDDEN 1
| #define HAVE_CAST_TO_UNION 1
| #define HAVE_STDBOOL_H 1
| /* end confdefs.h.  */
| 
| int
| main (void)
| {
| __int64 value = (__int64) 0;
|   ;
|   return 0;
| }
configure:8754: gcc -c  -pipe  conftest.c >&5
configure:8754: $? = 0
configure:8778: result: long long
configure:8855: checking for struct dirent64
configure:8874: gcc -c  -pipe  conftest.c >&5
conftest.c: In function 'main':
conftest.c:37:17: error: storage size of 'p' isn't known
   37 | struct dirent64 p;
      |                 ^
configure:8874: $? = 1
configure: failed program was:
| /* confdefs.h */
| #define PACKAGE_NAME "thread"
| #define PACKAGE_TARNAME "thread"
| #define PACKAGE_VERSION "2.8.12"
| #define PACKAGE_STRING "thread 2.8.12"
| #define PACKAGE_BUGREPORT ""
| #define PACKAGE_URL ""
| #define BUILD_thread /**/
| #define HAVE_STDIO_H 1
| #define HAVE_STDLIB_H 1
| #define HAVE_STRING_H 1
| #define HAVE_INTTYPES_H 1
| #define HAVE_STDINT_H 1
| #define HAVE_STRINGS_H 1
| #define HAVE_SYS_STAT_H 1
| #define HAVE_SYS_TYPES_H 1
| #define HAVE_UNISTD_H 1
| #define STDC_HEADERS 1
| #define Tcl_Size int
| #define USE_THREAD_ALLOC 1
| #define _REENTRANT 1
| #define _THREAD_SAFE 1
| #define TCL_THREADS 1
| #define USE_TCL_STUBS 1
| #define USE_TCLOO_STUBS 1
| #define MODULE_SCOPE extern __attribute__((__visibility__("hidden")))
| #define HAVE_HIDDEN 1
| #define HAVE_CAST_TO_UNION 1
| #define HAVE_STDBOOL_H 1
| #define TCL_WIDE_INT_TYPE long long
| /* end confdefs.h.  */
| #include <sys/types.h>
| #include <dirent.h>
| int
| main (void)
| {
| struct dirent64 p;
|   ;
|   return 0;
| }
configure:8884: result: no
configure:8892: checking for DIR64
configure:8912: gcc -c  -pipe  conftest.c >&5
conftest.c: In function 'main':
conftest.c:37:21: error: unknown type name 'DIR64'; did you mean 'DIR'?
   37 | struct dirent64 *p; DIR64 d = opendir64(".");
      |                     ^~~~~
      |                     DIR
conftest.c:37:31: error: implicit declaration of function 'opendir64'; did you mean 'opendir'? [-Wimplicit-function-declaration]
   37 | struct dirent64 *p; DIR64 d = opendir64(".");
      |                               ^~~~~~~~~
      |                               opendir
conftest.c:38:17: error: implicit declaration of function 'readdir64'; did you mean 'readdir_r'? [-Wimplicit-function-declaration]
   38 |             p = readdir64(d); rewinddir64(d); closedir64(d);
      |                 ^~~~~~~~~
      |                 readdir_r
conftest.c:38:15: error: assignment to 'struct dirent64 *' from 'int' makes pointer from integer without a cast [-Wint-conversion]
   38 |             p = readdir64(d); rewinddir64(d); closedir64(d);
      |               ^
conftest.c:38:31: error: implicit declaration of function 'rewinddir64'; did you mean 'rewinddir'? [-Wimplicit-function-declaration]
   38 |             p = readdir64(d); rewinddir64(d); closedir64(d);
      |                               ^~~~~~~~~~~
      |                               rewinddir
conftest.c:38:47: error: implicit declaration of function 'closedir64'; did you mean 'closedir'? [-Wimplicit-function-declaration]
   38 |             p = readdir64(d); rewinddir64(d); closedir64(d);
      |                                               ^~~~~~~~~~
      |                                               closedir
configure:8912: $? = 1
configure: failed program was:
| /* confdefs.h */
| #define PACKAGE_NAME "thread"
| #define PACKAGE_TARNAME "thread"
| #define PACKAGE_VERSION "2.8.12"
| #define PACKAGE_STRING "thread 2.8.12"
| #define PACKAGE_BUGREPORT ""
| #define PACKAGE_URL ""
| #define BUILD_thread /**/
| #define HAVE_STDIO_H 1
| #define HAVE_STDLIB_H 1
| #define HAVE_STRING_H 1
| #define HAVE_INTTYPES_H 1
| #define HAVE_STDINT_H 1
| #define HAVE_STRINGS_H 1
| #define HAVE_SYS_STAT_H 1
| #define HAVE_SYS_TYPES_H 1
| #define HAVE_UNISTD_H 1
| #define STDC_HEADERS 1
| #define Tcl_Size int
| #define USE_THREAD_ALLOC 1
| #define _REENTRANT 1
| #define _THREAD_SAFE 1
| #define TCL_THREADS 1
| #define USE_TCL_STUBS 1
| #define USE_TCLOO_STUBS 1
| #define MODULE_SCOPE extern __attribute__((__visibility__("hidden")))
| #define HAVE_HIDDEN 1
| #define HAVE_CAST_TO_UNION 1
| #define HAVE_STDBOOL_H 1
| #define TCL_WIDE_INT_TYPE long long
| /* end confdefs.h.  */
| #include <sys/types.h>
| #include <dirent.h>
| int
| main (void)
| {
| struct dirent64 *p; DIR64 d = opendir64(".");
| 	    p = readdir64(d); rewinddir64(d); closedir64(d);
|   ;
|   return 0;
| }
configure:8922: result: no
configure:8930: checking for struct stat64
configure:8949: gcc -c  -pipe  conftest.c >&5
conftest.c: In function 'main':
conftest.c:36:15: error: storage size of 'p' isn't known
   36 | struct stat64 p;
      |               ^
configure:8949: $? = 1
configure: failed program was:
| /* confdefs.h */
| #define PACKAGE_NAME "thread"
| #define PACKAGE_TARNAME "thread"
| #define PACKAGE_VERSION "2.8.12"
| #define PACKAGE_STRING "thread 2.8.12"
| #define PACKAGE_BUGREPORT ""
| #define PACKAGE_URL ""
| #define BUILD_thread /**/
| #define HAVE_STDIO_H 1
| #define HAVE_STDLIB_H 1
| #define HAVE_STRING_H 1
| #define HAVE_INTTYPES_H 1
| #define HAVE_STDINT_H 1
| #define HAVE_STRINGS_H 1
| #define HAVE_SYS_STAT_H 1
| #define HAVE_SYS_TYPES_H 1
| #define HAVE_UNISTD_H 1
| #define STDC_HEADERS 1
| #define Tcl_Size int
| #define USE_THREAD_ALLOC 1
| #define _REENTRANT 1
| #define _THREAD_SAFE 1
| #define TCL_THREADS 1
| #define USE_TCL_STUBS 1
| #define USE_TCLOO_STUBS 1
| #define MODULE_SCOPE extern __attribute__((__visibility__("hidden")))
| #define HAVE_HIDDEN 1
| #define HAVE_CAST_TO_UNION 1
| #define HAVE_STDBOOL_H 1
| #define TCL_WIDE_INT_TYPE long long
| /* end confdefs.h.  */
| #include <sys/stat.h>
| int
| main (void)
| {
| struct stat64 p;
| 
|   ;
|   return 0;
| }
configure:8959: result: no
configure:8967: checking for open64
configure:8967: gcc -o conftest  -pipe   -Wl,--export-dynamic  conftest.c  >&5
/usr/lib/gcc/i586-alpine-linux-musl/15.2.0/../../../../i586-alpine-linux-musl/bin/ld: /tmp/ccNLkock.o: in function `main':
conftest.c:(.text+0x14): undefined reference to `open64'
collect2: error: ld returned 1 exit status
configure:8967: $? = 1
configure: failed program was:
| /* confdefs.h */
| #define PACKAGE_NAME "thread"
| #define PACKAGE_TARNAME "thread"
| #define PACKAGE_VERSION "2.8.12"
| #define PACKAGE_STRING "thread 2.8.12"
| #define PACKAGE_BUGREPORT ""
| #define PACKAGE_URL ""
| #define BUILD_thread /**/
| #define HAVE_STDIO_H 1
| #define HAVE_STDLIB_H 1
| #define HAVE_STRING_H 1
| #define HAVE_INTTYPES_H 1
| #define HAVE_STDINT_H 1
| #define HAVE_STRINGS_H 1
| #define HAVE_SYS_STAT_H 1
| #define HAVE_SYS_TYPES_H 1
| #define HAVE_UNISTD_H 1
| #define STDC_HEADERS 1
| #define Tcl_Size int
| #define USE_THREAD_ALLOC 1
| #define _REENTRANT 1
| #define _THREAD_SAFE 1
| #define TCL_THREADS 1
| #define USE_TCL_STUBS 1
| #define USE_TCLOO_STUBS 1
| #define MODULE_SCOPE extern __attribute__((__visibility__("hidden")))
| #define HAVE_HIDDEN 1
| #define HAVE_CAST_TO_UNION 1
| #define HAVE_STDBOOL_H 1
| #define TCL_WIDE_INT_TYPE long long
| /* end confdefs.h.  */
| /* Define open64 to an innocuous variant, in case <limits.h> declares open64.
|    For example, HP-UX 11i <limits.h> declares gettimeofday.  */
| #define open64 innocuous_open64
| 
| /* System header to define __stub macros and hopefully few prototypes,
|    which can conflict with char open64 (void); below.  */
| 
| #include <limits.h>
| #undef open64
| 
| /* Override any GCC internal prototype to avoid an error.
|    Use char because int might match the return type of a GCC
|    builtin and then its argument prototype would still apply.  */
| #ifdef __cplusplus
| extern "C"
| #endif
| char open64 (void);
| /* The GNU C library defines this for functions which it implements
|     to always fail with ENOSYS.  Some functions are actually named
|     something starting with __ and the normal name is an alias.  */
| #if defined __stub_open64 || defined __stub___open64
| choke me
| #endif
| 
| int
| main (void)
| {
| return open64 ();
|   ;
|   return 0;
| }
configure:8967: result: no
configure:8973: checking for lseek64
configure:8973: gcc -o conftest  -pipe   -Wl,--export-dynamic  conftest.c  >&5
/usr/lib/gcc/i586-alpine-linux-musl/15.2.0/../../../../i586-alpine-linux-musl/bin/ld: /tmp/ccGFFeoJ.o: in function `main':
conftest.c:(.text+0x14): undefined reference to `lseek64'
collect2: error: ld returned 1 exit status
configure:8973: $? = 1
configure: failed program was:
| /* confdefs.h */
| #define PACKAGE_NAME "thread"
| #define PACKAGE_TARNAME "thread"
| #define PACKAGE_VERSION "2.8.12"
| #define PACKAGE_STRING "thread 2.8.12"
| #define PACKAGE_BUGREPORT ""
| #define PACKAGE_URL ""
| #define BUILD_thread /**/
| #define HAVE_STDIO_H 1
| #define HAVE_STDLIB_H 1
| #define HAVE_STRING_H 1
| #define HAVE_INTTYPES_H 1
| #define HAVE_STDINT_H 1
| #define HAVE_STRINGS_H 1
| #define HAVE_SYS_STAT_H 1
| #define HAVE_SYS_TYPES_H 1
| #define HAVE_UNISTD_H 1
| #define STDC_HEADERS 1
| #define Tcl_Size int
| #define USE_THREAD_ALLOC 1
| #define _REENTRANT 1
| #define _THREAD_SAFE 1
| #define TCL_THREADS 1
| #define USE_TCL_STUBS 1
| #define USE_TCLOO_STUBS 1
| #define MODULE_SCOPE extern __attribute__((__visibility__("hidden")))
| #define HAVE_HIDDEN 1
| #define HAVE_CAST_TO_UNION 1
| #define HAVE_STDBOOL_H 1
| #define TCL_WIDE_INT_TYPE long long
| /* end confdefs.h.  */
| /* Define lseek64 to an innocuous variant, in case <limits.h> declares lseek64.
|    For example, HP-UX 11i <limits.h> declares gettimeofday.  */
| #define lseek64 innocuous_lseek64
| 
| /* System header to define __stub macros and hopefully few prototypes,
|    which can conflict with char lseek64 (void); below.  */
| 
| #include <limits.h>
| #undef lseek64
| 
| /* Override any GCC internal prototype to avoid an error.
|    Use char because int might match the return type of a GCC
|    builtin and then its argument prototype would still apply.  */
| #ifdef __cplusplus
| extern "C"
| #endif
| char lseek64 (void);
| /* The GNU C library defines this for functions which it implements
|     to always fail with ENOSYS.  Some functions are actually named
|     something starting with __ and the normal name is an alias.  */
| #if defined __stub_lseek64 || defined __stub___lseek64
| choke me
| #endif
| 
| int
| main (void)
| {
| return lseek64 ();
|   ;
|   return 0;
| }
configure:8973: result: no
configure:8980: checking for off64_t
configure:8999: gcc -c  -pipe  conftest.c >&5
conftest.c: In function 'main':
conftest.c:36:1: error: unknown type name 'off64_t'; did you mean 'off_t'?
   36 | off64_t offset;
      | ^~~~~~~
      | off_t
configure:8999: $? = 1
configure: failed program was:
| /* confdefs.h */
| #define PACKAGE_NAME "thread"
| #define PACKAGE_TARNAME "thread"
| #define PACKAGE_VERSION "2.8.12"
| #define PACKAGE_STRING "thread 2.8.12"
| #define PACKAGE_BUGREPORT ""
| #define PACKAGE_URL ""
| #define BUILD_thread /**/
| #define HAVE_STDIO_H 1
| #define HAVE_STDLIB_H 1
| #define HAVE_STRING_H 1
| #define HAVE_INTTYPES_H 1
| #define HAVE_STDINT_H 1
| #define HAVE_STRINGS_H 1
| #define HAVE_SYS_STAT_H 1
| #define HAVE_SYS_TYPES_H 1
| #define HAVE_UNISTD_H 1
| #define STDC_HEADERS 1
| #define Tcl_Size int
| #define USE_THREAD_ALLOC 1
| #define _REENTRANT 1
| #define _THREAD_SAFE 1
| #define TCL_THREADS 1
| #define USE_TCL_STUBS 1
| #define USE_TCLOO_STUBS 1
| #define MODULE_SCOPE extern __attribute__((__visibility__("hidden")))
| #define HAVE_HIDDEN 1
| #define HAVE_CAST_TO_UNION 1
| #define HAVE_STDBOOL_H 1
| #define TCL_WIDE_INT_TYPE long long
| /* end confdefs.h.  */
| #include <sys/types.h>
| int
| main (void)
| {
| off64_t offset;
| 
|   ;
|   return 0;
| }
configure:9019: result: no
configure:9032: checking for build with symbols
configure:9046: result: no
configure:9110: checking for egrep -e
configure:9240: result: /bin/grep -E
configure:9433: checking for tclsh
configure:9468: result: /src/third_party/tcl-8.6.17/unix/tclsh
configure:9631: creating ./config.status

## ---------------------- ##
## Running config.status. ##
## ---------------------- ##

This file was extended by thread config.status 2.8.12, which was
generated by GNU Autoconf 2.72.  Invocation command line was

  CONFIG_FILES    = 
  CONFIG_HEADERS  = 
  CONFIG_LINKS    = 
  CONFIG_COMMANDS = 
  $ ./config.status 

on 70f4bd37f537

config.status:801: creating Makefile
config.status:801: creating pkgIndex.tcl
configure:10631: WARNING: unrecognized options: --with-system-sqlite

## ---------------- ##
## Cache variables. ##
## ---------------- ##

ac_cv_c_bigendian='no'
ac_cv_c_compiler_gnu='yes'
ac_cv_c_tclconfig='/src/third_party/tcl-8.6.17/unix'
ac_cv_c_tclh='/src/third_party/tcl-8.6.17/generic'
ac_cv_env_CC_set=''
ac_cv_env_CC_value=''
ac_cv_env_CFLAGS_set=''
ac_cv_env_CFLAGS_value=''
ac_cv_env_CPPFLAGS_set=''
ac_cv_env_CPPFLAGS_value=''
ac_cv_env_CPP_set=''
ac_cv_env_CPP_value=''
ac_cv_env_LDFLAGS_set=''
ac_cv_env_LDFLAGS_value=''
ac_cv_env_LIBS_set=''
ac_cv_env_LIBS_value=''
ac_cv_env_build_alias_set=''
ac_cv_env_build_alias_value=''
ac_cv_env_host_alias_set=''
ac_cv_env_host_alias_value=''
ac_cv_env_target_alias_set=''
ac_cv_env_target_alias_value=''
ac_cv_func_lseek64='no'
ac_cv_func_open64='no'
ac_cv_header_inttypes_h='yes'
ac_cv_header_stdbool_h='yes'
ac_cv_header_stdint_h='yes'
ac_cv_header_stdio_h='yes'
ac_cv_header_stdlib_h='yes'
ac_cv_header_string_h='yes'
ac_cv_header_strings_h='yes'
ac_cv_header_sys_stat_h='yes'
ac_cv_header_sys_types_h='yes'
ac_cv_header_unistd_h='yes'
ac_cv_lib_pthread_pthread_mutex_init='yes'
ac_cv_objext='o'
ac_cv_path_EGREP_TRADITIONAL='/bin/grep -E'
ac_cv_prog_CPP='gcc -E'
ac_cv_prog_ac_ct_AR='ar'
ac_cv_prog_ac_ct_CC='gcc'
ac_cv_prog_ac_ct_RANLIB='ranlib'
ac_cv_prog_cc_c11=''
ac_cv_prog_cc_g='yes'
ac_cv_prog_cc_stdc=''
ac_cv_prog_make_make_set='yes'
tcl_cv_DIR64='no'
tcl_cv_cast_to_union='yes'
tcl_cv_cc_pipe='yes'
tcl_cv_cc_visibility_hidden='yes'
tcl_cv_flag__isoc99_source='no'
tcl_cv_struct_dirent64='no'
tcl_cv_struct_stat64='no'
tcl_cv_sys_version='Linux-6.12.76-linuxkit'
tcl_cv_type_64bit='long long'
tcl_cv_type_off64_t='no'

## ----------------- ##
## Output variables. ##
## ----------------- ##

AR='ar'
CC='gcc'
CFLAGS=' -pipe ${CFLAGS_DEFAULT} ${CFLAGS_WARNING} ${SHLIB_CFLAGS} '
CFLAGS_DEBUG='-g'
CFLAGS_DEFAULT='-O2 -fomit-frame-pointer -DNDEBUG'
CFLAGS_OPTIMIZE='-O2 -fomit-frame-pointer'
CFLAGS_WARNING='-Wall'
CLEANFILES=''
CPP='gcc -E'
CPPFLAGS=''
CYGPATH='echo'
DEFS='-DPACKAGE_NAME=\"thread\" -DPACKAGE_TARNAME=\"thread\" -DPACKAGE_VERSION=\"2.8.12\" -DPACKAGE_STRING=\"thread\ 2.8.12\" -DPACKAGE_BUGREPORT=\"\" -DPACKAGE_URL=\"\" -DBUILD_thread=/\*\*/ -DHAVE_STDIO_H=1 -DHAVE_STDLIB_H=1 -DHAVE_STRING_H=1 -DHAVE_INTTYPES_H=1 -DHAVE_STDINT_H=1 -DHAVE_STRINGS_H=1 -DHAVE_SYS_STAT_H=1 -DHAVE_SYS_TYPES_H=1 -DHAVE_UNISTD_H=1 -DSTDC_HEADERS=1 -DTcl_Size=int -DUSE_THREAD_ALLOC=1 -D_REENTRANT=1 -D_THREAD_SAFE=1 -DTCL_THREADS=1 -DUSE_TCL_STUBS=1 -DUSE_TCLOO_STUBS=1 -DMODULE_SCOPE=extern\ __attribute__\(\(__visibility__\(\"hidden\"\)\)\) -DHAVE_HIDDEN=1 -DHAVE_CAST_TO_UNION=1 -DHAVE_STDBOOL_H=1 -DTCL_WIDE_INT_TYPE=long\ long -DTCL_CFG_OPTIMIZED=1 -DUSE_TCL_STUBS=1 -DTCL_TIP143=1 -DTCL_TIP285=1 -DTCL_MAJOR_VERSION=8 -DTK_MAJOR_VERSION=8'
ECHO_C=''
ECHO_N='-n'
ECHO_T=''
EXEEXT=''
INSTALL='$(SHELL) $(srcdir)/tclconfig/install-sh -c'
INSTALL_DATA='${INSTALL} -m 644'
INSTALL_DATA_DIR='${INSTALL} -d -m 755'
INSTALL_LIBRARY='${INSTALL} -m 644'
INSTALL_PROGRAM='${INSTALL} -m 755'
INSTALL_SCRIPT='${INSTALL} -m 755'
LDFLAGS=' -Wl,--export-dynamic '
LDFLAGS_DEBUG=''
LDFLAGS_DEFAULT=''
LDFLAGS_OPTIMIZE=''
LD_LIBRARY_PATH_VAR='LD_LIBRARY_PATH'
LIBOBJS=''
LIBS=''
LTLIBOBJS=''
MAKE_LIB='${SHLIB_LD} ${LDFLAGS} ${LDFLAGS_DEFAULT} -o $@ $(PKG_OBJECTS) ${SHLIB_LD_LIBS} '
MAKE_SHARED_LIB='${SHLIB_LD} ${LDFLAGS} ${LDFLAGS_DEFAULT} -o $@ $(PKG_OBJECTS) ${SHLIB_LD_LIBS}'
MAKE_STATIC_LIB='${STLIB_LD} $@ $(PKG_OBJECTS)'
MAKE_STUB_LIB='${STLIB_LD} $@ $(PKG_STUB_OBJECTS)'
OBJEXT='o'
PACKAGE_BUGREPORT=''
PACKAGE_NAME='thread'
PACKAGE_STRING='thread 2.8.12'
PACKAGE_TARNAME='thread'
PACKAGE_URL=''
PACKAGE_VERSION='2.8.12'
PATH_SEPARATOR=':'
PKG_CFLAGS='  '
PKG_HEADERS=' generic/tclThread.h'
PKG_INCLUDES=''
PKG_LIBS=''
PKG_LIB_FILE8='libthread2.8.12.so'
PKG_LIB_FILE9='libtcl9thread2.8.12.so'
PKG_LIB_FILE='libthread2.8.12.so'
PKG_OBJECTS=' threadNs.o threadCmd.o threadSvCmd.o threadSpCmd.o threadPoolCmd.o psGdbm.o psLmdb.o threadSvListCmd.o threadSvKeylistCmd.o tclXkeylist.o threadUnix.o'
PKG_SOURCES=' generic/threadNs.c generic/threadCmd.c generic/threadSvCmd.c generic/threadSpCmd.c generic/threadPoolCmd.c generic/psGdbm.c generic/psLmdb.c generic/threadSvListCmd.c generic/threadSvKeylistCmd.c generic/tclXkeylist.c unix/threadUnix.c'
PKG_STUB_LIB_FILE='libthreadstub2.8.12.a'
PKG_STUB_OBJECTS=''
PKG_STUB_SOURCES=''
PKG_TCL_SOURCES=' lib/ttrace.tcl'
RANLIB=':'
RANLIB_STUB='ranlib'
RC=''
SET_MAKE=''
SHARED_BUILD='1'
SHELL='/bin/sh'
SHLIB_CFLAGS='-fPIC'
SHLIB_LD='${CC} ${CFLAGS} ${LDFLAGS_DEFAULT} -shared'
SHLIB_LD_LIBS='${LIBS} -L/src/third_party/tcl-8.6.17/unix -ltclstub8.6'
STLIB_LD='${AR} cr'
STUBS_BUILD='1'
TCLSH_PROG='/src/third_party/tcl-8.6.17/unix/tclsh'
TCL_BIN_DIR='/src/third_party/tcl-8.6.17/unix'
TCL_DEFS='-DPACKAGE_NAME=\"tcl\" -DPACKAGE_TARNAME=\"tcl\" -DPACKAGE_VERSION=\"8.6\" -DPACKAGE_STRING=\"tcl\ 8.6\" -DPACKAGE_BUGREPORT=\"\" -DSTDC_HEADERS=1 -DHAVE_SYS_TYPES_H=1 -DHAVE_SYS_STAT_H=1 -DHAVE_STDLIB_H=1 -DHAVE_STRING_H=1 -DHAVE_MEMORY_H=1 -DHAVE_STRINGS_H=1 -DHAVE_INTTYPES_H=1 -DHAVE_STDINT_H=1 -DHAVE_UNISTD_H=1 -DHAVE_SYS_PARAM_H=1 -DUSE_THREAD_ALLOC=1 -D_REENTRANT=1 -D_THREAD_SAFE=1 -DHAVE_PTHREAD_ATTR_SETSTACKSIZE=1 -DHAVE_PTHREAD_ATFORK=1 -DTCL_THREADS=1 -DTCL_CFGVAL_ENCODING=\"iso8859-1\" -DHAVE_ZLIB=1 -DMODULE_SCOPE=extern\ __attribute__\(\(__visibility__\(\"hidden\"\)\)\) -DHAVE_HIDDEN=1 -DHAVE_CAST_TO_UNION=1 -DHAVE_VFORK=1 -DHAVE_POSIX_SPAWNP=1 -DHAVE_POSIX_SPAWN_FILE_ACTIONS_ADDDUP2=1 -DHAVE_POSIX_SPAWNATTR_SETFLAGS=1 -DTCL_SHLIB_EXT=\".so\" -DNDEBUG=1 -DTCL_CFG_OPTIMIZED=1 -DMP_PREC=4 -D_LARGEFILE64_SOURCE=1 -DTCL_WIDE_INT_TYPE=long\ long -DHAVE_STRUCT_DIRENT64=1 -DHAVE_STRUCT_STAT64=1 -DHAVE_GETCWD=1 -DHAVE_MKSTEMP=1 -DHAVE_OPENDIR=1 -DHAVE_STRTOL=1 -DHAVE_WAITPID=1 -DNO_GETWD=1 -DHAVE_GETNAMEINFO=1 -DHAVE_GETADDRINFO=1 -DHAVE_FREEADDRINFO=1 -DHAVE_GAI_STRERROR=1 -DHAVE_STRUCT_ADDRINFO=1 -DHAVE_STRUCT_IN6_ADDR=1 -DHAVE_STRUCT_SOCKADDR_IN6=1 -DHAVE_STRUCT_SOCKADDR_STORAGE=1 -DHAVE_GETPWUID_R_5=1 -DHAVE_GETPWUID_R=1 -DHAVE_GETPWNAM_R_5=1 -DHAVE_GETPWNAM_R=1 -DHAVE_GETGRGID_R_5=1 -DHAVE_GETGRGID_R=1 -DHAVE_GETGRNAM_R_5=1 -DHAVE_GETGRNAM_R=1 -DHAVE_DECL_GETHOSTBYNAME_R=1 -DHAVE_GETHOSTBYNAME_R_6=1 -DHAVE_GETHOSTBYNAME_R=1 -DHAVE_DECL_GETHOSTBYADDR_R=1 -DHAVE_GETHOSTBYADDR_R_8=1 -DHAVE_GETHOSTBYADDR_R=1 -DHAVE_TERMIOS_H=1 -DHAVE_SYS_IOCTL_H=1 -DHAVE_SYS_TIME_H=1 -DTIME_WITH_SYS_TIME=1 -DHAVE_GMTIME_R=1 -DHAVE_LOCALTIME_R=1 -DHAVE_MKTIME=1 -DHAVE_TM_GMTOFF=1 -DHAVE_TIMEZONE_VAR=1 -DHAVE_STRUCT_STAT_ST_BLOCKS=1 -DHAVE_STRUCT_STAT_ST_BLKSIZE=1 -DHAVE_BLKCNT_T=1 -DHAVE_INTPTR_T=1 -DHAVE_UINTPTR_T=1 -DNO_UNION_WAIT=1 -DHAVE_SIGNED_CHAR=1 -DHAVE_LANGINFO=1 -DHAVE_MKSTEMPS=1 -DHAVE_SYS_IOCTL_H=1 -DTCL_UNLOAD_DLLS=1 -DHAVE_CPUID=1 '
TCL_EXTRA_CFLAGS=' -pipe '
TCL_INCLUDES='-I"/src/third_party/tcl-8.6.17/generic"'
TCL_LD_FLAGS=' -Wl,--export-dynamic '
TCL_LIBS='-ldl -lz  -lpthread '
TCL_LIB_FILE='libtcl8.6.so'
TCL_LIB_FLAG='-ltcl8.6'
TCL_LIB_SPEC='-L/src/third_party/tcl-8.6.17/unix -ltcl8.6'
TCL_PATCH_LEVEL='.17'
TCL_SHLIB_LD_LIBS='${LIBS}'
TCL_SRC_DIR='/src/third_party/tcl-8.6.17'
TCL_STUB_LIB_FILE='libtclstub8.6.a'
TCL_STUB_LIB_FLAG='-ltclstub8.6'
TCL_STUB_LIB_SPEC='-L/src/third_party/tcl-8.6.17/unix -ltclstub8.6'
TCL_THREADS='1'
TCL_VERSION='8.6'
VC_MANIFEST_EMBED_DLL=''
VC_MANIFEST_EMBED_EXE=''
ac_ct_CC='gcc'
bindir='${exec_prefix}/bin'
build_alias=''
datadir='${datarootdir}'
datarootdir='${prefix}/share'
docdir='${datarootdir}/doc/${PACKAGE_TARNAME}'
dvidir='${docdir}'
exec_prefix='/usr'
host_alias=''
htmldir='${docdir}'
includedir='${prefix}/include'
infodir='${datarootdir}/info'
libdir='/usr/lib'
libexecdir='${exec_prefix}/libexec'
localedir='${datarootdir}/locale'
localstatedir='/var'
mandir='/usr/share/man'
oldincludedir='/usr/include'
pdfdir='${docdir}'
prefix='/usr'
program_transform_name='s,x,x,'
psdir='${docdir}'
runstatedir='${localstatedir}/run'
sbindir='${exec_prefix}/sbin'
sharedstatedir='${prefix}/com'
sysconfdir='/etc'
target_alias=''

## ----------- ##
## confdefs.h. ##
## ----------- ##

/* confdefs.h */
#define PACKAGE_NAME "thread"
#define PACKAGE_TARNAME "thread"
#define PACKAGE_VERSION "2.8.12"
#define PACKAGE_STRING "thread 2.8.12"
#define PACKAGE_BUGREPORT ""
#define PACKAGE_URL ""
#define BUILD_thread /**/
#define HAVE_STDIO_H 1
#define HAVE_STDLIB_H 1
#define HAVE_STRING_H 1
#define HAVE_INTTYPES_H 1
#define HAVE_STDINT_H 1
#define HAVE_STRINGS_H 1
#define HAVE_SYS_STAT_H 1
#define HAVE_SYS_TYPES_H 1
#define HAVE_UNISTD_H 1
#define STDC_HEADERS 1
#define Tcl_Size int
#define USE_THREAD_ALLOC 1
#define _REENTRANT 1
#define _THREAD_SAFE 1
#define TCL_THREADS 1
#define USE_TCL_STUBS 1
#define USE_TCLOO_STUBS 1
#define MODULE_SCOPE extern __attribute__((__visibility__("hidden")))
#define HAVE_HIDDEN 1
#define HAVE_CAST_TO_UNION 1
#define HAVE_STDBOOL_H 1
#define TCL_WIDE_INT_TYPE long long
#define TCL_CFG_OPTIMIZED 1
#define USE_TCL_STUBS 1
#define TCL_TIP143 1
#define TCL_TIP285 1
#define TCL_MAJOR_VERSION 8
#define TK_MAJOR_VERSION 8

configure: exit 0
