This file contains any messages produced by compilers while
running configure, to aid debugging if configure makes a mistake.

It was created by tdbc configure 1.1.12, which was
generated by GNU Autoconf 2.72.  Invocation command line was

  $ /src/third_party/tcl-8.6.17/pkgs/tdbc1.1.12/configure --with-tcl=../.. --with-tclinclude=/src/third_party/tcl-8.6.17/generic --prefix=/usr --sysconfdir=/etc --mandir=/usr/share/man --localstatedir=/var --with-system-sqlite --disable-64bit --libdir=/usr/lib --enable-shared --enable-threads

## --------- ##
## Platform. ##
## --------- ##

hostname = 70f4bd37f537
uname -m = i686
uname -r = 6.12.76-linuxkit
uname -s = Linux
uname -v = #1 SMP Tue Jul 21 14:38:37 UTC 2026

/usr/bin/uname -p = unknown
/bin/uname -X     = unknown

/bin/arch              = i686
/usr/bin/arch -k       = unknown
/usr/convex/getsysinfo = unknown
/usr/bin/hostinfo      = unknown
/bin/machine           = unknown
/usr/bin/oslevel       = unknown
/bin/universe          = unknown

PATH: /usr/local/sbin/
PATH: /usr/local/bin/
PATH: /usr/sbin/
PATH: /usr/bin/
PATH: /sbin/
PATH: /bin/


## ----------- ##
## Core tests. ##
## ----------- ##

configure:2506: checking TEA configuration
configure:2512: result: ok (TEA 3.13)
configure:2599: configuring tdbc 1.1.12
configure:2629: checking system version
configure:2657: result: Linux-6.12.76-linuxkit
configure:2706: checking for Tcl configuration
configure:2846: result: found /src/third_party/tcl-8.6.17/unix/tclConfig.sh
configure:2914: checking for gcc
configure:2935: found /usr/bin/gcc
configure:2947: result: gcc
configure:3306: checking for C compiler version
configure:3315: gcc --version >&5
gcc (Alpine 15.2.0) 15.2.0
Copyright (C) 2025 Free Software Foundation, Inc.
This is free software; see the source for copying conditions.  There is NO
warranty; not even for MERCHANTABILITY or FITNESS FOR A PARTICULAR PURPOSE.

configure:3326: $? = 0
configure:3315: gcc -v >&5
Using built-in specs.
COLLECT_GCC=gcc
COLLECT_LTO_WRAPPER=/usr/libexec/gcc/i586-alpine-linux-musl/15.2.0/lto-wrapper
Target: i586-alpine-linux-musl
Configured with: /home/buildozer/aports/main/gcc/src/gcc-15.2.0/configure --prefix=/usr --mandir=/usr/share/man --infodir=/usr/share/info --build=i586-alpine-linux-musl --host=i586-alpine-linux-musl --target=i586-alpine-linux-musl --enable-checking=release --disable-cet --disable-fixed-point --disable-libstdcxx-pch --disable-multilib --disable-nls --disable-werror --disable-symvers --enable-__cxa_atexit --enable-default-pie --enable-default-ssp --enable-languages=c,c++,objc,go,fortran,ada --enable-link-serialization=2 --enable-linker-build-id --with-arch=pentium-m --with-fpmath=sse --with-tune=generic --enable-cld --disable-libssp --disable-libsanitizer --enable-shared --enable-threads --enable-tls --with-bugurl=https://gitlab.alpinelinux.org/alpine/aports/-/issues --with-system-zlib --with-linker-hash-style=gnu --with-pkgversion='Alpine 15.2.0'
Thread model: posix
Supported LTO compression algorithms: zlib
gcc version 15.2.0 (Alpine 15.2.0) 
configure:3326: $? = 0
configure:3315: gcc -V >&5
gcc: error: unrecognized command-line option '-V'
gcc: fatal error: no input files
compilation terminated.
configure:3326: $? = 1
configure:3315: gcc -qversion >&5
gcc: error: unrecognized command-line option '-qversion'; did you mean '--version'?
gcc: fatal error: no input files
compilation terminated.
configure:3326: $? = 1
configure:3315: gcc -version >&5
gcc: error: unrecognized command-line option '-version'
gcc: fatal error: no input files
compilation terminated.
configure:3326: $? = 1
configure:3346: checking whether the C compiler works
configure:3368: gcc    conftest.c  >&5
configure:3372: $? = 0
configure:3423: result: yes
configure:3427: checking for C compiler default output file name
configure:3429: result: a.out
configure:3435: checking for suffix of executables
configure:3442: gcc -o conftest    conftest.c  >&5
configure:3446: $? = 0
configure:3470: result: 
configure:3494: checking whether we are cross compiling
configure:3502: gcc -o conftest    conftest.c  >&5
configure:3506: $? = 0
configure:3513: ./conftest
configure:3517: $? = 0
configure:3532: result: no
configure:3538: checking for suffix of object files
configure:3561: gcc -c   conftest.c >&5
configure:3565: $? = 0
configure:3589: result: o
configure:3593: checking whether the compiler supports GNU C
configure:3613: gcc -c   conftest.c >&5
configure:3613: $? = 0
configure:3625: result: yes
configure:3636: checking whether gcc accepts -g
configure:3657: gcc -c -g  conftest.c >&5
configure:3657: $? = 0
configure:3704: result: yes
configure:3724: checking for gcc option to enable C11 features
configure:3739: gcc  -c   conftest.c >&5
configure:3739: $? = 0
configure:3758: result: none needed
configure:3878: checking for existence of /src/third_party/tcl-8.6.17/unix/tclConfig.sh
configure:3882: result: loading
configure:3936: checking platform
configure:3954: gcc -c   conftest.c >&5
configure:3954: $? = 0
configure:4013: result: unix
configure:4345: --exec-prefix defaulting to TCL_EXEC_PREFIX /usr
configure:4421: checking for gcc
configure:4454: result: gcc
configure:4813: checking for C compiler version
configure:4822: gcc --version >&5
gcc (Alpine 15.2.0) 15.2.0
Copyright (C) 2025 Free Software Foundation, Inc.
This is free software; see the source for copying conditions.  There is NO
warranty; not even for MERCHANTABILITY or FITNESS FOR A PARTICULAR PURPOSE.

configure:4833: $? = 0
configure:4822: gcc -v >&5
Using built-in specs.
COLLECT_GCC=gcc
COLLECT_LTO_WRAPPER=/usr/libexec/gcc/i586-alpine-linux-musl/15.2.0/lto-wrapper
Target: i586-alpine-linux-musl
Configured with: /home/buildozer/aports/main/gcc/src/gcc-15.2.0/configure --prefix=/usr --mandir=/usr/share/man --infodir=/usr/share/info --build=i586-alpine-linux-musl --host=i586-alpine-linux-musl --target=i586-alpine-linux-musl --enable-checking=release --disable-cet --disable-fixed-point --disable-libstdcxx-pch --disable-multilib --disable-nls --disable-werror --disable-symvers --enable-__cxa_atexit --enable-default-pie --enable-default-ssp --enable-languages=c,c++,objc,go,fortran,ada --enable-link-serialization=2 --enable-linker-build-id --with-arch=pentium-m --with-fpmath=sse --with-tune=generic --enable-cld --disable-libssp --disable-libsanitizer --enable-shared --enable-threads --enable-tls --with-bugurl=https://gitlab.alpinelinux.org/alpine/aports/-/issues --with-system-zlib --with-linker-hash-style=gnu --with-pkgversion='Alpine 15.2.0'
Thread model: posix
Supported LTO compression algorithms: zlib
gcc version 15.2.0 (Alpine 15.2.0) 
configure:4833: $? = 0
configure:4822: gcc -V >&5
gcc: error: unrecognized command-line option '-V'
gcc: fatal error: no input files
compilation terminated.
configure:4833: $? = 1
configure:4822: gcc -qversion >&5
gcc: error: unrecognized command-line option '-qversion'; did you mean '--version'?
gcc: fatal error: no input files
compilation terminated.
configure:4833: $? = 1
configure:4822: gcc -version >&5
gcc: error: unrecognized command-line option '-version'
gcc: fatal error: no input files
compilation terminated.
configure:4833: $? = 1
configure:4837: checking whether the compiler supports GNU C
configure:4869: result: yes
configure:4880: checking whether gcc accepts -g
configure:4948: result: yes
configure:4968: checking for gcc option to enable C11 features
configure:5002: result: none needed
configure:5125: checking how to run the C preprocessor
configure:5151: gcc -E  conftest.c
configure:5151: $? = 0
configure:5167: gcc -E  conftest.c
conftest.c:10:10: fatal error: ac_nonexistent.h: No such file or directory
   10 | #include <ac_nonexistent.h>
      |          ^~~~~~~~~~~~~~~~~~
compilation terminated.
configure:5167: $? = 1
configure: failed program was:
| /* confdefs.h */
| #define PACKAGE_NAME "tdbc"
| #define PACKAGE_TARNAME "tdbc"
| #define PACKAGE_VERSION "1.1.12"
| #define PACKAGE_STRING "tdbc 1.1.12"
| #define PACKAGE_BUGREPORT ""
| #define PACKAGE_URL ""
| #define BUILD_tdbc /**/
| /* end confdefs.h.  */
| #include <ac_nonexistent.h>
configure:5196: result: gcc -E
configure:5210: gcc -E  conftest.c
configure:5210: $? = 0
configure:5226: gcc -E  conftest.c
conftest.c:10:10: fatal error: ac_nonexistent.h: No such file or directory
   10 | #include <ac_nonexistent.h>
      |          ^~~~~~~~~~~~~~~~~~
compilation terminated.
configure:5226: $? = 1
configure: failed program was:
| /* confdefs.h */
| #define PACKAGE_NAME "tdbc"
| #define PACKAGE_TARNAME "tdbc"
| #define PACKAGE_VERSION "1.1.12"
| #define PACKAGE_STRING "tdbc 1.1.12"
| #define PACKAGE_BUGREPORT ""
| #define PACKAGE_URL ""
| #define BUILD_tdbc /**/
| /* end confdefs.h.  */
| #include <ac_nonexistent.h>
configure:5263: checking whether make sets $(MAKE)
configure:5287: result: yes
configure:5350: checking for ranlib
configure:5371: found /usr/bin/ranlib
configure:5383: result: ranlib
configure:5417: checking for stdio.h
configure:5417: gcc -c   conftest.c >&5
configure:5417: $? = 0
configure:5417: result: yes
configure:5417: checking for stdlib.h
configure:5417: gcc -c   conftest.c >&5
configure:5417: $? = 0
configure:5417: result: yes
configure:5417: checking for string.h
configure:5417: gcc -c   conftest.c >&5
configure:5417: $? = 0
configure:5417: result: yes
configure:5417: checking for inttypes.h
configure:5417: gcc -c   conftest.c >&5
configure:5417: $? = 0
configure:5417: result: yes
configure:5417: checking for stdint.h
configure:5417: gcc -c   conftest.c >&5
configure:5417: $? = 0
configure:5417: result: yes
configure:5417: checking for strings.h
configure:5417: gcc -c   conftest.c >&5
configure:5417: $? = 0
configure:5417: result: yes
configure:5417: checking for sys/stat.h
configure:5417: gcc -c   conftest.c >&5
configure:5417: $? = 0
configure:5417: result: yes
configure:5417: checking for sys/types.h
configure:5417: gcc -c   conftest.c >&5
configure:5417: $? = 0
configure:5417: result: yes
configure:5417: checking for unistd.h
configure:5417: gcc -c   conftest.c >&5
configure:5417: $? = 0
configure:5417: result: yes
configure:5452: checking if the compiler understands -pipe
configure:5471: gcc -c  -pipe  conftest.c >&5
configure:5471: $? = 0
configure:5482: result: yes
configure:5499: checking whether byte ordering is bigendian
configure:5515: gcc -c  -pipe  conftest.c >&5
conftest.c:22:16: error: unknown type name 'not'
   22 |                not a universal capable compiler
      |                ^~~
conftest.c:22:22: error: expected '=', ',', ';', 'asm' or '__attribute__' before 'universal'
   22 |                not a universal capable compiler
      |                      ^~~~~~~~~
conftest.c:22:22: error: unknown type name 'universal'
configure:5515: $? = 1
configure: failed program was:
| /* confdefs.h */
| #define PACKAGE_NAME "tdbc"
| #define PACKAGE_TARNAME "tdbc"
| #define PACKAGE_VERSION "1.1.12"
| #define PACKAGE_STRING "tdbc 1.1.12"
| #define PACKAGE_BUGREPORT ""
| #define PACKAGE_URL ""
| #define BUILD_tdbc /**/
| #define HAVE_STDIO_H 1
| #define HAVE_STDLIB_H 1
| #define HAVE_STRING_H 1
| #define HAVE_INTTYPES_H 1
| #define HAVE_STDINT_H 1
| #define HAVE_STRINGS_H 1
| #define HAVE_SYS_STAT_H 1
| #define HAVE_SYS_TYPES_H 1
| #define HAVE_UNISTD_H 1
| #define STDC_HEADERS 1
| #define Tcl_Size int
| /* end confdefs.h.  */
| #ifndef __APPLE_CC__
| 	       not a universal capable compiler
| 	     #endif
| 	     typedef int dummy;
| 
configure:5561: gcc -c  -pipe  conftest.c >&5
configure:5561: $? = 0
configure:5580: gcc -c  -pipe  conftest.c >&5
conftest.c: In function 'main':
conftest.c:28:18: error: unknown type name 'not'; did you mean 'ino_t'?
   28 |                  not big endian
      |                  ^~~
      |                  ino_t
conftest.c:28:26: error: expected '=', ',', ';', 'asm' or '__attribute__' before 'endian'
   28 |                  not big endian
      |                          ^~~~~~
configure:5580: $? = 1
configure: failed program was:
| /* confdefs.h */
| #define PACKAGE_NAME "tdbc"
| #define PACKAGE_TARNAME "tdbc"
| #define PACKAGE_VERSION "1.1.12"
| #define PACKAGE_STRING "tdbc 1.1.12"
| #define PACKAGE_BUGREPORT ""
| #define PACKAGE_URL ""
| #define BUILD_tdbc /**/
| #define HAVE_STDIO_H 1
| #define HAVE_STDLIB_H 1
| #define HAVE_STRING_H 1
| #define HAVE_INTTYPES_H 1
| #define HAVE_STDINT_H 1
| #define HAVE_STRINGS_H 1
| #define HAVE_SYS_STAT_H 1
| #define HAVE_SYS_TYPES_H 1
| #define HAVE_UNISTD_H 1
| #define STDC_HEADERS 1
| #define Tcl_Size int
| /* end confdefs.h.  */
| #include <sys/types.h>
| 		#include <sys/param.h>
| 
| int
| main (void)
| {
| #if BYTE_ORDER != BIG_ENDIAN
| 		 not big endian
| 		#endif
| 
|   ;
|   return 0;
| }
configure:5721: result: no
configure:5743: checking for inline
configure:5760: gcc -c  -pipe  conftest.c >&5
configure:5760: $? = 0
configure:5770: result: inline
configure:5942: checking for Tcl public headers
configure:6016: result: /src/third_party/tcl-8.6.17/generic
configure:6079: checking for pthread_mutex_init in -lpthread
configure:6108: gcc -o conftest  -pipe   conftest.c -lpthread   >&5
configure:6108: $? = 0
configure:6120: result: yes
configure:6367: checking for building with threads
configure:6373: result: yes (default)
configure:6402: checking how to build libraries
configure:6440: result: shared
configure:6530: checking for ranlib
configure:6563: result: ranlib
configure:6590: checking if 64bit support is requested
configure:6601: result: no
configure:6606: checking if 64bit Sparc VIS support is requested
configure:6617: result: no
configure:6628: checking if compiler supports visibility "hidden"
configure:6649: gcc -o conftest  -pipe -Werror   conftest.c  >&5
configure:6649: $? = 0
configure:6661: result: yes
configure:6677: checking if rpath support is requested
configure:6688: result: yes
configure:6695: checking system version
configure:6723: result: Linux-6.12.76-linuxkit
configure:6811: checking for ar
configure:6832: found /usr/bin/ar
configure:6844: result: ar
configure:8623: checking for cast to union support
configure:8643: gcc -c  -pipe  conftest.c >&5
configure:8643: $? = 0
configure:8654: result: yes
configure:8662: checking for stdbool.h
configure:8662: gcc -c  -pipe  conftest.c >&5
configure:8662: $? = 0
configure:8662: result: yes
configure:8688: checking for required early compiler flags
configure:8707: gcc -c  -pipe  conftest.c >&5
configure:8707: $? = 0
configure:8800: result: none
configure:8808: checking for 64-bit integer type
configure:8828: gcc -c  -pipe  conftest.c >&5
conftest.c: In function 'main':
conftest.c:35:1: error: unknown type name '__int64'
   35 | __int64 value = (__int64) 0;
      | ^~~~~~~
conftest.c:35:18: error: '__int64' undeclared (first use in this function)
   35 | __int64 value = (__int64) 0;
      |                  ^~~~~~~
conftest.c:35:18: note: each undeclared identifier is reported only once for each function it appears in
conftest.c:35:27: error: expected ',' or ';' before numeric constant
   35 | __int64 value = (__int64) 0;
      |                           ^
configure:8828: $? = 1
configure: failed program was:
| /* confdefs.h */
| #define PACKAGE_NAME "tdbc"
| #define PACKAGE_TARNAME "tdbc"
| #define PACKAGE_VERSION "1.1.12"
| #define PACKAGE_STRING "tdbc 1.1.12"
| #define PACKAGE_BUGREPORT ""
| #define PACKAGE_URL ""
| #define BUILD_tdbc /**/
| #define HAVE_STDIO_H 1
| #define HAVE_STDLIB_H 1
| #define HAVE_STRING_H 1
| #define HAVE_INTTYPES_H 1
| #define HAVE_STDINT_H 1
| #define HAVE_STRINGS_H 1
| #define HAVE_SYS_STAT_H 1
| #define HAVE_SYS_TYPES_H 1
| #define HAVE_UNISTD_H 1
| #define STDC_HEADERS 1
| #define Tcl_Size int
| #define USE_THREAD_ALLOC 1
| #define _REENTRANT 1
| #define _THREAD_SAFE 1
| #define TCL_THREADS 1
| #define USE_TCL_STUBS 1
| #define USE_TCLOO_STUBS 1
| #define MODULE_SCOPE extern __attribute__((__visibility__("hidden")))
| #define HAVE_HIDDEN 1
| #define HAVE_CAST_TO_UNION 1
| #define HAVE_STDBOOL_H 1
| /* end confdefs.h.  */
| 
| int
| main (void)
| {
| __int64 value = (__int64) 0;
|   ;
|   return 0;
| }
configure:8852: gcc -c  -pipe  conftest.c >&5
configure:8852: $? = 0
configure:8876: result: long long
configure:8953: checking for struct dirent64
configure:8972: gcc -c  -pipe  conftest.c >&5
conftest.c: In function 'main':
conftest.c:37:17: error: storage size of 'p' isn't known
   37 | struct dirent64 p;
      |                 ^
configure:8972: $? = 1
configure: failed program was:
| /* confdefs.h */
| #define PACKAGE_NAME "tdbc"
| #define PACKAGE_TARNAME "tdbc"
| #define PACKAGE_VERSION "1.1.12"
| #define PACKAGE_STRING "tdbc 1.1.12"
| #define PACKAGE_BUGREPORT ""
| #define PACKAGE_URL ""
| #define BUILD_tdbc /**/
| #define HAVE_STDIO_H 1
| #define HAVE_STDLIB_H 1
| #define HAVE_STRING_H 1
| #define HAVE_INTTYPES_H 1
| #define HAVE_STDINT_H 1
| #define HAVE_STRINGS_H 1
| #define HAVE_SYS_STAT_H 1
| #define HAVE_SYS_TYPES_H 1
| #define HAVE_UNISTD_H 1
| #define STDC_HEADERS 1
| #define Tcl_Size int
| #define USE_THREAD_ALLOC 1
| #define _REENTRANT 1
| #define _THREAD_SAFE 1
| #define TCL_THREADS 1
| #define USE_TCL_STUBS 1
| #define USE_TCLOO_STUBS 1
| #define MODULE_SCOPE extern __attribute__((__visibility__("hidden")))
| #define HAVE_HIDDEN 1
| #define HAVE_CAST_TO_UNION 1
| #define HAVE_STDBOOL_H 1
| #define TCL_WIDE_INT_TYPE long long
| /* end confdefs.h.  */
| #include <sys/types.h>
| #include <dirent.h>
| int
| main (void)
| {
| struct dirent64 p;
|   ;
|   return 0;
| }
configure:8982: result: no
configure:8990: checking for DIR64
configure:9010: gcc -c  -pipe  conftest.c >&5
conftest.c: In function 'main':
conftest.c:37:21: error: unknown type name 'DIR64'; did you mean 'DIR'?
   37 | struct dirent64 *p; DIR64 d = opendir64(".");
      |                     ^~~~~
      |                     DIR
conftest.c:37:31: error: implicit declaration of function 'opendir64'; did you mean 'opendir'? [-Wimplicit-function-declaration]
   37 | struct dirent64 *p; DIR64 d = opendir64(".");
      |                               ^~~~~~~~~
      |                               opendir
conftest.c:38:17: error: implicit declaration of function 'readdir64'; did you mean 'readdir_r'? [-Wimplicit-function-declaration]
   38 |             p = readdir64(d); rewinddir64(d); closedir64(d);
      |                 ^~~~~~~~~
      |                 readdir_r
conftest.c:38:15: error: assignment to 'struct dirent64 *' from 'int' makes pointer from integer without a cast [-Wint-conversion]
   38 |             p = readdir64(d); rewinddir64(d); closedir64(d);
      |               ^
conftest.c:38:31: error: implicit declaration of function 'rewinddir64'; did you mean 'rewinddir'? [-Wimplicit-function-declaration]
   38 |             p = readdir64(d); rewinddir64(d); closedir64(d);
      |                               ^~~~~~~~~~~
      |                               rewinddir
conftest.c:38:47: error: implicit declaration of function 'closedir64'; did you mean 'closedir'? [-Wimplicit-function-declaration]
   38 |             p = readdir64(d); rewinddir64(d); closedir64(d);
      |                                               ^~~~~~~~~~
      |                                               closedir
configure:9010: $? = 1
configure: failed program was:
| /* confdefs.h */
| #define PACKAGE_NAME "tdbc"
| #define PACKAGE_TARNAME "tdbc"
| #define PACKAGE_VERSION "1.1.12"
| #define PACKAGE_STRING "tdbc 1.1.12"
| #define PACKAGE_BUGREPORT ""
| #define PACKAGE_URL ""
| #define BUILD_tdbc /**/
| #define HAVE_STDIO_H 1
| #define HAVE_STDLIB_H 1
| #define HAVE_STRING_H 1
| #define HAVE_INTTYPES_H 1
| #define HAVE_STDINT_H 1
| #define HAVE_STRINGS_H 1
| #define HAVE_SYS_STAT_H 1
| #define HAVE_SYS_TYPES_H 1
| #define HAVE_UNISTD_H 1
| #define STDC_HEADERS 1
| #define Tcl_Size int
| #define USE_THREAD_ALLOC 1
| #define _REENTRANT 1
| #define _THREAD_SAFE 1
| #define TCL_THREADS 1
| #define USE_TCL_STUBS 1
| #define USE_TCLOO_STUBS 1
| #define MODULE_SCOPE extern __attribute__((__visibility__("hidden")))
| #define HAVE_HIDDEN 1
| #define HAVE_CAST_TO_UNION 1
| #define HAVE_STDBOOL_H 1
| #define TCL_WIDE_INT_TYPE long long
| /* end confdefs.h.  */
| #include <sys/types.h>
| #include <dirent.h>
| int
| main (void)
| {
| struct dirent64 *p; DIR64 d = opendir64(".");
| 	    p = readdir64(d); rewinddir64(d); closedir64(d);
|   ;
|   return 0;
| }
configure:9020: result: no
configure:9028: checking for struct stat64
configure:9047: gcc -c  -pipe  conftest.c >&5
conftest.c: In function 'main':
conftest.c:36:15: error: storage size of 'p' isn't known
   36 | struct stat64 p;
      |               ^
configure:9047: $? = 1
configure: failed program was:
| /* confdefs.h */
| #define PACKAGE_NAME "tdbc"
| #define PACKAGE_TARNAME "tdbc"
| #define PACKAGE_VERSION "1.1.12"
| #define PACKAGE_STRING "tdbc 1.1.12"
| #define PACKAGE_BUGREPORT ""
| #define PACKAGE_URL ""
| #define BUILD_tdbc /**/
| #define HAVE_STDIO_H 1
| #define HAVE_STDLIB_H 1
| #define HAVE_STRING_H 1
| #define HAVE_INTTYPES_H 1
| #define HAVE_STDINT_H 1
| #define HAVE_STRINGS_H 1
| #define HAVE_SYS_STAT_H 1
| #define HAVE_SYS_TYPES_H 1
| #define HAVE_UNISTD_H 1
| #define STDC_HEADERS 1
| #define Tcl_Size int
| #define USE_THREAD_ALLOC 1
| #define _REENTRANT 1
| #define _THREAD_SAFE 1
| #define TCL_THREADS 1
| #define USE_TCL_STUBS 1
| #define USE_TCLOO_STUBS 1
| #define MODULE_SCOPE extern __attribute__((__visibility__("hidden")))
| #define HAVE_HIDDEN 1
| #define HAVE_CAST_TO_UNION 1
| #define HAVE_STDBOOL_H 1
| #define TCL_WIDE_INT_TYPE long long
| /* end confdefs.h.  */
| #include <sys/stat.h>
| int
| main (void)
| {
| struct stat64 p;
| 
|   ;
|   return 0;
| }
configure:9057: result: no
configure:9065: checking for open64
configure:9065: gcc -o conftest  -pipe   -Wl,--export-dynamic  conftest.c  >&5
/usr/lib/gcc/i586-alpine-linux-musl/15.2.0/../../../../i586-alpine-linux-musl/bin/ld: /tmp/ccLCnaAf.o: in function `main':
conftest.c:(.text+0x14): undefined reference to `open64'
collect2: error: ld returned 1 exit status
configure:9065: $? = 1
configure: failed program was:
| /* confdefs.h */
| #define PACKAGE_NAME "tdbc"
| #define PACKAGE_TARNAME "tdbc"
| #define PACKAGE_VERSION "1.1.12"
| #define PACKAGE_STRING "tdbc 1.1.12"
| #define PACKAGE_BUGREPORT ""
| #define PACKAGE_URL ""
| #define BUILD_tdbc /**/
| #define HAVE_STDIO_H 1
| #define HAVE_STDLIB_H 1
| #define HAVE_STRING_H 1
| #define HAVE_INTTYPES_H 1
| #define HAVE_STDINT_H 1
| #define HAVE_STRINGS_H 1
| #define HAVE_SYS_STAT_H 1
| #define HAVE_SYS_TYPES_H 1
| #define HAVE_UNISTD_H 1
| #define STDC_HEADERS 1
| #define Tcl_Size int
| #define USE_THREAD_ALLOC 1
| #define _REENTRANT 1
| #define _THREAD_SAFE 1
| #define TCL_THREADS 1
| #define USE_TCL_STUBS 1
| #define USE_TCLOO_STUBS 1
| #define MODULE_SCOPE extern __attribute__((__visibility__("hidden")))
| #define HAVE_HIDDEN 1
| #define HAVE_CAST_TO_UNION 1
| #define HAVE_STDBOOL_H 1
| #define TCL_WIDE_INT_TYPE long long
| /* end confdefs.h.  */
| /* Define open64 to an innocuous variant, in case <limits.h> declares open64.
|    For example, HP-UX 11i <limits.h> declares gettimeofday.  */
| #define open64 innocuous_open64
| 
| /* System header to define __stub macros and hopefully few prototypes,
|    which can conflict with char open64 (void); below.  */
| 
| #include <limits.h>
| #undef open64
| 
| /* Override any GCC internal prototype to avoid an error.
|    Use char because int might match the return type of a GCC
|    builtin and then its argument prototype would still apply.  */
| #ifdef __cplusplus
| extern "C"
| #endif
| char open64 (void);
| /* The GNU C library defines this for functions which it implements
|     to always fail with ENOSYS.  Some functions are actually named
|     something starting with __ and the normal name is an alias.  */
| #if defined __stub_open64 || defined __stub___open64
| choke me
| #endif
| 
| int
| main (void)
| {
| return open64 ();
|   ;
|   return 0;
| }
configure:9065: result: no
configure:9071: checking for lseek64
configure:9071: gcc -o conftest  -pipe   -Wl,--export-dynamic  conftest.c  >&5
/usr/lib/gcc/i586-alpine-linux-musl/15.2.0/../../../../i586-alpine-linux-musl/bin/ld: /tmp/ccJfhHLD.o: in function `main':
conftest.c:(.text+0x14): undefined reference to `lseek64'
collect2: error: ld returned 1 exit status
configure:9071: $? = 1
configure: failed program was:
| /* confdefs.h */
| #define PACKAGE_NAME "tdbc"
| #define PACKAGE_TARNAME "tdbc"
| #define PACKAGE_VERSION "1.1.12"
| #define PACKAGE_STRING "tdbc 1.1.12"
| #define PACKAGE_BUGREPORT ""
| #define PACKAGE_URL ""
| #define BUILD_tdbc /**/
| #define HAVE_STDIO_H 1
| #define HAVE_STDLIB_H 1
| #define HAVE_STRING_H 1
| #define HAVE_INTTYPES_H 1
| #define HAVE_STDINT_H 1
| #define HAVE_STRINGS_H 1
| #define HAVE_SYS_STAT_H 1
| #define HAVE_SYS_TYPES_H 1
| #define HAVE_UNISTD_H 1
| #define STDC_HEADERS 1
| #define Tcl_Size int
| #define USE_THREAD_ALLOC 1
| #define _REENTRANT 1
| #define _THREAD_SAFE 1
| #define TCL_THREADS 1
| #define USE_TCL_STUBS 1
| #define USE_TCLOO_STUBS 1
| #define MODULE_SCOPE extern __attribute__((__visibility__("hidden")))
| #define HAVE_HIDDEN 1
| #define HAVE_CAST_TO_UNION 1
| #define HAVE_STDBOOL_H 1
| #define TCL_WIDE_INT_TYPE long long
| /* end confdefs.h.  */
| /* Define lseek64 to an innocuous variant, in case <limits.h> declares lseek64.
|    For example, HP-UX 11i <limits.h> declares gettimeofday.  */
| #define lseek64 innocuous_lseek64
| 
| /* System header to define __stub macros and hopefully few prototypes,
|    which can conflict with char lseek64 (void); below.  */
| 
| #include <limits.h>
| #undef lseek64
| 
| /* Override any GCC internal prototype to avoid an error.
|    Use char because int might match the return type of a GCC
|    builtin and then its argument prototype would still apply.  */
| #ifdef __cplusplus
| extern "C"
| #endif
| char lseek64 (void);
| /* The GNU C library defines this for functions which it implements
|     to always fail with ENOSYS.  Some functions are actually named
|     something starting with __ and the normal name is an alias.  */
| #if defined __stub_lseek64 || defined __stub___lseek64
| choke me
| #endif
| 
| int
| main (void)
| {
| return lseek64 ();
|   ;
|   return 0;
| }
configure:9071: result: no
configure:9078: checking for off64_t
configure:9097: gcc -c  -pipe  conftest.c >&5
conftest.c: In function 'main':
conftest.c:36:1: error: unknown type name 'off64_t'; did you mean 'off_t'?
   36 | off64_t offset;
      | ^~~~~~~
      | off_t
configure:9097: $? = 1
configure: failed program was:
| /* confdefs.h */
| #define PACKAGE_NAME "tdbc"
| #define PACKAGE_TARNAME "tdbc"
| #define PACKAGE_VERSION "1.1.12"
| #define PACKAGE_STRING "tdbc 1.1.12"
| #define PACKAGE_BUGREPORT ""
| #define PACKAGE_URL ""
| #define BUILD_tdbc /**/
| #define HAVE_STDIO_H 1
| #define HAVE_STDLIB_H 1
| #define HAVE_STRING_H 1
| #define HAVE_INTTYPES_H 1
| #define HAVE_STDINT_H 1
| #define HAVE_STRINGS_H 1
| #define HAVE_SYS_STAT_H 1
| #define HAVE_SYS_TYPES_H 1
| #define HAVE_UNISTD_H 1
| #define STDC_HEADERS 1
| #define Tcl_Size int
| #define USE_THREAD_ALLOC 1
| #define _REENTRANT 1
| #define _THREAD_SAFE 1
| #define TCL_THREADS 1
| #define USE_TCL_STUBS 1
| #define USE_TCLOO_STUBS 1
| #define MODULE_SCOPE extern __attribute__((__visibility__("hidden")))
| #define HAVE_HIDDEN 1
| #define HAVE_CAST_TO_UNION 1
| #define HAVE_STDBOOL_H 1
| #define TCL_WIDE_INT_TYPE long long
| /* end confdefs.h.  */
| #include <sys/types.h>
| int
| main (void)
| {
| off64_t offset;
| 
|   ;
|   return 0;
| }
configure:9117: result: no
configure:9130: checking for build with symbols
configure:9144: result: no
configure:9184: checking for egrep -e
configure:9314: result: /bin/grep -E
configure:9507: checking for tclsh
configure:9542: result: /src/third_party/tcl-8.6.17/unix/tclsh
configure:9769: creating ./config.status

## ---------------------- ##
## Running config.status. ##
## ---------------------- ##

This file was extended by tdbc config.status 1.1.12, which was
generated by GNU Autoconf 2.72.  Invocation command line was

  CONFIG_FILES    = 
  CONFIG_HEADERS  = 
  CONFIG_LINKS    = 
  CONFIG_COMMANDS = 
  $ ./config.status 

on 70f4bd37f537

config.status:823: creating Makefile
config.status:823: creating pkgIndex.tcl
config.status:823: creating tdbcConfig.sh
configure:10770: WARNING: unrecognized options: --with-system-sqlite

## ---------------- ##
## Cache variables. ##
## ---------------- ##

ac_cv_c_bigendian='no'
ac_cv_c_compiler_gnu='yes'
ac_cv_c_inline='inline'
ac_cv_c_tclconfig='/src/third_party/tcl-8.6.17/unix'
ac_cv_c_tclh='/src/third_party/tcl-8.6.17/generic'
ac_cv_env_CC_set=''
ac_cv_env_CC_value=''
ac_cv_env_CFLAGS_set=''
ac_cv_env_CFLAGS_value=''
ac_cv_env_CPPFLAGS_set=''
ac_cv_env_CPPFLAGS_value=''
ac_cv_env_CPP_set=''
ac_cv_env_CPP_value=''
ac_cv_env_LDFLAGS_set=''
ac_cv_env_LDFLAGS_value=''
ac_cv_env_LIBS_set=''
ac_cv_env_LIBS_value=''
ac_cv_env_build_alias_set=''
ac_cv_env_build_alias_value=''
ac_cv_env_host_alias_set=''
ac_cv_env_host_alias_value=''
ac_cv_env_target_alias_set=''
ac_cv_env_target_alias_value=''
ac_cv_func_lseek64='no'
ac_cv_func_open64='no'
ac_cv_header_inttypes_h='yes'
ac_cv_header_stdbool_h='yes'
ac_cv_header_stdint_h='yes'
ac_cv_header_stdio_h='yes'
ac_cv_header_stdlib_h='yes'
ac_cv_header_string_h='yes'
ac_cv_header_strings_h='yes'
ac_cv_header_sys_stat_h='yes'
ac_cv_header_sys_types_h='yes'
ac_cv_header_unistd_h='yes'
ac_cv_lib_pthread_pthread_mutex_init='yes'
ac_cv_objext='o'
ac_cv_path_EGREP_TRADITIONAL='/bin/grep -E'
ac_cv_prog_CPP='gcc -E'
ac_cv_prog_ac_ct_AR='ar'
ac_cv_prog_ac_ct_CC='gcc'
ac_cv_prog_ac_ct_RANLIB='ranlib'
ac_cv_prog_cc_c11=''
ac_cv_prog_cc_g='yes'
ac_cv_prog_cc_stdc=''
ac_cv_prog_make_make_set='yes'
tcl_cv_DIR64='no'
tcl_cv_cast_to_union='yes'
tcl_cv_cc_pipe='yes'
tcl_cv_cc_visibility_hidden='yes'
tcl_cv_flag__isoc99_source='no'
tcl_cv_struct_dirent64='no'
tcl_cv_struct_stat64='no'
tcl_cv_sys_version='Linux-6.12.76-linuxkit'
tcl_cv_type_64bit='long long'
tcl_cv_type_off64_t='no'

## ----------------- ##
## Output variables. ##
## ----------------- ##

AR='ar'
CC='gcc'
CFLAGS=' -pipe ${CFLAGS_DEFAULT} ${CFLAGS_WARNING} ${SHLIB_CFLAGS} '
CFLAGS_DEBUG='-g'
CFLAGS_DEFAULT='-O2 -fomit-frame-pointer -DNDEBUG'
CFLAGS_OPTIMIZE='-O2 -fomit-frame-pointer'
CFLAGS_WARNING='-Wall'
CLEANFILES=''
CPP='gcc -E'
CPPFLAGS=''
CYGPATH='echo'
DEFS='-DPACKAGE_NAME=\"tdbc\" -DPACKAGE_TARNAME=\"tdbc\" -DPACKAGE_VERSION=\"1.1.12\" -DPACKAGE_STRING=\"tdbc\ 1.1.12\" -DPACKAGE_BUGREPORT=\"\" -DPACKAGE_URL=\"\" -DBUILD_tdbc=/\*\*/ -DHAVE_STDIO_H=1 -DHAVE_STDLIB_H=1 -DHAVE_STRING_H=1 -DHAVE_INTTYPES_H=1 -DHAVE_STDINT_H=1 -DHAVE_STRINGS_H=1 -DHAVE_SYS_STAT_H=1 -DHAVE_SYS_TYPES_H=1 -DHAVE_UNISTD_H=1 -DSTDC_HEADERS=1 -DTcl_Size=int -DUSE_THREAD_ALLOC=1 -D_REENTRANT=1 -D_THREAD_SAFE=1 -DTCL_THREADS=1 -DUSE_TCL_STUBS=1 -DUSE_TCLOO_STUBS=1 -DMODULE_SCOPE=extern\ __attribute__\(\(__visibility__\(\"hidden\"\)\)\) -DHAVE_HIDDEN=1 -DHAVE_CAST_TO_UNION=1 -DHAVE_STDBOOL_H=1 -DTCL_WIDE_INT_TYPE=long\ long -DTCL_CFG_OPTIMIZED=1 -DTCL_MAJOR_VERSION=8 -DTK_MAJOR_VERSION=8'
ECHO_C=''
ECHO_N='-n'
ECHO_T=''
EXEEXT=''
INSTALL='$(SHELL) $(srcdir)/tclconfig/install-sh -c'
INSTALL_DATA='${INSTALL} -m 644'
INSTALL_DATA_DIR='${INSTALL} -d -m 755'
INSTALL_LIBRARY='${INSTALL} -m 644'
INSTALL_PROGRAM='${INSTALL} -m 755'
INSTALL_SCRIPT='${INSTALL} -m 755'
LDFLAGS=' -Wl,--export-dynamic '
LDFLAGS_DEBUG=''
LDFLAGS_DEFAULT=''
LDFLAGS_OPTIMIZE=''
LD_LIBRARY_PATH_VAR='LD_LIBRARY_PATH'
LIBOBJS=''
LIBS=''
LTLIBOBJS=''
MAJOR_VERSION=''
MAKE_LIB='${SHLIB_LD} ${LDFLAGS} ${LDFLAGS_DEFAULT} -o $@ $(PKG_OBJECTS) ${SHLIB_LD_LIBS} '
MAKE_SHARED_LIB='${SHLIB_LD} ${LDFLAGS} ${LDFLAGS_DEFAULT} -o $@ $(PKG_OBJECTS) ${SHLIB_LD_LIBS}'
MAKE_STATIC_LIB='${STLIB_LD} $@ $(PKG_OBJECTS)'
MAKE_STUB_LIB='${STLIB_LD} $@ $(PKG_STUB_OBJECTS)'
MINOR_VERSION=''
OBJEXT='o'
PACKAGE_BUGREPORT=''
PACKAGE_NAME='tdbc'
PACKAGE_STRING='tdbc 1.1.12'
PACKAGE_TARNAME='tdbc'
PACKAGE_URL=''
PACKAGE_VERSION='1.1.12'
PATCHLEVEL=''
PATH_SEPARATOR=':'
PKG_CFLAGS=' '
PKG_HEADERS=' generic/tdbc.h generic/tdbcInt.h generic/tdbcDecls.h'
PKG_INCLUDES=''
PKG_LIBS=''
PKG_LIB_FILE8='libtdbc1.1.12.so'
PKG_LIB_FILE9='libtcl9tdbc1.1.12.so'
PKG_LIB_FILE='libtdbc1.1.12.so'
PKG_OBJECTS=' tdbc.o tdbcStubInit.o tdbcTokenize.o'
PKG_SOURCES=' tdbc.c tdbcStubInit.c tdbcTokenize.c'
PKG_STUB_LIB_FILE='libtdbcstub1.1.12.a'
PKG_STUB_OBJECTS=' tdbcStubLib.o'
PKG_STUB_SOURCES=' tdbcStubLib.c'
PKG_TCL_SOURCES=' library/tdbc.tcl'
RANLIB=':'
RANLIB_STUB='ranlib'
RC=''
SET_MAKE=''
SHARED_BUILD='1'
SHELL='/bin/sh'
SHLIB_CFLAGS='-fPIC'
SHLIB_LD='${CC} ${CFLAGS} ${LDFLAGS_DEFAULT} -shared'
SHLIB_LD_LIBS='${LIBS} -L/src/third_party/tcl-8.6.17/unix -ltclstub8.6'
STLIB_LD='${AR} cr'
STUBS_BUILD='1'
TCLOO_VERSION_REQ='1.0'
TCLSH_PROG='/src/third_party/tcl-8.6.17/unix/tclsh'
TCL_BIN_DIR='/src/third_party/tcl-8.6.17/unix'
TCL_DEFS='-DPACKAGE_NAME=\"tcl\" -DPACKAGE_TARNAME=\"tcl\" -DPACKAGE_VERSION=\"8.6\" -DPACKAGE_STRING=\"tcl\ 8.6\" -DPACKAGE_BUGREPORT=\"\" -DSTDC_HEADERS=1 -DHAVE_SYS_TYPES_H=1 -DHAVE_SYS_STAT_H=1 -DHAVE_STDLIB_H=1 -DHAVE_STRING_H=1 -DHAVE_MEMORY_H=1 -DHAVE_STRINGS_H=1 -DHAVE_INTTYPES_H=1 -DHAVE_STDINT_H=1 -DHAVE_UNISTD_H=1 -DHAVE_SYS_PARAM_H=1 -DUSE_THREAD_ALLOC=1 -D_REENTRANT=1 -D_THREAD_SAFE=1 -DHAVE_PTHREAD_ATTR_SETSTACKSIZE=1 -DHAVE_PTHREAD_ATFORK=1 -DTCL_THREADS=1 -DTCL_CFGVAL_ENCODING=\"iso8859-1\" -DHAVE_ZLIB=1 -DMODULE_SCOPE=extern\ __attribute__\(\(__visibility__\(\"hidden\"\)\)\) -DHAVE_HIDDEN=1 -DHAVE_CAST_TO_UNION=1 -DHAVE_VFORK=1 -DHAVE_POSIX_SPAWNP=1 -DHAVE_POSIX_SPAWN_FILE_ACTIONS_ADDDUP2=1 -DHAVE_POSIX_SPAWNATTR_SETFLAGS=1 -DTCL_SHLIB_EXT=\".so\" -DNDEBUG=1 -DTCL_CFG_OPTIMIZED=1 -DMP_PREC=4 -D_LARGEFILE64_SOURCE=1 -DTCL_WIDE_INT_TYPE=long\ long -DHAVE_STRUCT_DIRENT64=1 -DHAVE_STRUCT_STAT64=1 -DHAVE_GETCWD=1 -DHAVE_MKSTEMP=1 -DHAVE_OPENDIR=1 -DHAVE_STRTOL=1 -DHAVE_WAITPID=1 -DNO_GETWD=1 -DHAVE_GETNAMEINFO=1 -DHAVE_GETADDRINFO=1 -DHAVE_FREEADDRINFO=1 -DHAVE_GAI_STRERROR=1 -DHAVE_STRUCT_ADDRINFO=1 -DHAVE_STRUCT_IN6_ADDR=1 -DHAVE_STRUCT_SOCKADDR_IN6=1 -DHAVE_STRUCT_SOCKADDR_STORAGE=1 -DHAVE_GETPWUID_R_5=1 -DHAVE_GETPWUID_R=1 -DHAVE_GETPWNAM_R_5=1 -DHAVE_GETPWNAM_R=1 -DHAVE_GETGRGID_R_5=1 -DHAVE_GETGRGID_R=1 -DHAVE_GETGRNAM_R_5=1 -DHAVE_GETGRNAM_R=1 -DHAVE_DECL_GETHOSTBYNAME_R=1 -DHAVE_GETHOSTBYNAME_R_6=1 -DHAVE_GETHOSTBYNAME_R=1 -DHAVE_DECL_GETHOSTBYADDR_R=1 -DHAVE_GETHOSTBYADDR_R_8=1 -DHAVE_GETHOSTBYADDR_R=1 -DHAVE_TERMIOS_H=1 -DHAVE_SYS_IOCTL_H=1 -DHAVE_SYS_TIME_H=1 -DTIME_WITH_SYS_TIME=1 -DHAVE_GMTIME_R=1 -DHAVE_LOCALTIME_R=1 -DHAVE_MKTIME=1 -DHAVE_TM_GMTOFF=1 -DHAVE_TIMEZONE_VAR=1 -DHAVE_STRUCT_STAT_ST_BLOCKS=1 -DHAVE_STRUCT_STAT_ST_BLKSIZE=1 -DHAVE_BLKCNT_T=1 -DHAVE_INTPTR_T=1 -DHAVE_UINTPTR_T=1 -DNO_UNION_WAIT=1 -DHAVE_SIGNED_CHAR=1 -DHAVE_LANGINFO=1 -DHAVE_MKSTEMPS=1 -DHAVE_SYS_IOCTL_H=1 -DTCL_UNLOAD_DLLS=1 -DHAVE_CPUID=1 '
TCL_EXTRA_CFLAGS=' -pipe '
TCL_INCLUDES='-I"/src/third_party/tcl-8.6.17/generic"'
TCL_LD_FLAGS=' -Wl,--export-dynamic '
TCL_LIBS='-ldl -lz  -lpthread '
TCL_LIB_FILE='libtcl8.6.so'
TCL_LIB_FLAG='-ltcl8.6'
TCL_LIB_SPEC='-L/src/third_party/tcl-8.6.17/unix -ltcl8.6'
TCL_PATCH_LEVEL='.17'
TCL_SHLIB_LD_LIBS='${LIBS}'
TCL_SRC_DIR='/src/third_party/tcl-8.6.17'
TCL_STUB_LIB_FILE='libtclstub8.6.a'
TCL_STUB_LIB_FLAG='-ltclstub8.6'
TCL_STUB_LIB_SPEC='-L/src/third_party/tcl-8.6.17/unix -ltclstub8.6'
TCL_THREADS='1'
TCL_VERSION='8.6'
TCL_VERSION_DESIRED='8.6'
TCL_VERSION_REQ='8.5-'
VC_MANIFEST_EMBED_DLL=''
VC_MANIFEST_EMBED_EXE=''
ac_ct_CC='gcc'
bindir='${exec_prefix}/bin'
build_alias=''
datadir='${datarootdir}'
datarootdir='${prefix}/share'
docdir='${datarootdir}/doc/${PACKAGE_TARNAME}'
dvidir='${docdir}'
exec_prefix='/usr'
host_alias=''
htmldir='${docdir}'
includedir='${prefix}/include'
infodir='${datarootdir}/info'
libdir='/usr/lib'
libexecdir='${exec_prefix}/libexec'
localedir='${datarootdir}/locale'
localstatedir='/var'
mandir='/usr/share/man'
oldincludedir='/usr/include'
pdfdir='${docdir}'
prefix='/usr'
program_transform_name='s,x,x,'
psdir='${docdir}'
runstatedir='${localstatedir}/run'
sbindir='${exec_prefix}/sbin'
sharedstatedir='${prefix}/com'
sysconfdir='/etc'
target_alias=''
tcloo_BIN_DIR=''
tcloo_LIB_FILE=''
tcloo_LIB_SPEC=''
tcloo_SRC_DIR=''
tcloo_STUB_LIB_FILE=''
tcloo_STUB_LIB_PATH=''
tcloo_STUB_LIB_SPEC=''
tcloo_VERSION=''
tdbc_BUILD_INCLUDE_SPEC='-I/src/third_party/tcl-8.6.17/pkgs/tdbc1.1.12/generic'
tdbc_BUILD_LIB_SPEC='-L/src/third_party/tcl-8.6.17/unix/pkgs/tdbc1.1.12 -ltdbc1.1.12'
tdbc_BUILD_STUB_LIB_PATH='/src/third_party/tcl-8.6.17/unix/pkgs/tdbc1.1.12/libtdbcstub1.1.12.a'
tdbc_BUILD_STUB_LIB_SPEC='-L/src/third_party/tcl-8.6.17/unix/pkgs/tdbc1.1.12 -ltdbcstub1.1.12'
tdbc_INCLUDE_SPEC='-I/usr/include'
tdbc_LIB_DIR='/usr/lib/tdbc1.1.12'
tdbc_LIB_SPEC='-L/usr/lib/tdbc1.1.12 -ltdbc1.1.12'
tdbc_SRC_DIR='/src/third_party/tcl-8.6.17/pkgs/tdbc1.1.12'
tdbc_STUB_LIB_PATH='/usr/lib/tdbc1.1.12/libtdbcstub1.1.12.a'
tdbc_STUB_LIB_SPEC='-L/usr/lib/tdbc1.1.12 -ltdbcstub1.1.12'

## ----------- ##
## confdefs.h. ##
## ----------- ##

/* confdefs.h */
#define PACKAGE_NAME "tdbc"
#define PACKAGE_TARNAME "tdbc"
#define PACKAGE_VERSION "1.1.12"
#define PACKAGE_STRING "tdbc 1.1.12"
#define PACKAGE_BUGREPORT ""
#define PACKAGE_URL ""
#define BUILD_tdbc /**/
#define HAVE_STDIO_H 1
#define HAVE_STDLIB_H 1
#define HAVE_STRING_H 1
#define HAVE_INTTYPES_H 1
#define HAVE_STDINT_H 1
#define HAVE_STRINGS_H 1
#define HAVE_SYS_STAT_H 1
#define HAVE_SYS_TYPES_H 1
#define HAVE_UNISTD_H 1
#define STDC_HEADERS 1
#define Tcl_Size int
#define USE_THREAD_ALLOC 1
#define _REENTRANT 1
#define _THREAD_SAFE 1
#define TCL_THREADS 1
#define USE_TCL_STUBS 1
#define USE_TCLOO_STUBS 1
#define MODULE_SCOPE extern __attribute__((__visibility__("hidden")))
#define HAVE_HIDDEN 1
#define HAVE_CAST_TO_UNION 1
#define HAVE_STDBOOL_H 1
#define TCL_WIDE_INT_TYPE long long
#define TCL_CFG_OPTIMIZED 1
#define TCL_MAJOR_VERSION 8
#define TK_MAJOR_VERSION 8

configure: exit 0
